05-23 11:59:49.967   902   902 I hwcomposer: [HWCDisplay] setColorTransformForJob ccorr_state=1->0 hint=1 force_disable_color=0 identity=0
05-23 11:59:49.967   902   902 I hwcomposer: [HWCDisplay] [Display_0 (type:1)] fps:0.500212,dur:3998.30,max:3880.72,min:117.59
05-23 11:59:49.967   902  1109 I hwcomposer: [DEV] 1024    0    0    0
05-23 11:59:49.967   902  1109 I hwcomposer: [DEV]    0  813    0    0
05-23 11:59:49.967   902  1109 I hwcomposer: [DEV]    0    0  613    0
05-23 11:59:49.967   902  1109 I hwcomposer: [DEV]    0    0    0 1024
05-23 11:59:49.967   902  1109 I hwcomposer: [DEV] [DEV] color transform: feature_flag=0
05-23 11:59:50.013  5095  6264 W AudioALSACaptureDataProviderNormal: readThread, latency_in_s,0.000002,0.039807,0.000066, totalTime 0.039875 > logTimeout 0.022000 TIMEOUT!!
05-23 11:59:50.073  5095  6264 W AudioALSACaptureDataProviderNormal: readThread, latency_in_s,0.000002,0.039795,0.000066, totalTime 0.039863 > logTimeout 0.022000 TIMEOUT!!
05-23 11:59:50.092   902  1108 I hwcomposer: [HWC] (0)fire a callback of refresh to SF[4]
05-23 11:59:50.109   940   940 I BufferQueueProducer: [FramebufferSurface](this:0xb40000705e4e7410,id:-1,api:1,p:940,c:940) queueBuffer: fps=0.25 dur=4023.36 max=4023.36 min=4023.36
05-23 11:59:50.109   902   902 I hwcomposer: [HWCDisplay] setColorTransformForJob ccorr_state=0->1 hint=0 force_disable_color=1 identity=1
05-23 11:59:50.110   902  1109 I hwcomposer: [DEV] [DEV] (Send identity matrix)
05-23 11:59:50.153  5095  6264 W AudioALSACaptureDataProviderNormal: readThread, latency_in_s,0.000002,0.039792,0.000069, totalTime 0.039863 > logTimeout 0.022000 TIMEOUT!!
05-23 11:59:50.233  5095  6264 W AudioALSACaptureDataProviderNormal: readThread, latency_in_s,0.000002,0.039819,0.000071, totalTime 0.039892 > logTimeout 0.022000 TIMEOUT!!
05-23 11:59:50.293  5095  6264 W AudioALSACaptureDataProviderNormal: readThread, latency_in_s,0.000002,0.039837,0.000072, totalTime 0.039911 > logTimeout 0.022000 TIMEOUT!!
05-23 11:59:50.333  5095  6264 W AudioALSACaptureDataProviderNormal: readThread, latency_in_s,0.000001,0.039565,0.000058, totalTime 0.039624 > logTimeout 0.022000 TIMEOUT!!
05-23 11:59:50.413  5095  6264 W AudioALSACaptureDataProviderNormal: readThread, latency_in_s,0.000002,0.039798,0.000073, totalTime 0.039872 > logTimeout 0.022000 TIMEOUT!!
05-23 11:59:50.453  5095  6264 W AudioALSACaptureDataProviderNormal: readThread, latency_in_s,0.000001,0.039609,0.000063, totalTime 0.039673 > logTimeout 0.022000 TIMEOUT!!
05-23 11:59:50.493  5095  6264 W AudioALSACaptureDataProviderNormal: readThread, latency_in_s,0.000001,0.039649,0.000083, totalTime 0.039733 > logTimeout 0.022000 TIMEOUT!!
05-23 11:59:50.533  5095  6264 W AudioALSACaptureDataProviderNormal: readThread, latency_in_s,0.000001,0.039635,0.000062, totalTime 0.039698 > logTimeout 0.022000 TIMEOUT!!
05-23 11:59:50.593  5095  6264 W AudioALSACaptureDataProviderNormal: readThread, latency_in_s,0.000002,0.039824,0.000066, totalTime 0.039893 > logTimeout 0.022000 TIMEOUT!!
05-23 11:59:50.597  5662  5805 I hct_signal: getCdmaLevel--cdmaDbm = 2147483647
05-23 11:59:50.597  5662  5805 I hct_signal: getEvdoLevel -- evdoDbm = 2147483647
05-23 11:59:50.597  5662  5805 I hct_signal: getCdmaLevel--cdmaDbm = 2147483647
05-23 11:59:50.598  5662  5662 I hct_signal: getCdmaLevel--cdmaDbm = 2147483647
05-23 11:59:50.598  5662  5662 I hct_signal: getEvdoLevel -- evdoDbm = 2147483647
05-23 11:59:50.598  5662  5662 I hct_signal: getCdmaLevel--cdmaDbm = 2147483647
05-23 11:59:50.653  5095  6264 W AudioALSACaptureDataProviderNormal: readThread, latency_in_s,0.000002,0.039753,0.000068, totalTime 0.039824 > logTimeout 0.022000 TIMEOUT!!
05-23 11:59:50.693  5095  6264 W AudioALSACaptureDataProviderNormal: readThread, latency_in_s,0.000001,0.039614,0.000070, totalTime 0.039685 > logTimeout 0.022000 TIMEOUT!!
05-23 11:59:50.753  5095  6264 W AudioALSACaptureDataProviderNormal: readThread, latency_in_s,0.000002,0.039802,0.000071, totalTime 0.039876 > logTimeout 0.022000 TIMEOUT!!
05-23 11:59:50.793  5095  6264 W AudioALSACaptureDataProviderNormal: readThread, latency_in_s,0.000001,0.039645,0.000071, totalTime 0.039717 > logTimeout 0.022000 TIMEOUT!!
05-23 11:59:50.833  5095  6264 W AudioALSACaptureDataProviderNormal: readThread, latency_in_s,0.000001,0.039655,0.000071, totalTime 0.039727 > logTimeout 0.022000 TIMEOUT!!
05-23 11:59:50.873  5095  6264 W AudioALSACaptureDataProviderNormal: readThread, latency_in_s,0.000001,0.039673,0.000073, totalTime 0.039747 > logTimeout 0.022000 TIMEOUT!!
05-23 11:59:50.933  5095  6264 W AudioALSACaptureDataProviderNormal: readThread, latency_in_s,0.000002,0.039685,0.000063, totalTime 0.039751 > logTimeout 0.022000 TIMEOUT!!
05-23 11:59:50.978   940   940 I BufferQueueProducer: [StatusBar#233](this:0xb4000070ae69bb90,id:-1,api:0,p:-1,c:940) queueBuffer: fps=0.99 dur=1013.16 max=1013.16 min=1013.16
05-23 11:59:50.980   902   902 I hwcomposer: [HWCDisplay] setColorTransformForJob ccorr_state=1->0 hint=1 force_disable_color=0 identity=0
05-23 11:59:50.980   902   902 I hwcomposer: [HWCDisplay] [Display_0 (type:1)] fps:1.973655,dur:1013.35,max:870.62,min:142.73
05-23 11:59:50.981   902  1109 I hwcomposer: [DEV] 1024    0    0    0
05-23 11:59:50.981   902  1109 I hwcomposer: [DEV]    0  813    0    0
05-23 11:59:50.981   902  1109 I hwcomposer: [DEV]    0    0  613    0
05-23 11:59:50.981   902  1109 I hwcomposer: [DEV]    0    0    0 1024
05-23 11:59:50.981   902  1109 I hwcomposer: [DEV] [DEV] color transform: feature_flag=0
05-23 11:59:50.993  5095  6264 W AudioALSACaptureDataProviderNormal: readThread, latency_in_s,0.000002,0.039764,0.000062, totalTime 0.039828 > logTimeout 0.022000 TIMEOUT!!
05-23 11:59:51.033  5095  6264 W AudioALSACaptureDataProviderNormal: readThread, latency_in_s,0.000001,0.039674,0.000066, totalTime 0.039742 > logTimeout 0.022000 TIMEOUT!!
05-23 11:59:51.080   902  1108 I hwcomposer: [HWC] (0)fire a callback of refresh to SF[4]
05-23 11:59:51.093  5095  6264 W AudioALSACaptureDataProviderNormal: readThread, latency_in_s,0.000002,0.039802,0.000066, totalTime 0.039870 > logTimeout 0.022000 TIMEOUT!!
05-23 11:59:51.099   902   902 I hwcomposer: [HWCDisplay] setColorTransformForJob ccorr_state=0->1 hint=0 force_disable_color=1 identity=1
05-23 11:59:51.099   902  1109 I hwcomposer: [DEV] [DEV] (Send identity matrix)
05-23 11:59:51.153  5095  6264 W AudioALSACaptureDataProviderNormal: readThread, latency_in_s,0.000002,0.039784,0.000059, totalTime 0.039845 > logTimeout 0.022000 TIMEOUT!!
05-23 11:59:51.213  5095  6264 W AudioALSACaptureDataProviderNormal: readThread, latency_in_s,0.000002,0.039799,0.000069, totalTime 0.039870 > logTimeout 0.022000 TIMEOUT!!
05-23 11:59:51.273  5095  6264 W AudioALSACaptureDataProviderNormal: readThread, latency_in_s,0.000002,0.039753,0.000068, totalTime 0.039823 > logTimeout 0.022000 TIMEOUT!!
05-23 11:59:51.313  5095  6264 W AudioALSACaptureDataProviderNormal: readThread, latency_in_s,0.000001,0.039649,0.000063, totalTime 0.039713 > logTimeout 0.022000 TIMEOUT!!
05-23 11:59:51.373  5095  6264 W AudioALSACaptureDataProviderNormal: readThread, latency_in_s,0.000002,0.039780,0.000066, totalTime 0.039847 > logTimeout 0.022000 TIMEOUT!!
05-23 11:59:51.413  5095  6264 W AudioALSACaptureDataProviderNormal: readThread, latency_in_s,0.000001,0.039717,0.000068, totalTime 0.039786 > logTimeout 0.022000 TIMEOUT!!
05-23 11:59:51.453  5095  6264 W AudioALSACaptureDataProviderNormal: readThread, latency_in_s,0.000001,0.039653,0.000065, totalTime 0.039720 > logTimeout 0.022000 TIMEOUT!!
05-23 11:59:51.493  5095  6264 W AudioALSACaptureDataProviderNormal: readThread, latency_in_s,0.000001,0.039684,0.000076, totalTime 0.039761 > logTimeout 0.022000 TIMEOUT!!
05-23 11:59:51.533  5095  6264 W AudioALSACaptureDataProviderNormal: readThread, latency_in_s,0.000001,0.039666,0.000073, totalTime 0.039741 > logTimeout 0.022000 TIMEOUT!!
05-23 11:59:51.633  5095  6264 W AudioALSACaptureDataProviderNormal: readThread, latency_in_s,0.000002,0.039877,0.000066, totalTime 0.039944 > logTimeout 0.022000 TIMEOUT!!
05-23 11:59:51.673  5095  6264 W AudioALSACaptureDataProviderNormal: readThread, latency_in_s,0.000001,0.039584,0.000072, totalTime 0.039658 > logTimeout 0.022000 TIMEOUT!!
05-23 11:59:51.713  5095  6264 W AudioALSACaptureDataProviderNormal: readThread, latency_in_s,0.000001,0.039604,0.000066, totalTime 0.039671 > logTimeout 0.022000 TIMEOUT!!
05-23 11:59:51.715  5662  5805 I hct_signal: getCdmaLevel--cdmaDbm = 2147483647
05-23 11:59:51.715  5662  5805 I hct_signal: getEvdoLevel -- evdoDbm = 2147483647
05-23 11:59:51.715  5662  5805 I hct_signal: getCdmaLevel--cdmaDbm = 2147483647
05-23 11:59:51.716  5662  5662 I hct_signal: getCdmaLevel--cdmaDbm = 2147483647
05-23 11:59:51.716  5662  5662 I hct_signal: getEvdoLevel -- evdoDbm = 2147483647
05-23 11:59:51.716  5662  5662 I hct_signal: getCdmaLevel--cdmaDbm = 2147483647
05-23 11:59:51.753  5095  6264 W AudioALSACaptureDataProviderNormal: readThread, latency_in_s,0.000001,0.039678,0.000056, totalTime 0.039735 > logTimeout 0.022000 TIMEOUT!!
05-23 11:59:51.793  5095  6264 W AudioALSACaptureDataProviderNormal: readThread, latency_in_s,0.000001,0.039633,0.000045, totalTime 0.039678 > logTimeout 0.022000 TIMEOUT!!
05-23 11:59:51.833  5095  6264 W AudioALSACaptureDataProviderNormal: readThread, latency_in_s,0.000001,0.039735,0.000050, totalTime 0.039786 > logTimeout 0.022000 TIMEOUT!!
05-23 11:59:51.873  5095  6264 W AudioALSACaptureDataProviderNormal: readThread, latency_in_s,0.000001,0.039684,0.000046, totalTime 0.039730 > logTimeout 0.022000 TIMEOUT!!
05-23 11:59:51.913  5095  6264 W AudioALSACaptureDataProviderNormal: readThread, latency_in_s,0.000001,0.039693,0.000055, totalTime 0.039748 > logTimeout 0.022000 TIMEOUT!!
05-23 11:59:51.953  5095  6264 W AudioALSACaptureDataProviderNormal: readThread, latency_in_s,0.000001,0.039690,0.000052, totalTime 0.039743 > logTimeout 0.022000 TIMEOUT!!
05-23 11:59:52.033  5095  6264 W AudioALSACaptureDataProviderNormal: readThread, latency_in_s,0.000002,0.039826,0.000057, totalTime 0.039885 > logTimeout 0.022000 TIMEOUT!!
05-23 11:59:52.073  5095  6264 W AudioALSACaptureDataProviderNormal: readThread, latency_in_s,0.000001,0.039689,0.000054, totalTime 0.039744 > logTimeout 0.022000 TIMEOUT!!
05-23 11:59:52.113  5095  6264 W AudioALSACaptureDataProviderNormal: readThread, latency_in_s,0.000001,0.039765,0.000073, totalTime 0.039838 > logTimeout 0.022000 TIMEOUT!!
05-23 11:59:52.153  5095  6264 W AudioALSACaptureDataProviderNormal: readThread, latency_in_s,0.000002,0.039651,0.000073, totalTime 0.039725 > logTimeout 0.022000 TIMEOUT!!
05-23 11:59:52.193  5095  6264 W AudioALSACaptureDataProviderNormal: readThread, latency_in_s,0.000001,0.039594,0.000068, totalTime 0.039663 > logTimeout 0.022000 TIMEOUT!!
05-23 11:59:52.233  5095  6264 W AudioALSACaptureDataProviderNormal: readThread, latency_in_s,0.000001,0.039702,0.000071, totalTime 0.039775 > logTimeout 0.022000 TIMEOUT!!
05-23 11:59:52.273  5095  6264 W AudioALSACaptureDataProviderNormal: readThread, latency_in_s,0.000001,0.039657,0.000070, totalTime 0.039728 > logTimeout 0.022000 TIMEOUT!!
05-23 11:59:52.313  5095  6264 W AudioALSACaptureDataProviderNormal: readThread, latency_in_s,0.000001,0.039607,0.000063, totalTime 0.039670 > logTimeout 0.022000 TIMEOUT!!
05-23 11:59:52.373  5095  6264 W AudioALSACaptureDataProviderNormal: readThread, latency_in_s,0.000002,0.039748,0.000078, totalTime 0.039827 > logTimeout 0.022000 TIMEOUT!!
05-23 11:59:52.413  5095  6264 W AudioALSACaptureDataProviderNormal: readThread, latency_in_s,0.000001,0.039537,0.000070, totalTime 0.039608 > logTimeout 0.022000 TIMEOUT!!
05-23 11:59:52.453  5095  6264 W AudioALSACaptureDataProviderNormal: readThread, latency_in_s,0.000001,0.039645,0.000067, totalTime 0.039713 > logTimeout 0.022000 TIMEOUT!!
05-23 11:59:52.513  5095  6264 W AudioALSACaptureDataProviderNormal: readThread, latency_in_s,0.000002,0.039761,0.000065, totalTime 0.039828 > logTimeout 0.022000 TIMEOUT!!
05-23 11:59:52.542  1213  1213 I thermal_repeater: [recvMdThermalInfo] ret=26, strLen=127,  3, 33, -1, 0, 32767, 9450
05-23 11:59:52.553  5095  6264 W AudioALSACaptureDataProviderNormal: readThread, latency_in_s,0.000001,0.039662,0.000064, totalTime 0.039727 > logTimeout 0.022000 TIMEOUT!!
05-23 11:59:52.593  5095  6264 W AudioALSACaptureDataProviderNormal: readThread, latency_in_s,0.000001,0.039658,0.000061, totalTime 0.039720 > logTimeout 0.022000 TIMEOUT!!
05-23 11:59:52.653  5095  6264 W AudioALSACaptureDataProviderNormal: readThread, latency_in_s,0.000002,0.039843,0.000062, totalTime 0.039907 > logTimeout 0.022000 TIMEOUT!!
05-23 11:59:52.693  5095  6264 W AudioALSACaptureDataProviderNormal: readThread, latency_in_s,0.000001,0.039609,0.000063, totalTime 0.039673 > logTimeout 0.022000 TIMEOUT!!
05-23 11:59:52.733  5095  6264 W AudioALSACaptureDataProviderNormal: readThread, latency_in_s,0.000001,0.039662,0.000063, totalTime 0.039726 > logTimeout 0.022000 TIMEOUT!!
05-23 11:59:52.793  5095  6264 W AudioALSACaptureDataProviderNormal: readThread, latency_in_s,0.000002,0.039810,0.000068, totalTime 0.039880 > logTimeout 0.022000 TIMEOUT!!
05-23 11:59:52.875  5662  5805 I hct_signal: getCdmaLevel--cdmaDbm = 2147483647
05-23 11:59:52.875  5662  5805 I hct_signal: getEvdoLevel -- evdoDbm = 2147483647
05-23 11:59:52.875  5662  5805 I hct_signal: getCdmaLevel--cdmaDbm = 2147483647
05-23 11:59:52.876  5662  5662 I hct_signal: getCdmaLevel--cdmaDbm = 2147483647
05-23 11:59:52.876  5662  5662 I hct_signal: getEvdoLevel -- evdoDbm = 2147483647
05-23 11:59:52.876  5662  5662 I hct_signal: getCdmaLevel--cdmaDbm = 2147483647
05-23 11:59:52.933  5095  6264 W AudioALSACaptureDataProviderNormal: readThread, latency_in_s,0.000002,0.039790,0.000060, totalTime 0.039851 > logTimeout 0.022000 TIMEOUT!!
05-23 11:59:52.973  5095  6264 W AudioALSACaptureDataProviderNormal: readThread, latency_in_s,0.000001,0.039706,0.000057, totalTime 0.039764 > logTimeout 0.022000 TIMEOUT!!
05-23 11:59:52.989   940   940 I BufferQueueProducer: [StatusBar#233](this:0xb4000070ae69bb90,id:-1,api:0,p:-1,c:940) queueBuffer: fps=0.50 dur=2011.50 max=2011.50 min=2011.50
05-23 11:59:52.991   902   902 I hwcomposer: [HWCDisplay] setColorTransformForJob ccorr_state=1->0 hint=1 force_disable_color=0 identity=0
05-23 11:59:52.991   902   902 I hwcomposer: [HWCDisplay] [Display_0 (type:1)] fps:0.994465,dur:2011.13,max:1892.25,min:118.88
05-23 11:59:52.992   902  1109 I hwcomposer: [DEV] 1024    0    0    0
05-23 11:59:52.992   902  1109 I hwcomposer: [DEV]    0  813    0    0
05-23 11:59:52.992   902  1109 I hwcomposer: [DEV]    0    0  613    0
05-23 11:59:52.992   902  1109 I hwcomposer: [DEV]    0    0    0 1024
05-23 11:59:52.992   902  1109 I hwcomposer: [DEV] [DEV] color transform: feature_flag=0
05-23 11:59:53.013  5095  6264 W AudioALSACaptureDataProviderNormal: readThread, latency_in_s,0.000001,0.039636,0.000054, totalTime 0.039690 > logTimeout 0.022000 TIMEOUT!!
05-23 11:59:53.073  5095  6264 W AudioALSACaptureDataProviderNormal: readThread, latency_in_s,0.000002,0.039871,0.000064, totalTime 0.039936 > logTimeout 0.022000 TIMEOUT!!
05-23 11:59:53.092   902  1108 I hwcomposer: [HWC] (0)fire a callback of refresh to SF[4]
05-23 11:59:53.110   940   940 I BufferQueueProducer: [FramebufferSurface](this:0xb40000705e4e7410,id:-1,api:1,p:940,c:940) queueBuffer: fps=0.67 dur=3000.86 max=2011.31 min=989.55
05-23 11:59:53.110   902   902 I hwcomposer: [HWCDisplay] setColorTransformForJob ccorr_state=0->1 hint=0 force_disable_color=1 identity=1
05-23 11:59:53.111   902  1109 I hwcomposer: [DEV] [DEV] (Send identity matrix)
05-23 11:59:53.153  5095  6264 W AudioALSACaptureDataProviderNormal: readThread, latency_in_s,0.000002,0.039822,0.000068, totalTime 0.039891 > logTimeout 0.022000 TIMEOUT!!
05-23 11:59:53.193  5095  6264 W AudioALSACaptureDataProviderNormal: readThread, latency_in_s,0.000001,0.039593,0.000059, totalTime 0.039653 > logTimeout 0.022000 TIMEOUT!!
05-23 11:59:53.253  5095  6264 W AudioALSACaptureDataProviderNormal: readThread, latency_in_s,0.000002,0.039786,0.000063, totalTime 0.039850 > logTimeout 0.022000 TIMEOUT!!
05-23 11:59:53.413  5095  6264 W AudioALSACaptureDataProviderNormal: readThread, latency_in_s,0.000002,0.039798,0.000064, totalTime 0.039864 > logTimeout 0.022000 TIMEOUT!!
05-23 11:59:53.453  5095  6264 W AudioALSACaptureDataProviderNormal: readThread, latency_in_s,0.000001,0.039685,0.000058, totalTime 0.039744 > logTimeout 0.022000 TIMEOUT!!
05-23 11:59:53.493  5095  6264 W AudioALSACaptureDataProviderNormal: readThread, latency_in_s,0.000001,0.039660,0.000063, totalTime 0.039724 > logTimeout 0.022000 TIMEOUT!!
05-23 11:59:53.553  5095  6264 W AudioALSACaptureDataProviderNormal: readThread, latency_in_s,0.000002,0.039795,0.000057, totalTime 0.039853 > logTimeout 0.022000 TIMEOUT!!
05-23 11:59:53.593  5095  6264 W AudioALSACaptureDataProviderNormal: readThread, latency_in_s,0.000001,0.039680,0.000066, totalTime 0.039748 > logTimeout 0.022000 TIMEOUT!!
05-23 11:59:53.633  5095  6264 W AudioALSACaptureDataProviderNormal: readThread, latency_in_s,0.000001,0.039623,0.000062, totalTime 0.039686 > logTimeout 0.022000 TIMEOUT!!
05-23 11:59:53.693  5095  6264 W AudioALSACaptureDataProviderNormal: readThread, latency_in_s,0.000002,0.039852,0.000060, totalTime 0.039914 > logTimeout 0.022000 TIMEOUT!!
05-23 11:59:53.733  5095  6264 W AudioALSACaptureDataProviderNormal: readThread, latency_in_s,0.000001,0.039653,0.000068, totalTime 0.039722 > logTimeout 0.022000 TIMEOUT!!
05-23 11:59:53.773  5095  6264 W AudioALSACaptureDataProviderNormal: readThread, latency_in_s,0.000001,0.039635,0.000064, totalTime 0.039700 > logTimeout 0.022000 TIMEOUT!!
05-23 11:59:53.813  5095  6264 W AudioALSACaptureDataProviderNormal: readThread, latency_in_s,0.000001,0.039664,0.000065, totalTime 0.039730 > logTimeout 0.022000 TIMEOUT!!
05-23 11:59:53.853  5095  6264 W AudioALSACaptureDataProviderNormal: readThread, latency_in_s,0.000001,0.039649,0.000064, totalTime 0.039714 > logTimeout 0.022000 TIMEOUT!!
05-23 11:59:53.933  5095  6264 W AudioALSACaptureDataProviderNormal: readThread, latency_in_s,0.000002,0.039813,0.000066, totalTime 0.039881 > logTimeout 0.022000 TIMEOUT!!
05-23 11:59:53.993  5095  6264 W AudioALSACaptureDataProviderNormal: readThread, latency_in_s,0.000002,0.039790,0.000065, totalTime 0.039858 > logTimeout 0.022000 TIMEOUT!!
05-23 11:59:54.033  5095  6264 W AudioALSACaptureDataProviderNormal: readThread, latency_in_s,0.000001,0.039661,0.000067, totalTime 0.039729 > logTimeout 0.022000 TIMEOUT!!
05-23 11:59:54.073  5095  6264 W AudioALSACaptureDataProviderNormal: readThread, latency_in_s,0.000001,0.039720,0.000071, totalTime 0.039793 > logTimeout 0.022000 TIMEOUT!!
05-23 11:59:54.128 13860 13931 I TensorFlowLite: Loaded native library: tensorflowlite_jni
05-23 11:59:54.133  5095  6264 W AudioALSACaptureDataProviderNormal: readThread, latency_in_s,0.000002,0.039795,0.000065, totalTime 0.039862 > logTimeout 0.022000 TIMEOUT!!
05-23 11:59:54.135 13860 13931 I TensorFlowLite: Didn't load native library: tensorflowlite_jni_gms_client
05-23 11:59:54.136 13860 13931 I TensorFlowLite: Found application TF Lite runtime client in org.tensorflow.lite
05-23 11:59:54.136 13860 13931 I TensorFlowLite: TfLiteRuntime.FROM_APPLICATION_ONLY: Using application TF Lite runtime client from org.tensorflow.lite
05-23 11:59:54.150 13860 13931 I tflite  : Initialized TensorFlow Lite runtime.
05-23 11:59:54.153 13860 13931 W libc    : Access denied finding property "ro.hardware.chipname"
05-23 11:59:54.173  5095  6264 W AudioALSACaptureDataProviderNormal: readThread, latency_in_s,0.000001,0.039729,0.000066, totalTime 0.039796 > logTimeout 0.022000 TIMEOUT!!
05-23 11:59:54.205 13860 15847 E AbstractLogEventBuilder: The provided ProductIdOrigin 3 is not one of the process-level expected values: 1 or 2
05-23 11:59:54.213  5095  6264 W AudioALSACaptureDataProviderNormal: readThread, latency_in_s,0.000001,0.039635,0.000071, totalTime 0.039707 > logTimeout 0.022000 TIMEOUT!!
05-23 11:59:54.293  5095  6264 W AudioALSACaptureDataProviderNormal: readThread, latency_in_s,0.000001,0.039814,0.000071, totalTime 0.039886 > logTimeout 0.022000 TIMEOUT!!
05-23 11:59:54.423 13860 13950 I Finsky  : [121] akzw.a(23): Skipping Gramophone warning due to shell install
05-23 11:59:54.426 13860 15847 E AbstractLogEventBuilder: The provided ProductIdOrigin 3 is not one of the process-level expected values: 1 or 2
05-23 11:59:54.430  5228  6501 I ActivityManager: Killing 14959:com.microsoft.teams/u0a322 (adj 975): empty #17
05-23 11:59:54.437  5228  5263 I libprocessgroup: Successfully killed process cgroup uid 10322 pid 14959 in 5ms
05-23 11:59:54.473  5095  6264 W AudioALSACaptureDataProviderNormal: readThread, latency_in_s,0.000003,0.039845,0.000062, totalTime 0.039910 > logTimeout 0.022000 TIMEOUT!!
05-23 11:59:54.486  5228  6501 I mtkpower_client: [Legacy][PowerHal_Wrap_notifyAppState] com.microsoft.teams/com.microsoft.teams pid=14959 state:3
05-23 11:59:54.486  5228  6501 I game_scn: collectForegroundAppList packName=com.microsoft.teams, actName=com.microsoft.teams, pid=14959, uid=10322, state:DEAD
05-23 11:59:54.486   920  1002 I libPowerHal: [perfNotifyAppState] pack:com.microsoft.teams, act:com.microsoft.teams, state:3, pid:14959, uid:10322, fps:60
05-23 11:59:54.486   920  1002 I libPowerHal: [perfNotifyAppState] pack:com.microsoft.teams, pid:14959, STATE_DEAD
05-23 11:59:54.489  5093  5093 I Zygote  : Process 14959 exited due to signal 9 (Killed)
05-23 11:59:54.513  5095  6264 W AudioALSACaptureDataProviderNormal: readThread, latency_in_s,0.000001,0.039621,0.000045, totalTime 0.039667 > logTimeout 0.022000 TIMEOUT!!
05-23 11:59:54.853  5095  6264 W AudioALSACaptureDataProviderNormal: readThread, latency_in_s,0.000002,0.039753,0.000081, totalTime 0.039835 > logTimeout 0.022000 TIMEOUT!!
05-23 11:59:54.972   940   940 I BufferQueueProducer: [StatusBar#233](this:0xb4000070ae69bb90,id:-1,api:0,p:-1,c:940) queueBuffer: fps=0.50 dur=1982.57 max=1982.57 min=1982.57
05-23 11:59:54.975   902   902 I hwcomposer: [HWCDisplay] setColorTransformForJob ccorr_state=1->0 hint=1 force_disable_color=0 identity=0
05-23 11:59:54.975   902   902 I hwcomposer: [HWCDisplay] [Display_0 (type:1)] fps:1.008163,dur:1983.81,max:1864.69,min:119.11
05-23 11:59:54.976   902  1109 I hwcomposer: [DEV] 1024    0    0    0
05-23 11:59:54.976   902  1109 I hwcomposer: [DEV]    0  813    0    0
05-23 11:59:54.976   902  1109 I hwcomposer: [DEV]    0    0  613    0
05-23 11:59:54.976   902  1109 I hwcomposer: [DEV]    0    0    0 1024
05-23 11:59:54.976   902  1109 I hwcomposer: [DEV] [DEV] color transform: feature_flag=0
05-23 11:59:55.104   902  1108 I hwcomposer: [HWC] (0)fire a callback of refresh to SF[4]
05-23 11:59:55.123   940   940 I BufferQueueProducer: [FramebufferSurface](this:0xb40000705e4e7410,id:-1,api:1,p:940,c:940) queueBuffer: fps=0.50 dur=2012.89 max=2012.89 min=2012.89
05-23 11:59:55.123   902   902 I hwcomposer: [HWCDisplay] setColorTransformForJob ccorr_state=0->1 hint=0 force_disable_color=1 identity=1
05-23 11:59:55.124   902  1109 I hwcomposer: [DEV] [DEV] (Send identity matrix)
05-23 11:59:55.546  5662  5805 I hct_signal: getCdmaLevel--cdmaDbm = 2147483647
05-23 11:59:55.547  5662  5805 I hct_signal: getEvdoLevel -- evdoDbm = 2147483647
05-23 11:59:55.547  5662  5805 I hct_signal: getCdmaLevel--cdmaDbm = 2147483647
05-23 11:59:55.548  5662  5662 I hct_signal: getCdmaLevel--cdmaDbm = 2147483647
05-23 11:59:55.548  5662  5662 I hct_signal: getEvdoLevel -- evdoDbm = 2147483647
05-23 11:59:55.548  5662  5662 I hct_signal: getCdmaLevel--cdmaDbm = 2147483647
05-23 11:59:55.853  5095  6264 W AudioALSACaptureDataProviderNormal: readThread, latency_in_s,0.000002,0.039784,0.000074, totalTime 0.039861 > logTimeout 0.022000 TIMEOUT!!
05-23 11:59:55.897  6306  6780 I BistoHotwordHelper: (REDACTED) getHotwordActive::active query: %s, watch: %s, devices connected: %s
05-23 11:59:56.453  5095  6264 W AudioALSACaptureDataProviderNormal: readThread, latency_in_s,0.000002,0.039821,0.000078, totalTime 0.039901 > logTimeout 0.022000 TIMEOUT!!
05-23 11:59:56.713  5095  6264 W AudioALSACaptureDataProviderNormal: readThread, latency_in_s,0.000002,0.039754,0.000076, totalTime 0.039832 > logTimeout 0.022000 TIMEOUT!!
05-23 11:59:56.793 13860 13860 I Finsky  : [2] acrm.onStartJob(127): SCH: job service start with id 9869.
05-23 11:59:56.803 13860 16280 I Finsky  : [187] las.a(129): SCH: Satisfied jobs for 9869 are: 12-1
05-23 11:59:56.807 13860 16417 I Finsky  : [193] zvf.accept(439): SCH: Job 12-1 starting
05-23 11:59:56.808 13860 13860 I Finsky  : [2] ContentSyncJob.h(9): [ContentSync] job started
05-23 11:59:56.833  5095  6264 W AudioALSACaptureDataProviderNormal: readThread, latency_in_s,0.000002,0.039798,0.000050, totalTime 0.039850 > logTimeout 0.022000 TIMEOUT!!
05-23 11:59:56.873  5095  6264 W AudioALSACaptureDataProviderNormal: readThread, latency_in_s,0.000001,0.039673,0.000047, totalTime 0.039721 > logTimeout 0.022000 TIMEOUT!!
05-23 11:59:56.953  5095  6264 W AudioALSACaptureDataProviderNormal: readThread, latency_in_s,0.000002,0.039682,0.000056, totalTime 0.039739 > logTimeout 0.022000 TIMEOUT!!
05-23 11:59:56.983   940   940 I BufferQueueProducer: [StatusBar#233](this:0xb4000070ae69bb90,id:-1,api:0,p:-1,c:940) queueBuffer: fps=0.50 dur=2011.30 max=2011.30 min=2011.30
05-23 11:59:56.984 13860 16227 I Finsky  : [180] pkt.run(77): Wrote 23 rows to frosting DB
05-23 11:59:56.985   902   902 I hwcomposer: [HWCDisplay] setColorTransformForJob ccorr_state=1->0 hint=1 force_disable_color=0 identity=0
05-23 11:59:56.985   902   902 I hwcomposer: [HWCDisplay] [Display_0 (type:1)] fps:0.995162,dur:2009.72,max:1861.42,min:148.30
05-23 11:59:56.985   902  1109 I hwcomposer: [DEV] 1024    0    0    0
05-23 11:59:56.985   902  1109 I hwcomposer: [DEV]    0  813    0    0
05-23 11:59:56.985   902  1109 I hwcomposer: [DEV]    0    0  613    0
05-23 11:59:56.985   902  1109 I hwcomposer: [DEV]    0    0    0 1024
05-23 11:59:56.985   902  1109 I hwcomposer: [DEV] [DEV] color transform: feature_flag=0
05-23 11:59:56.993  5095  6264 W AudioALSACaptureDataProviderNormal: readThread, latency_in_s,0.000001,0.039667,0.000044, totalTime 0.039712 > logTimeout 0.022000 TIMEOUT!!
05-23 11:59:56.998 13860 16418 W Finsky  : [194] acpr.k(28): SLM: no metadata property com.android.vending.derived.apk.id found for shared library com.google.android.trichromelibrary_535912833:
05-23 11:59:56.998 13860 16418 W Finsky  : [194] acpr.k(28): SLM: no metadata property com.android.vending.sdk.version.patch found for shared library com.google.android.trichromelibrary_535912833:
05-23 11:59:56.999 13860 16418 W Finsky  : [194] acpr.k(28): SLM: no metadata property com.android.vending.derived.apk.id found for shared library com.google.android.trichromelibrary_636717233:
05-23 11:59:56.999 13860 16418 W Finsky  : [194] acpr.k(28): SLM: no metadata property com.android.vending.sdk.version.patch found for shared library com.google.android.trichromelibrary_636717233:
05-23 11:59:57.000 13860 16418 W Finsky  : [194] acpr.k(28): SLM: no metadata property com.android.vending.derived.apk.id found for shared library com.google.android.trichromelibrary_642205333:
05-23 11:59:57.000 13860 16418 W Finsky  : [194] acpr.k(28): SLM: no metadata property com.android.vending.sdk.version.patch found for shared library com.google.android.trichromelibrary_642205333:
05-23 11:59:57.033  5095  6264 W AudioALSACaptureDataProviderNormal: readThread, latency_in_s,0.000001,0.039813,0.000064, totalTime 0.039877 > logTimeout 0.022000 TIMEOUT!!
05-23 11:59:57.073  5095  6264 W AudioALSACaptureDataProviderNormal: readThread, latency_in_s,0.000001,0.039627,0.000048, totalTime 0.039677 > logTimeout 0.022000 TIMEOUT!!
05-23 11:59:57.113  5095  6264 W AudioALSACaptureDataProviderNormal: readThread, latency_in_s,0.000001,0.039793,0.000078, totalTime 0.039872 > logTimeout 0.022000 TIMEOUT!!
05-23 11:59:57.116   902  1108 I hwcomposer: [HWC] (0)fire a callback of refresh to SF[4]
05-23 11:59:57.133   940   940 I BufferQueueProducer: [FramebufferSurface](this:0xb40000705e4e7410,id:-1,api:1,p:940,c:940) queueBuffer: fps=0.50 dur=2009.89 max=2009.89 min=2009.89
05-23 11:59:57.133   902   902 I hwcomposer: [HWCDisplay] setColorTransformForJob ccorr_state=0->1 hint=0 force_disable_color=1 identity=1
05-23 11:59:57.133   902  1109 I hwcomposer: [DEV] [DEV] (Send identity matrix)
05-23 11:59:57.153  5095  6264 W AudioALSACaptureDataProviderNormal: readThread, latency_in_s,0.000001,0.039588,0.000064, totalTime 0.039653 > logTimeout 0.022000 TIMEOUT!!
05-23 11:59:57.193  5095  6264 W AudioALSACaptureDataProviderNormal: readThread, latency_in_s,0.000001,0.039670,0.000051, totalTime 0.039722 > logTimeout 0.022000 TIMEOUT!!
05-23 11:59:57.233  5095  6264 W AudioALSACaptureDataProviderNormal: readThread, latency_in_s,0.000001,0.039671,0.000049, totalTime 0.039721 > logTimeout 0.022000 TIMEOUT!!
05-23 11:59:57.273  5095  6264 W AudioALSACaptureDataProviderNormal: readThread, latency_in_s,0.000001,0.039736,0.000057, totalTime 0.039794 > logTimeout 0.022000 TIMEOUT!!
05-23 11:59:57.300   910   962 W AString : ctor got NULL, using empty string instead
05-23 11:59:57.300   910   962 I Gyroscope: write bias: [0.005747, 0.000363, 0.001692]
05-23 11:59:57.313  5095  6264 W AudioALSACaptureDataProviderNormal: readThread, latency_in_s,0.000001,0.039691,0.000059, totalTime 0.039750 > logTimeout 0.022000 TIMEOUT!!
05-23 11:59:57.353  5095  6264 W AudioALSACaptureDataProviderNormal: readThread, latency_in_s,0.000001,0.039643,0.000050, totalTime 0.039693 > logTimeout 0.022000 TIMEOUT!!
05-23 11:59:57.393  5095  6264 W AudioALSACaptureDataProviderNormal: readThread, latency_in_s,0.000001,0.039703,0.000046, totalTime 0.039750 > logTimeout 0.022000 TIMEOUT!!
05-23 11:59:57.453  5095  6264 W AudioALSACaptureDataProviderNormal: readThread, latency_in_s,0.000002,0.039814,0.000062, totalTime 0.039878 > logTimeout 0.022000 TIMEOUT!!
05-23 11:59:57.493  5095  6264 W AudioALSACaptureDataProviderNormal: readThread, latency_in_s,0.000001,0.039657,0.000062, totalTime 0.039720 > logTimeout 0.022000 TIMEOUT!!
05-23 11:59:57.563  6198  6221 I VoiceInputManagerWrapper: VoiceInputManagerWrapper.shutdownVoiceInternal():140 shutdownVoiceInternal()
05-23 11:59:57.600 13860 16418 W Finsky  : [194] yjn.s(1114): Package com.android.apex.cts.shim not installed
05-23 11:59:57.607 13860 16418 W Finsky  : [194] yjn.s(1114): Package com.android.btservices not installed
05-23 11:59:57.613  5095  6264 W AudioALSACaptureDataProviderNormal: readThread, latency_in_s,0.000002,0.039690,0.000068, totalTime 0.039760 > logTimeout 0.022000 TIMEOUT!!
05-23 11:59:57.625 13860 16418 W Finsky  : [194] yjn.s(1114): Package com.android.i18n not installed
05-23 11:59:57.630 13860 16418 W Finsky  : [194] yjn.s(1114): Package com.android.runtime not installed
05-23 11:59:57.637 13860 16418 W Finsky  : [194] yjn.s(1114): Package com.android.vndk.v31 not installed
05-23 11:59:57.638 13860 16418 W Finsky  : [194] yjn.s(1114): Package com.android.vndk.v33 not installed
05-23 11:59:57.640 13860 16418 W Finsky  : [194] yjn.s(1114): Package com.android.vndk.v30 not installed
05-23 11:59:57.653  5095  6264 W AudioALSACaptureDataProviderNormal: readThread, latency_in_s,0.000001,0.039782,0.000069, totalTime 0.039853 > logTimeout 0.022000 TIMEOUT!!
05-23 11:59:57.693  5095  6264 W AudioALSACaptureDataProviderNormal: readThread, latency_in_s,0.000001,0.039565,0.000067, totalTime 0.039633 > logTimeout 0.022000 TIMEOUT!!
05-23 11:59:57.753  5095  6264 W AudioALSACaptureDataProviderNormal: readThread, latency_in_s,0.000002,0.039845,0.000065, totalTime 0.039911 > logTimeout 0.022000 TIMEOUT!!
05-23 11:59:57.793  5095  6264 W AudioALSACaptureDataProviderNormal: readThread, latency_in_s,0.000001,0.039607,0.000067, totalTime 0.039675 > logTimeout 0.022000 TIMEOUT!!
05-23 11:59:57.833  5095  6264 W AudioALSACaptureDataProviderNormal: readThread, latency_in_s,0.000001,0.039651,0.000065, totalTime 0.039717 > logTimeout 0.022000 TIMEOUT!!
05-23 11:59:57.893  5095  6264 W AudioALSACaptureDataProviderNormal: readThread, latency_in_s,0.000002,0.039799,0.000060, totalTime 0.039861 > logTimeout 0.022000 TIMEOUT!!
05-23 11:59:57.953  5095  6264 W AudioALSACaptureDataProviderNormal: readThread, latency_in_s,0.000002,0.039724,0.000058, totalTime 0.039783 > logTimeout 0.022000 TIMEOUT!!
05-23 11:59:57.965 13860 13902 I Finsky  : [105] lho.f(36): Completed 0 account content syncs with 0 successful.
05-23 11:59:57.966 13860 13860 I Finsky  : [2] ContentSyncJob.a(12): [ContentSync] Installation state replication succeeded.
05-23 11:59:57.966 13860 13860 I Finsky  : [2] acps.r(79): SCH: jobFinished: 12-1. TimeElapsed: 1159ms.
05-23 11:59:57.990 13860 13931 I Finsky  : [112] rbq.accept(66): SCH: Scheduling phonesky job Id: 1-1337, CT: 1716418172465, Constraints: [{ L: 41114352, D: 84314352, C: 1, I: 1, N: 1 }]
05-23 11:59:57.991 13860 13931 I Finsky  : [112] rbq.accept(66): SCH: Scheduling phonesky job Id: 34-1269, CT: 1716334503311, Constraints: [{ L: 604800000, D: 2423670182, C: 1, I: 1, N: 1 }]
05-23 11:59:57.991 13860 13931 I Finsky  : [112] rbq.accept(66): SCH: Scheduling phonesky job Id: 34-1277, CT: 1716334503312, Constraints: [{ L: 604800000, D: 2509924384, C: 1, I: 1, N: 1 }]
05-23 11:59:57.992 13860 13931 I Finsky  : [112] rbq.accept(66): SCH: Scheduling phonesky job Id: 34-1281, CT: 1716334503311, Constraints: [{ L: 604800000, D: 2591738230, C: 1, I: 1, N: 1 }]
05-23 11:59:57.992 13860 13931 I Finsky  : [112] rbq.accept(66): SCH: Scheduling phonesky job Id: 34-1285, CT: 1716372962069, Constraints: [{ L: 79199919, D: 1375199919, C: 1, I: 1, N: 1 }]
05-23 11:59:57.993  5095  6264 W AudioALSACaptureDataProviderNormal: readThread, latency_in_s,0.000001,0.039672,0.000058, totalTime 0.039731 > logTimeout 0.022000 TIMEOUT!!
05-23 11:59:57.993 13860 13931 I Finsky  : [112] rbq.accept(66): SCH: Scheduling phonesky job Id: 34-1288, CT: 1716372962766, Constraints: [{ L: 604800000, D: 2591999568, C: 1, I: 1, N: 1 }]
05-23 11:59:57.994   940   940 I BufferQueueProducer: [StatusBar#233](this:0xb4000070ae69bb90,id:-1,api:0,p:-1,c:940) queueBuffer: fps=0.99 dur=1011.53 max=1011.53 min=1011.53
05-23 11:59:57.997   902   902 I hwcomposer: [HWCDisplay] setColorTransformForJob ccorr_state=1->0 hint=1 force_disable_color=0 identity=0
05-23 11:59:57.997   902   902 I hwcomposer: [HWCDisplay] [Display_0 (type:1)] fps:1.976111,dur:1012.09,max:863.71,min:148.38
05-23 11:59:57.997   902  1109 I hwcomposer: [DEV] 1024    0    0    0
05-23 11:59:57.997   902  1109 I hwcomposer: [DEV]    0  813    0    0
05-23 11:59:57.997   902  1109 I hwcomposer: [DEV]    0    0  613    0
05-23 11:59:57.997   902  1109 I hwcomposer: [DEV]    0    0    0 1024
05-23 11:59:57.997   902  1109 I hwcomposer: [DEV] [DEV] color transform: feature_flag=0
05-23 11:59:57.998 13860 13950 I Finsky  : [121] jxs.apply(37): SCH: Scheduling 1 system job(s)
05-23 11:59:57.999 13860 13950 I Finsky  : [121] acpp.d(246): SCH: Scheduling system job Id: 9020, L: 22563990, D: 72888819, C: false, I: false, N: 1
05-23 11:59:58.007 13860 16417 I Finsky  : [193] acrm.a(24): SCH: job service finished with id 9869.
05-23 11:59:58.053  5095  6264 W AudioALSACaptureDataProviderNormal: readThread, latency_in_s,0.000002,0.039856,0.000057, totalTime 0.039915 > logTimeout 0.022000 TIMEOUT!!
05-23 11:59:58.120   902  1108 I hwcomposer: [HWC] (0)fire a callback of refresh to SF[4]
05-23 11:59:58.141   940   940 I BufferQueueProducer: [FramebufferSurface](this:0xb40000705e4e7410,id:-1,api:1,p:940,c:940) queueBuffer: fps=0.99 dur=1007.96 max=1007.96 min=1007.96
05-23 11:59:58.141   902   902 I hwcomposer: [HWCDisplay] setColorTransformForJob ccorr_state=0->1 hint=0 force_disable_color=1 identity=1
05-23 11:59:58.142   902  1109 I hwcomposer: [DEV] [DEV] (Send identity matrix)
05-23 11:59:58.186  5662  5805 I hct_signal: getCdmaLevel--cdmaDbm = 2147483647
05-23 11:59:58.186  5662  5805 I hct_signal: getEvdoLevel -- evdoDbm = 2147483647
05-23 11:59:58.186  5662  5805 I hct_signal: getCdmaLevel--cdmaDbm = 2147483647
05-23 11:59:58.187  5662  5662 I hct_signal: getCdmaLevel--cdmaDbm = 2147483647
05-23 11:59:58.187  5662  5662 I hct_signal: getEvdoLevel -- evdoDbm = 2147483647
05-23 11:59:58.187  5662  5662 I hct_signal: getCdmaLevel--cdmaDbm = 2147483647
05-23 11:59:58.593  5095  6264 W AudioALSACaptureDataProviderNormal: readThread, latency_in_s,0.000002,0.039833,0.000087, totalTime 0.039922 > logTimeout 0.022000 TIMEOUT!!
05-23 11:59:58.793  5095  6264 W AudioALSACaptureDataProviderNormal: readThread, latency_in_s,0.000002,0.039861,0.000088, totalTime 0.039951 > logTimeout 0.022000 TIMEOUT!!
05-23 11:59:59.433  5095  6264 W AudioALSACaptureDataProviderNormal: readThread, latency_in_s,0.000003,0.039798,0.000082, totalTime 0.039883 > logTimeout 0.022000 TIMEOUT!!
05-23 11:59:59.693  5095  6264 W AudioALSACaptureDataProviderNormal: readThread, latency_in_s,0.000002,0.039715,0.000087, totalTime 0.039804 > logTimeout 0.022000 TIMEOUT!!
05-23 12:00:00.013   940   940 I BufferQueueProducer: [StatusBar#233](this:0xb4000070ae69bb90,id:-1,api:0,p:-1,c:940) queueBuffer: fps=0.50 dur=2018.49 max=2018.49 min=2018.49
05-23 12:00:00.016   902   902 I hwcomposer: [HWCDisplay] setColorTransformForJob ccorr_state=1->0 hint=1 force_disable_color=0 identity=0
05-23 12:00:00.016   902   902 I hwcomposer: [HWCDisplay] [Display_0 (type:1)] fps:0.990465,dur:2019.25,max:1874.79,min:144.46
05-23 12:00:00.017   902  1109 I hwcomposer: [DEV] 1024    0    0    0
05-23 12:00:00.017   902  1109 I hwcomposer: [DEV]    0  813    0    0
05-23 12:00:00.017   902  1109 I hwcomposer: [DEV]    0    0  613    0
05-23 12:00:00.017   902  1109 I hwcomposer: [DEV]    0    0    0 1024
05-23 12:00:00.017   902  1109 I hwcomposer: [DEV] [DEV] color transform: feature_flag=0
05-23 12:00:00.033  5095  6264 W AudioALSACaptureDataProviderNormal: readThread, latency_in_s,0.000002,0.039737,0.000070, totalTime 0.039809 > logTimeout 0.022000 TIMEOUT!!
05-23 12:00:00.062   940   940 I BufferQueueProducer: [com.android.launcher3/com.android.searchlauncher.SearchLauncher#14386](this:0xb4000070ae63ae70,id:-1,api:0,p:-1,c:940) queueBuffer: fps=0.78 dur=17905.59 max=17559.17 min=16.41
05-23 12:00:00.073  5095  6264 W AudioALSACaptureDataProviderNormal: readThread, latency_in_s,0.000001,0.039621,0.000074, totalTime 0.039696 > logTimeout 0.022000 TIMEOUT!!
05-23 12:00:00.132   902  1108 I hwcomposer: [HWC] (0)fire a callback of refresh to SF[4]
05-23 12:00:00.152   940   940 I BufferQueueProducer: [FramebufferSurface](this:0xb40000705e4e7410,id:-1,api:1,p:940,c:940) queueBuffer: fps=0.50 dur=2011.64 max=2011.64 min=2011.64
05-23 12:00:00.153   902   902 I hwcomposer: [HWCDisplay] setColorTransformForJob ccorr_state=0->1 hint=0 force_disable_color=1 identity=1
05-23 12:00:00.154   902  1109 I hwcomposer: [DEV] [DEV] (Send identity matrix)
05-23 12:00:00.185  5662  5805 I hct_signal: getCdmaLevel--cdmaDbm = 2147483647
05-23 12:00:00.186  5662  5805 I hct_signal: getEvdoLevel -- evdoDbm = 2147483647
05-23 12:00:00.186  5662  5805 I hct_signal: getCdmaLevel--cdmaDbm = 2147483647
05-23 12:00:00.187  5662  5662 I hct_signal: getCdmaLevel--cdmaDbm = 2147483647
05-23 12:00:00.187  5662  5662 I hct_signal: getEvdoLevel -- evdoDbm = 2147483647
05-23 12:00:00.187  5662  5662 I hct_signal: getCdmaLevel--cdmaDbm = 2147483647
05-23 12:00:00.493  5095  6264 W AudioALSACaptureDataProviderNormal: readThread, latency_in_s,0.000002,0.039633,0.000079, totalTime 0.039714 > logTimeout 0.022000 TIMEOUT!!
05-23 12:00:00.593  5095  6264 W AudioALSACaptureDataProviderNormal: readThread, latency_in_s,0.000002,0.039765,0.000114, totalTime 0.039882 > logTimeout 0.022000 TIMEOUT!!
05-23 12:00:00.693  5095  6264 W AudioALSACaptureDataProviderNormal: readThread, latency_in_s,0.000002,0.039660,0.000082, totalTime 0.039744 > logTimeout 0.022000 TIMEOUT!!
05-23 12:00:00.716  5662  5805 I hct_signal: getCdmaLevel--cdmaDbm = 2147483647
05-23 12:00:00.716  5662  5805 I hct_signal: getEvdoLevel -- evdoDbm = 2147483647
05-23 12:00:00.717  5662  5805 I hct_signal: getCdmaLevel--cdmaDbm = 2147483647
05-23 12:00:00.718  5662  5662 I hct_signal: getCdmaLevel--cdmaDbm = 2147483647
05-23 12:00:00.718  5662  5662 I hct_signal: getEvdoLevel -- evdoDbm = 2147483647
05-23 12:00:00.718  5662  5662 I hct_signal: getCdmaLevel--cdmaDbm = 2147483647
05-23 12:00:00.793  5095  6264 W AudioALSACaptureDataProviderNormal: readThread, latency_in_s,0.000002,0.039785,0.000091, totalTime 0.039878 > logTimeout 0.022000 TIMEOUT!!
05-23 12:00:00.953  5095  6264 W AudioALSACaptureDataProviderNormal: readThread, latency_in_s,0.000002,0.039809,0.000102, totalTime 0.039914 > logTimeout 0.022000 TIMEOUT!!
05-23 12:00:01.093  5095  6264 W AudioALSACaptureDataProviderNormal: readThread, latency_in_s,0.000002,0.039814,0.000089, totalTime 0.039905 > logTimeout 0.022000 TIMEOUT!!
05-23 12:00:01.193  5095  6264 W AudioALSACaptureDataProviderNormal: readThread, latency_in_s,0.000002,0.039753,0.000095, totalTime 0.039849 > logTimeout 0.022000 TIMEOUT!!
05-23 12:00:01.393  5095  6264 W AudioALSACaptureDataProviderNormal: readThread, latency_in_s,0.000002,0.039645,0.000072, totalTime 0.039719 > logTimeout 0.022000 TIMEOUT!!
05-23 12:00:01.593  5095  6264 W AudioALSACaptureDataProviderNormal: readThread, latency_in_s,0.000002,0.039781,0.000084, totalTime 0.039867 > logTimeout 0.022000 TIMEOUT!!
05-23 12:00:01.693  5095  6264 W AudioALSACaptureDataProviderNormal: readThread, latency_in_s,0.000002,0.039810,0.000077, totalTime 0.039889 > logTimeout 0.022000 TIMEOUT!!
05-23 12:00:02.293  5095  6264 W AudioALSACaptureDataProviderNormal: readThread, latency_in_s,0.000003,0.039740,0.000079, totalTime 0.039821 > logTimeout 0.022000 TIMEOUT!!
05-23 12:00:02.364  5608  5691 I Tethering: [BpfCoordinator] onAlertReached
05-23 12:00:02.552  1213  1213 I thermal_repeater: [recvMdThermalInfo] ret=26, strLen=127,  3, 33, -7, 0, 32767, 9450
05-23 12:00:02.556  5662  5805 I hct_signal: getCdmaLevel--cdmaDbm = 2147483647
05-23 12:00:02.557  5662  5805 I hct_signal: getEvdoLevel -- evdoDbm = 2147483647
05-23 12:00:02.557  5662  5805 I hct_signal: getCdmaLevel--cdmaDbm = 2147483647
05-23 12:00:02.558  5662  5662 I hct_signal: getCdmaLevel--cdmaDbm = 2147483647
05-23 12:00:02.558  5662  5662 I hct_signal: getEvdoLevel -- evdoDbm = 2147483647
05-23 12:00:02.558  5662  5662 I hct_signal: getCdmaLevel--cdmaDbm = 2147483647
05-23 12:00:03.173  5095  6264 W AudioALSACaptureDataProviderNormal: readThread, latency_in_s,0.000003,0.039775,0.000091, totalTime 0.039869 > logTimeout 0.022000 TIMEOUT!!
05-23 12:00:03.293  5095  6264 W AudioALSACaptureDataProviderNormal: readThread, latency_in_s,0.000002,0.039793,0.000082, totalTime 0.039877 > logTimeout 0.022000 TIMEOUT!!
05-23 12:00:03.379  5098 27229 I netd    : tetherGetStats() -> {[TetherStatsParcel{iface: ccmni1, rxBytes: 168491, rxPackets: 1633, txBytes: 691719, txPackets: 3552, ifIndex: 0}]} <3.31ms>
05-23 12:00:03.397  5662  5805 I hct_signal: getCdmaLevel--cdmaDbm = 2147483647
05-23 12:00:03.397  5662  5805 I hct_signal: getEvdoLevel -- evdoDbm = 2147483647
05-23 12:00:03.397  5662  5805 I hct_signal: getCdmaLevel--cdmaDbm = 2147483647
05-23 12:00:03.398  5098 27229 I netd    : bandwidthSetGlobalAlert(2097152) <0.57ms>
05-23 12:00:03.398  5662  5662 I hct_signal: getCdmaLevel--cdmaDbm = 2147483647
05-23 12:00:03.398  5662  5662 I hct_signal: getEvdoLevel -- evdoDbm = 2147483647
05-23 12:00:03.398  5662  5662 I hct_signal: getCdmaLevel--cdmaDbm = 2147483647
05-23 12:00:03.413  5095  6264 W AudioALSACaptureDataProviderNormal: readThread, latency_in_s,0.000002,0.039820,0.000098, totalTime 0.039920 > logTimeout 0.022000 TIMEOUT!!
05-23 12:00:03.833  5095  6264 W AudioALSACaptureDataProviderNormal: readThread, latency_in_s,0.000002,0.039751,0.000083, totalTime 0.039836 > logTimeout 0.022000 TIMEOUT!!
05-23 12:00:04.037  5662  5805 I hct_signal: getCdmaLevel--cdmaDbm = 2147483647
05-23 12:00:04.038  5662  5805 I hct_signal: getEvdoLevel -- evdoDbm = 2147483647
05-23 12:00:04.038  5662  5805 I hct_signal: getCdmaLevel--cdmaDbm = 2147483647
05-23 12:00:04.039  5662  5662 I hct_signal: getCdmaLevel--cdmaDbm = 2147483647
05-23 12:00:04.039  5662  5662 I hct_signal: getEvdoLevel -- evdoDbm = 2147483647
05-23 12:00:04.039  5662  5662 I hct_signal: getCdmaLevel--cdmaDbm = 2147483647
05-23 12:00:04.257  6306  8469 I native  : I0000 00:00:1716429604.257229    8469 soda_async_impl.cc:1571] Current audio timestamp: 1716429604114586
05-23 12:00:04.456  6306  6744 I HDM.SodaAudioManager: (REDACTED) #onAudioData: %s bytes, getAudioReadSize %s
05-23 12:00:04.833  5095  6264 W AudioALSACaptureDataProviderNormal: readThread, latency_in_s,0.000002,0.039422,0.000081, totalTime 0.039505 > logTimeout 0.022000 TIMEOUT!!
05-23 12:00:04.953  5095  6264 W AudioALSACaptureDataProviderNormal: readThread, latency_in_s,0.000002,0.039735,0.000097, totalTime 0.039835 > logTimeout 0.022000 TIMEOUT!!
05-23 12:00:05.025   940   940 I BufferQueueProducer: [StatusBar#233](this:0xb4000070ae69bb90,id:-1,api:0,p:-1,c:940) queueBuffer: fps=0.40 dur=5012.50 max=4979.32 min=33.18
05-23 12:00:05.029   902   902 I hwcomposer: [HWCDisplay] setColorTransformForJob ccorr_state=1->0 hint=1 force_disable_color=0 identity=0
05-23 12:00:05.029   902   902 I hwcomposer: [HWCDisplay] [Display_0 (type:1)] fps:0.797962,dur:5012.77,max:4875.89,min:16.12
05-23 12:00:05.030   902  1109 I hwcomposer: [DEV] 1024    0    0    0
05-23 12:00:05.030   902  1109 I hwcomposer: [DEV]    0  813    0    0
05-23 12:00:05.030   902  1109 I hwcomposer: [DEV]    0    0  613    0
05-23 12:00:05.030   902  1109 I hwcomposer: [DEV]    0    0    0 1024
05-23 12:00:05.030   902  1109 I hwcomposer: [DEV] [DEV] color transform: feature_flag=0
05-23 12:00:05.144   902  1108 I hwcomposer: [HWC] (0)fire a callback of refresh to SF[4]
05-23 12:00:05.164   940   940 I BufferQueueProducer: [FramebufferSurface](this:0xb40000705e4e7410,id:-1,api:1,p:940,c:940) queueBuffer: fps=0.20 dur=5011.94 max=5011.94 min=5011.94
05-23 12:00:05.165   902   902 I hwcomposer: [HWCDisplay] setColorTransformForJob ccorr_state=0->1 hint=0 force_disable_color=1 identity=1
05-23 12:00:05.165   902  1109 I hwcomposer: [DEV] [DEV] (Send identity matrix)
05-23 12:00:05.197  5428  5428 I PowerUI : mBatteryTemperature = 299 , mLastBatteryTemperature = 298
05-23 12:00:05.198  5428  5428 I PowerUI.Notification: mShutdownBatteryLowTemperature = -220 , mShutdownBatteryHighTemperature = 600
05-23 12:00:05.200  5428  5428 I hct_torch: [onReceive]intent=Intent { act=android.intent.action.BATTERY_CHANGED flg=0x60000010 (has extras) }
05-23 12:00:05.213  5095  6264 W AudioALSACaptureDataProviderNormal: readThread, latency_in_s,0.000002,0.039659,0.000062, totalTime 0.039723 > logTimeout 0.022000 TIMEOUT!!
05-23 12:00:05.253  5095  6264 W AudioALSACaptureDataProviderNormal: readThread, latency_in_s,0.000001,0.039703,0.000064, totalTime 0.039768 > logTimeout 0.022000 TIMEOUT!!
05-23 12:00:05.493  5095  6264 W AudioALSACaptureDataProviderNormal: readThread, latency_in_s,0.000002,0.039750,0.000084, totalTime 0.039836 > logTimeout 0.022000 TIMEOUT!!
05-23 12:00:06.013  5095  6264 W AudioALSACaptureDataProviderNormal: readThread, latency_in_s,0.000002,0.039640,0.000081, totalTime 0.039724 > logTimeout 0.022000 TIMEOUT!!
05-23 12:00:06.021  5428  5428 I hct_torch: [onReceive]intent=Intent { act=android.intent.action.BATTERY_CHANGED flg=0x60000010 (has extras) }
05-23 12:00:06.024  5428  5428 I PowerUI : mBatteryTemperature = 299 , mLastBatteryTemperature = 299
05-23 12:00:06.027   902   902 I hwcomposer: [HWCDisplay] setColorTransformForJob ccorr_state=1->0 hint=1 force_disable_color=0 identity=0
05-23 12:00:06.027   902  1109 I hwcomposer: [DEV] 1024    0    0    0
05-23 12:00:06.027   902  1109 I hwcomposer: [DEV]    0  813    0    0
05-23 12:00:06.028   902  1109 I hwcomposer: [DEV]    0    0  613    0
05-23 12:00:06.028   902  1109 I hwcomposer: [DEV]    0    0    0 1024
05-23 12:00:06.028   902  1109 I hwcomposer: [DEV] [DEV] color transform: feature_flag=0
05-23 12:00:06.148   902  1108 I hwcomposer: [HWC] (0)fire a callback of refresh to SF[4]
05-23 12:00:06.169   940   940 I BufferQueueProducer: [FramebufferSurface](this:0xb40000705e4e7410,id:-1,api:1,p:940,c:940) queueBuffer: fps=1.00 dur=1004.99 max=1004.99 min=1004.99
05-23 12:00:06.170   902   902 I hwcomposer: [HWCDisplay] setColorTransformForJob ccorr_state=0->1 hint=0 force_disable_color=1 identity=1
05-23 12:00:06.170   902   902 I hwcomposer: [HWCDisplay] [Display_0 (type:1)] fps:2.629510,dur:1140.90,max:862.13,min:135.90
05-23 12:00:06.170   902  1109 I hwcomposer: [DEV] [DEV] (Send identity matrix)
05-23 12:00:06.233  5095  6264 W AudioALSACaptureDataProviderNormal: readThread, latency_in_s,0.000002,0.039764,0.000087, totalTime 0.039853 > logTimeout 0.022000 TIMEOUT!!
05-23 12:00:06.593  5095  6264 W AudioALSACaptureDataProviderNormal: readThread, latency_in_s,0.000002,0.039689,0.000092, totalTime 0.039783 > logTimeout 0.022000 TIMEOUT!!
05-23 12:00:06.697  5662  5805 I hct_signal: getCdmaLevel--cdmaDbm = 2147483647
05-23 12:00:06.698  5662  5805 I hct_signal: getEvdoLevel -- evdoDbm = 2147483647
05-23 12:00:06.698  5662  5805 I hct_signal: getCdmaLevel--cdmaDbm = 2147483647
05-23 12:00:06.699  5662  5662 I hct_signal: getCdmaLevel--cdmaDbm = 2147483647
05-23 12:00:06.699  5662  5662 I hct_signal: getEvdoLevel -- evdoDbm = 2147483647
05-23 12:00:06.699  5662  5662 I hct_signal: getCdmaLevel--cdmaDbm = 2147483647
05-23 12:00:06.873  5095  6264 W AudioALSACaptureDataProviderNormal: readThread, latency_in_s,0.000002,0.039769,0.000081, totalTime 0.039852 > logTimeout 0.022000 TIMEOUT!!
