05-23 11:58:14.613  5095  6264 W AudioALSACaptureDataProviderNormal: readThread, latency_in_s,0.000002,0.039785,0.000096, totalTime 0.039883 > logTimeout 0.022000 TIMEOUT!!
05-23 11:58:14.997  5662  5805 I hct_signal: getCdmaLevel--cdmaDbm = 2147483647
05-23 11:58:14.997  5662  5805 I hct_signal: getEvdoLevel -- evdoDbm = 2147483647
05-23 11:58:14.997  5662  5805 I hct_signal: getCdmaLevel--cdmaDbm = 2147483647
05-23 11:58:14.998  5662  5662 I hct_signal: getCdmaLevel--cdmaDbm = 2147483647
05-23 11:58:14.998  5662  5662 I hct_signal: getEvdoLevel -- evdoDbm = 2147483647
05-23 11:58:14.998  5662  5662 I hct_signal: getCdmaLevel--cdmaDbm = 2147483647
05-23 11:58:15.258 15389 15706 E FbnsAIDLClientManager: Max Try reached for binding to FbnsAIDLService, threadId 222
05-23 11:58:15.259 15389 15708 E FbnsAIDLClientManager: Max Try reached for binding to FbnsAIDLService, threadId 223
05-23 11:58:15.259 15389 15708 E FbnsAIDLClientManager: Fbns AIDL request got RemoteException
05-23 11:58:15.259 15389 15708 E FbnsAIDLClientManager: android.os.RemoteException: AIDLService is not bound
05-23 11:58:15.259 15389 15708 E FbnsAIDLClientManager:         at X.0eN.call(:370)
05-23 11:58:15.259 15389 15708 E FbnsAIDLClientManager:         at java.util.concurrent.FutureTask.run(FutureTask.java:264)
05-23 11:58:15.259 15389 15708 E FbnsAIDLClientManager:         at java.util.concurrent.ThreadPoolExecutor.runWorker(ThreadPoolExecutor.java:1145)
05-23 11:58:15.259 15389 15708 E FbnsAIDLClientManager:         at java.util.concurrent.ThreadPoolExecutor$Worker.run(ThreadPoolExecutor.java:644)
05-23 11:58:15.259 15389 15708 E FbnsAIDLClientManager:         at java.lang.Thread.run(Thread.java:1012)
05-23 11:58:15.259 15389 15706 E FbnsAIDLClientManager: Fbns AIDL request got RemoteException
05-23 11:58:15.259 15389 15706 E FbnsAIDLClientManager: android.os.RemoteException: AIDLService is not bound
05-23 11:58:15.259 15389 15706 E FbnsAIDLClientManager:         at X.0eN.call(:370)
05-23 11:58:15.259 15389 15706 E FbnsAIDLClientManager:         at java.util.concurrent.FutureTask.run(FutureTask.java:264)
05-23 11:58:15.259 15389 15706 E FbnsAIDLClientManager:         at java.util.concurrent.ThreadPoolExecutor.runWorker(ThreadPoolExecutor.java:1145)
05-23 11:58:15.259 15389 15706 E FbnsAIDLClientManager:         at java.util.concurrent.ThreadPoolExecutor$Worker.run(ThreadPoolExecutor.java:644)
05-23 11:58:15.259 15389 15706 E FbnsAIDLClientManager:         at java.lang.Thread.run(Thread.java:1012)
05-23 11:58:15.373  5095  6264 W AudioALSACaptureDataProviderNormal: readThread, latency_in_s,0.000002,0.039769,0.000087, totalTime 0.039858 > logTimeout 0.022000 TIMEOUT!!
05-23 11:58:16.413  5095  6264 W AudioALSACaptureDataProviderNormal: readThread, latency_in_s,0.000002,0.039806,0.000082, totalTime 0.039891 > logTimeout 0.022000 TIMEOUT!!
05-23 11:58:16.913  5095  6264 W AudioALSACaptureDataProviderNormal: readThread, latency_in_s,0.000003,0.039743,0.000088, totalTime 0.039833 > logTimeout 0.022000 TIMEOUT!!
05-23 11:58:17.033  5095  6264 W AudioALSACaptureDataProviderNormal: readThread, latency_in_s,0.000002,0.039768,0.000079, totalTime 0.039849 > logTimeout 0.022000 TIMEOUT!!
05-23 11:58:17.153  5095  6264 W AudioALSACaptureDataProviderNormal: readThread, latency_in_s,0.000002,0.039786,0.000084, totalTime 0.039872 > logTimeout 0.022000 TIMEOUT!!
05-23 11:58:17.637  5662  5805 I hct_signal: getCdmaLevel--cdmaDbm = 2147483647
05-23 11:58:17.637  5662  5805 I hct_signal: getEvdoLevel -- evdoDbm = 2147483647
05-23 11:58:17.638  5662  5805 I hct_signal: getCdmaLevel--cdmaDbm = 2147483647
05-23 11:58:17.639  5662  5662 I hct_signal: getCdmaLevel--cdmaDbm = 2147483647
05-23 11:58:17.639  5662  5662 I hct_signal: getEvdoLevel -- evdoDbm = 2147483647
05-23 11:58:17.639  5662  5662 I hct_signal: getCdmaLevel--cdmaDbm = 2147483647
05-23 11:58:17.933  5095  6264 W AudioALSACaptureDataProviderNormal: readThread, latency_in_s,0.000002,0.039843,0.000081, totalTime 0.039926 > logTimeout 0.022000 TIMEOUT!!
05-23 11:58:18.453  5095  6264 W AudioALSACaptureDataProviderNormal: readThread, latency_in_s,0.000002,0.039831,0.000092, totalTime 0.039926 > logTimeout 0.022000 TIMEOUT!!
05-23 11:58:18.553  5095  6264 W AudioALSACaptureDataProviderNormal: readThread, latency_in_s,0.000002,0.039743,0.000074, totalTime 0.039820 > logTimeout 0.022000 TIMEOUT!!
05-23 11:58:18.953  5095  6264 W AudioALSACaptureDataProviderNormal: readThread, latency_in_s,0.000002,0.039741,0.000048, totalTime 0.039791 > logTimeout 0.022000 TIMEOUT!!
05-23 11:58:18.993  5095  6264 W AudioALSACaptureDataProviderNormal: readThread, latency_in_s,0.000001,0.039710,0.000049, totalTime 0.039760 > logTimeout 0.022000 TIMEOUT!!
05-23 11:58:19.033  5095  6264 W AudioALSACaptureDataProviderNormal: readThread, latency_in_s,0.000001,0.039723,0.000050, totalTime 0.039774 > logTimeout 0.022000 TIMEOUT!!
05-23 11:58:19.073  5095  6264 W AudioALSACaptureDataProviderNormal: readThread, latency_in_s,0.000001,0.039700,0.000049, totalTime 0.039750 > logTimeout 0.022000 TIMEOUT!!
05-23 11:58:19.113  5095  6264 W AudioALSACaptureDataProviderNormal: readThread, latency_in_s,0.000001,0.039757,0.000066, totalTime 0.039823 > logTimeout 0.022000 TIMEOUT!!
05-23 11:58:19.128 15389 15403 W JavaBinder: BinderProxy is being destroyed but the application did not call unlinkToDeath to unlink all of its death recipients beforehand.  Releasing leaked death recipient: X.0Od
05-23 11:58:19.132 15389 15404 W System  : A resource failed to call close.
05-23 11:58:19.132 15389 15404 W System  : A resource failed to call close.
05-23 11:58:19.132 15389 15404 W System  : A resource failed to call close.
05-23 11:58:19.133 15389 15404 W System  : A resource failed to call close.
05-23 11:58:19.135 15389 15404 W System  : A resource failed to call close.
05-23 11:58:19.135 15389 15404 W System  : A resource failed to call close.
05-23 11:58:19.135 15389 15404 W System  : A resource failed to call close.
05-23 11:58:19.136 15389 15404 W System  : A resource failed to call close.
05-23 11:58:19.136 15389 15404 W System  : A resource failed to call close.
05-23 11:58:19.153  5095  6264 W AudioALSACaptureDataProviderNormal: readThread, latency_in_s,0.000001,0.039715,0.000067, totalTime 0.039783 > logTimeout 0.022000 TIMEOUT!!
05-23 11:58:19.413  5095  6264 W AudioALSACaptureDataProviderNormal: readThread, latency_in_s,0.000003,0.039718,0.000082, totalTime 0.039802 > logTimeout 0.022000 TIMEOUT!!
05-23 11:58:19.533  5095  6264 W AudioALSACaptureDataProviderNormal: readThread, latency_in_s,0.000002,0.039710,0.000084, totalTime 0.039796 > logTimeout 0.022000 TIMEOUT!!
05-23 11:58:19.713  5095  6264 W AudioALSACaptureDataProviderNormal: readThread, latency_in_s,0.000002,0.039795,0.000082, totalTime 0.039880 > logTimeout 0.022000 TIMEOUT!!
05-23 11:58:19.893  5095  6264 W AudioALSACaptureDataProviderNormal: readThread, latency_in_s,0.000002,0.039822,0.000092, totalTime 0.039916 > logTimeout 0.022000 TIMEOUT!!
05-23 11:58:19.993  5095  6264 W AudioALSACaptureDataProviderNormal: readThread, latency_in_s,0.000002,0.039767,0.000079, totalTime 0.039849 > logTimeout 0.022000 TIMEOUT!!
05-23 11:58:20.277  5662  5805 I hct_signal: getCdmaLevel--cdmaDbm = 2147483647
05-23 11:58:20.277  5662  5805 I hct_signal: getEvdoLevel -- evdoDbm = 2147483647
05-23 11:58:20.277  5662  5805 I hct_signal: getCdmaLevel--cdmaDbm = 2147483647
05-23 11:58:20.279  5662  5662 I hct_signal: getCdmaLevel--cdmaDbm = 2147483647
05-23 11:58:20.279  5662  5662 I hct_signal: getEvdoLevel -- evdoDbm = 2147483647
05-23 11:58:20.279  5662  5662 I hct_signal: getCdmaLevel--cdmaDbm = 2147483647
05-23 11:58:20.284  5228  6829 W ActivityManager: Background start not allowed: service Intent { cmp=com.zhiliaoapp.musically/com.bytedance.common.wschannel.client.WsClientService } to com.zhiliaoapp.musically/com.bytedance.common.wschannel.client.WsClientService from pid=14236 uid=10215 pkg=com.zhiliaoapp.musically startFg?=false
05-23 11:58:20.293  5095  6264 W AudioALSACaptureDataProviderNormal: readThread, latency_in_s,0.000002,0.039662,0.000062, totalTime 0.039726 > logTimeout 0.022000 TIMEOUT!!
05-23 11:58:20.333  5095  6264 W AudioALSACaptureDataProviderNormal: readThread, latency_in_s,0.000001,0.039603,0.000075, totalTime 0.039679 > logTimeout 0.022000 TIMEOUT!!
05-23 11:58:20.413  5095  6264 W AudioALSACaptureDataProviderNormal: readThread, latency_in_s,0.000002,0.039704,0.000076, totalTime 0.039782 > logTimeout 0.022000 TIMEOUT!!
05-23 11:58:20.893  5095  6264 W AudioALSACaptureDataProviderNormal: readThread, latency_in_s,0.000002,0.039748,0.000106, totalTime 0.039857 > logTimeout 0.022000 TIMEOUT!!
05-23 11:58:20.933  5095  6264 W AudioALSACaptureDataProviderNormal: readThread, latency_in_s,0.000001,0.039521,0.000079, totalTime 0.039602 > logTimeout 0.022000 TIMEOUT!!
05-23 11:58:20.955  5228  5268 W BatteryExternalStatsWorker: error reading Bluetooth stats: 9
05-23 11:58:21.017   548  1397 E android.system.suspend@1.0-service: Error opening kernel wakelock stats for: wakeup126 (../../devices/platform/soc/1000d000.pwrap/1000d000.pwrap:main_pmic/mt6359-gauge/power_supply/battery/wakeup126): Permission denied
05-23 11:58:21.012   548   548 W binder:548_5: type=1400 audit(0.0:24728): avc: denied { read } for name="wakeup126" dev="sysfs" ino=41987 scontext=u:r:system_suspend:s0 tcontext=u:object_r:sysfs_batteryinfo:s0 tclass=dir permissive=0
05-23 11:58:21.022   548  1397 E android.system.suspend@1.0-service: Error opening kernel wakelock stats for: wakeup26 (../../devices/platform/soc/11016000.i2c5/i2c-5/5-0034/wakeup/wakeup26): Permission denied
05-23 11:58:21.016   548   548 W binder:548_5: type=1400 audit(0.0:24729): avc: denied { read } for name="wakeup26" dev="sysfs" ino=33375 scontext=u:r:system_suspend:s0 tcontext=u:object_r:sysfs:s0 tclass=dir permissive=0
05-23 11:58:21.026   548  1397 E android.system.suspend@1.0-service: Error opening kernel wakelock stats for: wakeup34 (../../devices/platform/soc/11016000.i2c5/i2c-5/5-004e/wakeup/wakeup34): Permission denied
05-23 11:58:21.020   548   548 W binder:548_5: type=1400 audit(0.0:24730): avc: denied { read } for name="wakeup34" dev="sysfs" ino=37662 scontext=u:r:system_suspend:s0 tcontext=u:object_r:sysfs:s0 tclass=dir permissive=0
05-23 11:58:21.028   548  1397 E android.system.suspend@1.0-service: Error opening kernel wakelock stats for: wakeup24 (../../devices/platform/soc/1000d000.pwrap/1000d000.pwrap:main_pmic/mt6397-rtc/wakeup/wakeup24): Permission denied
05-23 11:58:21.020   548   548 W binder:548_5: type=1400 audit(0.0:24731): avc: denied { read } for name="wakeup24" dev="sysfs" ino=31470 scontext=u:r:system_suspend:s0 tcontext=u:object_r:sysfs:s0 tclass=dir permissive=0
05-23 11:58:21.032   548  1397 E android.system.suspend@1.0-service: Error opening kernel wakelock stats for: wakeup32 (../../devices/platform/soc/1100f000.i2c3/i2c-3/3-0028/wakeup/wakeup32): Permission denied
05-23 11:58:21.028   548   548 W binder:548_5: type=1400 audit(0.0:24732): avc: denied { read } for name="wakeup32" dev="sysfs" ino=37411 scontext=u:r:system_suspend:s0 tcontext=u:object_r:sysfs:s0 tclass=dir permissive=0
05-23 11:58:21.033  5095  6264 W AudioALSACaptureDataProviderNormal: readThread, latency_in_s,0.000002,0.039762,0.000074, totalTime 0.039838 > logTimeout 0.022000 TIMEOUT!!
05-23 11:58:21.035   548  1397 E android.system.suspend@1.0-service: Error opening kernel wakelock stats for: wakeup7 (../../devices/platform/soc/1a000000.camsys/wakeup/wakeup7): Permission denied
05-23 11:58:21.039   548  1397 E android.system.suspend@1.0-service: Error opening kernel wakelock stats for: wakeup129 (../../devices/platform/soc/11016000.i2c5/i2c-5/5-0034/mt6360_pmu_chg.2.auto/power_supply/mt6360_pmu_chg.2.auto/wakeup129): Permission denied
05-23 11:58:21.044   548  1397 E android.system.suspend@1.0-service: Error opening kernel wakelock stats for: wakeup29 (../../devices/platform/soc/1000d000.pwrap/1000d000.pwrap:main_pmic/mt635x-auxadc/wakeup/wakeup29): Permission denied
05-23 11:58:21.044   548  1397 E android.system.suspend@1.0-service: Error opening kernel wakelock stats for: wakeup127 (../../devices/platform/soc/1000d000.pwrap/1000d000.pwrap:main_pmic/mt6359-gauge/power_supply/mtk-gauge/wakeup127): Permission denied
05-23 11:58:21.050   548  1397 E android.system.suspend@1.0-service: Error opening kernel wakelock stats for: wakeup27 (../../devices/platform/soc/1100f000.i2c3/i2c-3/3-0053/wakeup/wakeup27): Permission denied
05-23 11:58:21.053   548  1397 E android.system.suspend@1.0-service: Error opening kernel wakelock stats for: wakeup1 (../../devices/platform/soc/10228000.gce/wakeup/wakeup1): Permission denied
05-23 11:58:21.054   548  1397 E android.system.suspend@1.0-service: Error opening kernel wakelock stats for: wakeup35 (../../devices/platform/soc/11016000.i2c5/i2c-5/5-004e/wakeup/wakeup35): Permission denied
05-23 11:58:21.059   548  1397 E android.system.suspend@1.0-service: Error opening kernel wakelock stats for: wakeup33 (../../devices/platform/soc/11016000.i2c5/i2c-5/5-0034/mt6360_pmu_chg.2.auto/wakeup/wakeup33): Permission denied
05-23 11:58:21.065   548  1397 E android.system.suspend@1.0-service: Error opening kernel wakelock stats for: wakeup21 (../../devices/platform/soc/usb0/wakeup/wakeup21): Permission denied
05-23 11:58:21.073  5095  6264 W AudioALSACaptureDataProviderNormal: readThread, latency_in_s,0.000001,0.039622,0.000076, totalTime 0.039699 > logTimeout 0.022000 TIMEOUT!!
05-23 11:58:21.079  5098 27229 I netd    : tetherGetStats() -> {[TetherStatsParcel{iface: ccmni1, rxBytes: 165843, rxPackets: 1574, txBytes: 678441, txPackets: 3453, ifIndex: 0}]} <4.40ms>
05-23 11:58:21.173  5095  6264 W AudioALSACaptureDataProviderNormal: readThread, latency_in_s,0.000002,0.039840,0.000138, totalTime 0.039979 > logTimeout 0.022000 TIMEOUT!!
05-23 11:58:21.300  5098 15823 I resolv  : GetAddrInfoHandler::run: {107 262251 107 983147 10215 0}
05-23 11:58:21.300  5098 15823 I resolv  : GetAddrInfoHandler::run: network access blocked
05-23 11:58:21.476   553 15521 I keystore2: keystore2::watchdog: Watchdog thread idle -> terminating. Have a great day.
05-23 11:58:21.620   940   940 I BufferQueueProducer: [StatusBar#233](this:0xb4000070ae69bb90,id:-1,api:0,p:-1,c:940) queueBuffer: fps=0.08 dur=12058.18 max=12058.18 min=12058.18
05-23 11:58:21.624   902   902 I hwcomposer: [HWCDisplay] setColorTransformForJob ccorr_state=1->0 hint=1 force_disable_color=0 identity=0
05-23 11:58:21.624   902   902 I hwcomposer: [HWCDisplay] [Display_0 (type:1)] fps:2.847711,dur:8778.98,max:8314.58,min:15.08
05-23 11:58:21.625   902  1109 I hwcomposer: [DEV] 1024    0    0    0
05-23 11:58:21.625   902  1109 I hwcomposer: [DEV]    0  813    0    0
05-23 11:58:21.625   902  1109 I hwcomposer: [DEV]    0    0  613    0
05-23 11:58:21.625   902  1109 I hwcomposer: [DEV]    0    0    0 1024
05-23 11:58:21.625   902  1109 I hwcomposer: [DEV] [DEV] color transform: feature_flag=0
05-23 11:58:21.733  5095  6264 W AudioALSACaptureDataProviderNormal: readThread, latency_in_s,0.000002,0.039737,0.000075, totalTime 0.039814 > logTimeout 0.022000 TIMEOUT!!
05-23 11:58:21.748   902  1108 I hwcomposer: [HWC] (0)fire a callback of refresh to SF[4]
05-23 11:58:21.769   940   940 I BufferQueueProducer: [FramebufferSurface](this:0xb40000705e4e7410,id:-1,api:1,p:940,c:940) queueBuffer: fps=0.12 dur=8460.66 max=8460.66 min=8460.66
05-23 11:58:21.770   902   902 I hwcomposer: [HWCDisplay] setColorTransformForJob ccorr_state=0->1 hint=0 force_disable_color=1 identity=1
05-23 11:58:21.771   902  1109 I hwcomposer: [DEV] [DEV] (Send identity matrix)
05-23 11:58:22.273  5095  6264 W AudioALSACaptureDataProviderNormal: readThread, latency_in_s,0.000001,0.039777,0.000044, totalTime 0.039823 > logTimeout 0.022000 TIMEOUT!!
05-23 11:58:22.330  6306  6333 I hbox:interactor: Background concurrent copying GC freed 104485(9065KB) AllocSpace objects, 0(0B) LOS objects, 49% free, 9237KB/18MB, paused 132us,33us total 154.275ms
05-23 11:58:22.333  5095  6264 W AudioALSACaptureDataProviderNormal: readThread, latency_in_s,0.000001,0.039928,0.000076, totalTime 0.040005 > logTimeout 0.022000 TIMEOUT!!
05-23 11:58:22.413  5095  6264 W AudioALSACaptureDataProviderNormal: readThread, latency_in_s,0.000002,0.039813,0.000081, totalTime 0.039896 > logTimeout 0.022000 TIMEOUT!!
05-23 11:58:22.432  1213  1213 I thermal_repeater: [recvMdThermalInfo] ret=26, strLen=127,  3, 32, -2, 0, 32767, 9450
05-23 11:58:22.673  5095  6264 W AudioALSACaptureDataProviderNormal: readThread, latency_in_s,0.000002,0.039595,0.000080, totalTime 0.039677 > logTimeout 0.022000 TIMEOUT!!
05-23 11:58:22.873  5095  6264 W AudioALSACaptureDataProviderNormal: readThread, latency_in_s,0.000002,0.039683,0.000074, totalTime 0.039760 > logTimeout 0.022000 TIMEOUT!!
05-23 11:58:22.917  5662  5805 I hct_signal: getCdmaLevel--cdmaDbm = 2147483647
05-23 11:58:22.917  5662  5805 I hct_signal: getEvdoLevel -- evdoDbm = 2147483647
05-23 11:58:22.917  5662  5805 I hct_signal: getCdmaLevel--cdmaDbm = 2147483647
05-23 11:58:22.917  5662  5662 I hct_signal: getCdmaLevel--cdmaDbm = 2147483647
05-23 11:58:22.918  5662  5662 I hct_signal: getEvdoLevel -- evdoDbm = 2147483647
05-23 11:58:22.918  5662  5662 I hct_signal: getCdmaLevel--cdmaDbm = 2147483647
05-23 11:58:22.933  5095  6264 W AudioALSACaptureDataProviderNormal: readThread, latency_in_s,0.000002,0.039717,0.000046, totalTime 0.039765 > logTimeout 0.022000 TIMEOUT!!
05-23 11:58:22.973  5095  6264 W AudioALSACaptureDataProviderNormal: readThread, latency_in_s,0.000001,0.039671,0.000048, totalTime 0.039719 > logTimeout 0.022000 TIMEOUT!!
05-23 11:58:23.013  5095  6264 W AudioALSACaptureDataProviderNormal: readThread, latency_in_s,0.000001,0.039782,0.000095, totalTime 0.039878 > logTimeout 0.022000 TIMEOUT!!
05-23 11:58:23.313  5095  6264 W AudioALSACaptureDataProviderNormal: readThread, latency_in_s,0.000002,0.039653,0.000054, totalTime 0.039709 > logTimeout 0.022000 TIMEOUT!!
05-23 11:58:23.373  5095  6264 W AudioALSACaptureDataProviderNormal: readThread, latency_in_s,0.000001,0.039939,0.000086, totalTime 0.040026 > logTimeout 0.022000 TIMEOUT!!
05-23 11:58:23.626   940   940 I BufferQueueProducer: [StatusBar#233](this:0xb4000070ae69bb90,id:-1,api:0,p:-1,c:940) queueBuffer: fps=0.50 dur=2005.19 max=2005.19 min=2005.19
05-23 11:58:23.629   902   902 I hwcomposer: [HWCDisplay] setColorTransformForJob ccorr_state=1->0 hint=1 force_disable_color=0 identity=0
05-23 11:58:23.629   902   902 I hwcomposer: [HWCDisplay] [Display_0 (type:1)] fps:0.997613,dur:2004.79,max:1858.38,min:146.40
05-23 11:58:23.629   902  1109 I hwcomposer: [DEV] 1024    0    0    0
05-23 11:58:23.630   902  1109 I hwcomposer: [DEV]    0  813    0    0
05-23 11:58:23.630   902  1109 I hwcomposer: [DEV]    0    0  613    0
05-23 11:58:23.630   902  1109 I hwcomposer: [DEV]    0    0    0 1024
05-23 11:58:23.630   902  1109 I hwcomposer: [DEV] [DEV] color transform: feature_flag=0
05-23 11:58:23.744   902  1108 I hwcomposer: [HWC] (0)fire a callback of refresh to SF[4]
05-23 11:58:23.764   940   940 I BufferQueueProducer: [FramebufferSurface](this:0xb40000705e4e7410,id:-1,api:1,p:940,c:940) queueBuffer: fps=0.50 dur=1994.67 max=1994.67 min=1994.67
05-23 11:58:23.765   902   902 I hwcomposer: [HWCDisplay] setColorTransformForJob ccorr_state=0->1 hint=0 force_disable_color=1 identity=1
05-23 11:58:23.765   902  1109 I hwcomposer: [DEV] [DEV] (Send identity matrix)
05-23 11:58:23.873  5095  6264 W AudioALSACaptureDataProviderNormal: readThread, latency_in_s,0.000002,0.039698,0.000077, totalTime 0.039777 > logTimeout 0.022000 TIMEOUT!!
05-23 11:58:24.333  5095  6264 W AudioALSACaptureDataProviderNormal: readThread, latency_in_s,0.000002,0.039838,0.000078, totalTime 0.039918 > logTimeout 0.022000 TIMEOUT!!
05-23 11:58:24.533  5095  6264 W AudioALSACaptureDataProviderNormal: readThread, latency_in_s,0.000002,0.039736,0.000076, totalTime 0.039814 > logTimeout 0.022000 TIMEOUT!!
05-23 11:58:24.628   902   902 I hwcomposer: [HWCDisplay] setColorTransformForJob ccorr_state=1->0 hint=1 force_disable_color=0 identity=0
05-23 11:58:24.628   902  1109 I hwcomposer: [DEV] 1024    0    0    0
05-23 11:58:24.629   902  1109 I hwcomposer: [DEV]    0  813    0    0
05-23 11:58:24.629   902  1109 I hwcomposer: [DEV]    0    0  613    0
05-23 11:58:24.629   902  1109 I hwcomposer: [DEV]    0    0    0 1024
05-23 11:58:24.629   902  1109 I hwcomposer: [DEV] [DEV] color transform: feature_flag=0
05-23 11:58:24.752   902  1108 I hwcomposer: [HWC] (0)fire a callback of refresh to SF[4]
05-23 11:58:24.771   940   940 I BufferQueueProducer: [FramebufferSurface](this:0xb40000705e4e7410,id:-1,api:1,p:940,c:940) queueBuffer: fps=0.99 dur=1006.57 max=1006.57 min=1006.57
05-23 11:58:24.771   902   902 I hwcomposer: [HWCDisplay] setColorTransformForJob ccorr_state=0->1 hint=0 force_disable_color=1 identity=1
05-23 11:58:24.771   902   902 I hwcomposer: [HWCDisplay] [Display_0 (type:1)] fps:2.625389,dur:1142.69,max:862.75,min:136.18
05-23 11:58:24.772   902  1109 I hwcomposer: [DEV] [DEV] (Send identity matrix)
05-23 11:58:25.353  5095  6264 W AudioALSACaptureDataProviderNormal: readThread, latency_in_s,0.000002,0.039728,0.000079, totalTime 0.039809 > logTimeout 0.022000 TIMEOUT!!
05-23 11:58:25.477  5662  5805 I hct_signal: getCdmaLevel--cdmaDbm = 2147483647
05-23 11:58:25.478  5662  5805 I hct_signal: getEvdoLevel -- evdoDbm = 2147483647
05-23 11:58:25.478  5662  5805 I hct_signal: getCdmaLevel--cdmaDbm = 2147483647
05-23 11:58:25.479  5662  5662 I hct_signal: getCdmaLevel--cdmaDbm = 2147483647
05-23 11:58:25.479  5662  5662 I hct_signal: getEvdoLevel -- evdoDbm = 2147483647
05-23 11:58:25.479  5662  5662 I hct_signal: getCdmaLevel--cdmaDbm = 2147483647
05-23 11:58:25.499   910   962 W AString : ctor got NULL, using empty string instead
05-23 11:58:25.500   910   962 I Gyroscope: write bias: [0.005905, 0.000133, 0.001487]
05-23 11:58:25.613  5095  6264 W AudioALSACaptureDataProviderNormal: readThread, latency_in_s,0.000002,0.039866,0.000084, totalTime 0.039953 > logTimeout 0.022000 TIMEOUT!!
05-23 11:58:25.813  5095  6264 W AudioALSACaptureDataProviderNormal: readThread, latency_in_s,0.000002,0.039839,0.000087, totalTime 0.039928 > logTimeout 0.022000 TIMEOUT!!
05-23 11:58:25.953  5095  6264 W AudioALSACaptureDataProviderNormal: readThread, latency_in_s,0.000002,0.039801,0.000084, totalTime 0.039886 > logTimeout 0.022000 TIMEOUT!!
05-23 11:58:26.613  5095  6264 W AudioALSACaptureDataProviderNormal: readThread, latency_in_s,0.000002,0.039714,0.000088, totalTime 0.039804 > logTimeout 0.022000 TIMEOUT!!
05-23 11:58:26.631   940   940 I BufferQueueProducer: [StatusBar#233](this:0xb4000070ae69bb90,id:-1,api:0,p:-1,c:940) queueBuffer: fps=0.67 dur=3005.19 max=2005.98 min=999.21
05-23 11:58:26.634   902   902 I hwcomposer: [HWCDisplay] setColorTransformForJob ccorr_state=1->0 hint=1 force_disable_color=0 identity=0
05-23 11:58:26.634   902   902 I hwcomposer: [HWCDisplay] [Display_0 (type:1)] fps:0.536774,dur:1862.98,max:1862.98,min:1862.98
05-23 11:58:26.635   902  1109 I hwcomposer: [DEV] 1024    0    0    0
05-23 11:58:26.635   902  1109 I hwcomposer: [DEV]    0  813    0    0
05-23 11:58:26.635   902  1109 I hwcomposer: [DEV]    0    0  613    0
05-23 11:58:26.635   902  1109 I hwcomposer: [DEV]    0    0    0 1024
05-23 11:58:26.635   902  1109 I hwcomposer: [DEV] [DEV] color transform: feature_flag=0
05-23 11:58:26.693  5095  6264 W AudioALSACaptureDataProviderNormal: readThread, latency_in_s,0.000002,0.039721,0.000088, totalTime 0.039811 > logTimeout 0.022000 TIMEOUT!!
05-23 11:58:26.760   902  1108 I hwcomposer: [HWC] (0)fire a callback of refresh to SF[4]
05-23 11:58:26.782   940   940 I BufferQueueProducer: [FramebufferSurface](this:0xb40000705e4e7410,id:-1,api:1,p:940,c:940) queueBuffer: fps=0.50 dur=2011.07 max=2011.07 min=2011.07
05-23 11:58:26.782   902   902 I hwcomposer: [HWCDisplay] setColorTransformForJob ccorr_state=0->1 hint=0 force_disable_color=1 identity=1
05-23 11:58:26.783   902  1109 I hwcomposer: [DEV] [DEV] (Send identity matrix)
05-23 11:58:27.373  5095  6264 W AudioALSACaptureDataProviderNormal: readThread, latency_in_s,0.000002,0.039852,0.000079, totalTime 0.039933 > logTimeout 0.022000 TIMEOUT!!
05-23 11:58:27.642   940   940 I BufferQueueProducer: [StatusBar#233](this:0xb4000070ae69bb90,id:-1,api:0,p:-1,c:940) queueBuffer: fps=0.99 dur=1011.31 max=1011.31 min=1011.31
05-23 11:58:27.645   902   902 I hwcomposer: [HWCDisplay] setColorTransformForJob ccorr_state=1->0 hint=1 force_disable_color=0 identity=0
05-23 11:58:27.645   902   902 I hwcomposer: [HWCDisplay] [Display_0 (type:1)] fps:1.978494,dur:1010.87,max:862.68,min:148.19
05-23 11:58:27.646   902  1109 I hwcomposer: [DEV] 1024    0    0    0
05-23 11:58:27.646   902  1109 I hwcomposer: [DEV]    0  813    0    0
05-23 11:58:27.646   902  1109 I hwcomposer: [DEV]    0    0  613    0
05-23 11:58:27.646   902  1109 I hwcomposer: [DEV]    0    0    0 1024
05-23 11:58:27.646   902  1109 I hwcomposer: [DEV] [DEV] color transform: feature_flag=0
05-23 11:58:27.768   902  1108 I hwcomposer: [HWC] (0)fire a callback of refresh to SF[4]
05-23 11:58:27.787   940   940 I BufferQueueProducer: [FramebufferSurface](this:0xb40000705e4e7410,id:-1,api:1,p:940,c:940) queueBuffer: fps=0.99 dur=1005.64 max=1005.64 min=1005.64
05-23 11:58:27.788   902   902 I hwcomposer: [HWCDisplay] setColorTransformForJob ccorr_state=0->1 hint=0 force_disable_color=1 identity=1
05-23 11:58:27.789   902  1109 I hwcomposer: [DEV] [DEV] (Send identity matrix)
05-23 11:58:28.126  5662  5805 I hct_signal: getCdmaLevel--cdmaDbm = 2147483647
05-23 11:58:28.126  5662  5805 I hct_signal: getEvdoLevel -- evdoDbm = 2147483647
05-23 11:58:28.126  5662  5805 I hct_signal: getCdmaLevel--cdmaDbm = 2147483647
05-23 11:58:28.127  5662  5662 I hct_signal: getCdmaLevel--cdmaDbm = 2147483647
05-23 11:58:28.127  5662  5662 I hct_signal: getEvdoLevel -- evdoDbm = 2147483647
05-23 11:58:28.127  5662  5662 I hct_signal: getCdmaLevel--cdmaDbm = 2147483647
05-23 11:58:28.373  5095  6264 W AudioALSACaptureDataProviderNormal: readThread, latency_in_s,0.000002,0.039617,0.000075, totalTime 0.039694 > logTimeout 0.022000 TIMEOUT!!
05-23 11:58:28.533  5095  6264 W AudioALSACaptureDataProviderNormal: readThread, latency_in_s,0.000002,0.039947,0.000084, totalTime 0.040033 > logTimeout 0.022000 TIMEOUT!!
05-23 11:58:28.633  5095  6264 W AudioALSACaptureDataProviderNormal: readThread, latency_in_s,0.000002,0.039677,0.000078, totalTime 0.039757 > logTimeout 0.022000 TIMEOUT!!
05-23 11:58:28.634   902   902 I hwcomposer: [HWCDisplay] setColorTransformForJob ccorr_state=1->0 hint=1 force_disable_color=0 identity=0
05-23 11:58:28.635   902  1109 I hwcomposer: [DEV] 1024    0    0    0
05-23 11:58:28.635   902  1109 I hwcomposer: [DEV]    0  813    0    0
05-23 11:58:28.635   902  1109 I hwcomposer: [DEV]    0    0  613    0
05-23 11:58:28.635   902  1109 I hwcomposer: [DEV]    0    0    0 1024
05-23 11:58:28.635   902  1109 I hwcomposer: [DEV] [DEV] color transform: feature_flag=0
05-23 11:58:28.756   902  1108 I hwcomposer: [HWC] (0)fire a callback of refresh to SF[4]
05-23 11:58:28.777   902   902 I hwcomposer: [HWCDisplay] setColorTransformForJob ccorr_state=0->1 hint=0 force_disable_color=1 identity=1
05-23 11:58:28.777   902   902 I hwcomposer: [HWCDisplay] [Display_0 (type:1)] fps:2.649702,dur:1132.20,max:845.95,min:142.98
05-23 11:58:28.778   902  1109 I hwcomposer: [DEV] [DEV] (Send identity matrix)
05-23 11:58:29.473  5095  6264 W AudioALSACaptureDataProviderNormal: readThread, latency_in_s,0.000002,0.039779,0.000081, totalTime 0.039863 > logTimeout 0.022000 TIMEOUT!!
05-23 11:58:29.637   940   940 I BufferQueueProducer: [StatusBar#233](this:0xb4000070ae69bb90,id:-1,api:0,p:-1,c:940) queueBuffer: fps=1.00 dur=1995.05 max=1006.03 min=989.02
05-23 11:58:29.640   902   902 I hwcomposer: [HWCDisplay] setColorTransformForJob ccorr_state=1->0 hint=1 force_disable_color=0 identity=0
05-23 11:58:29.641   902  1109 I hwcomposer: [DEV] 1024    0    0    0
05-23 11:58:29.641   902  1109 I hwcomposer: [DEV]    0  813    0    0
05-23 11:58:29.641   902  1109 I hwcomposer: [DEV]    0    0  613    0
05-23 11:58:29.641   902  1109 I hwcomposer: [DEV]    0    0    0 1024
05-23 11:58:29.641   902  1109 I hwcomposer: [DEV] [DEV] color transform: feature_flag=0
05-23 11:58:29.733  5095  6264 W AudioALSACaptureDataProviderNormal: readThread, latency_in_s,0.000003,0.039878,0.000090, totalTime 0.039971 > logTimeout 0.022000 TIMEOUT!!
05-23 11:58:29.764   902  1108 I hwcomposer: [HWC] (0)fire a callback of refresh to SF[4]
05-23 11:58:29.782   940   940 I BufferQueueProducer: [FramebufferSurface](this:0xb40000705e4e7410,id:-1,api:1,p:940,c:940) queueBuffer: fps=1.00 dur=1994.95 max=1005.60 min=989.36
05-23 11:58:29.783   902   902 I hwcomposer: [HWCDisplay] setColorTransformForJob ccorr_state=0->1 hint=0 force_disable_color=1 identity=1
05-23 11:58:29.783   902   902 I hwcomposer: [HWCDisplay] [Display_0 (type:1)] fps:1.988908,dur:1005.58,max:862.99,min:142.58
05-23 11:58:29.784   902  1109 I hwcomposer: [DEV] [DEV] (Send identity matrix)
05-23 11:58:29.853  5095  6264 W AudioALSACaptureDataProviderNormal: readThread, latency_in_s,0.000002,0.039771,0.000076, totalTime 0.039850 > logTimeout 0.022000 TIMEOUT!!
05-23 11:58:29.993  5095  6264 W AudioALSACaptureDataProviderNormal: readThread, latency_in_s,0.000002,0.039771,0.000094, totalTime 0.039867 > logTimeout 0.022000 TIMEOUT!!
05-23 11:58:30.113  5095  6264 W AudioALSACaptureDataProviderNormal: readThread, latency_in_s,0.000002,0.039790,0.000093, totalTime 0.039885 > logTimeout 0.022000 TIMEOUT!!
05-23 11:58:30.153  5095  6264 W AudioALSACaptureDataProviderNormal: readThread, latency_in_s,0.000001,0.039586,0.000094, totalTime 0.039682 > logTimeout 0.022000 TIMEOUT!!
05-23 11:58:30.277  5662  5805 I hct_signal: getCdmaLevel--cdmaDbm = 2147483647
05-23 11:58:30.277  5662  5805 I hct_signal: getEvdoLevel -- evdoDbm = 2147483647
05-23 11:58:30.277  5662  5805 I hct_signal: getCdmaLevel--cdmaDbm = 2147483647
05-23 11:58:30.278  5662  5662 I hct_signal: getCdmaLevel--cdmaDbm = 2147483647
05-23 11:58:30.278  5662  5662 I hct_signal: getEvdoLevel -- evdoDbm = 2147483647
05-23 11:58:30.278  5662  5662 I hct_signal: getCdmaLevel--cdmaDbm = 2147483647
05-23 11:58:30.553  5095  6264 W AudioALSACaptureDataProviderNormal: readThread, latency_in_s,0.000003,0.039852,0.000104, totalTime 0.039959 > logTimeout 0.022000 TIMEOUT!!
05-23 11:58:30.713  5095  6264 W AudioALSACaptureDataProviderNormal: readThread, latency_in_s,0.000002,0.039749,0.000084, totalTime 0.039835 > logTimeout 0.022000 TIMEOUT!!
05-23 11:58:31.273  5095  6264 W AudioALSACaptureDataProviderNormal: readThread, latency_in_s,0.000002,0.039763,0.000085, totalTime 0.039850 > logTimeout 0.022000 TIMEOUT!!
05-23 11:58:31.317  5662  5805 I hct_signal: getCdmaLevel--cdmaDbm = 2147483647
05-23 11:58:31.317  5662  5805 I hct_signal: getEvdoLevel -- evdoDbm = 2147483647
05-23 11:58:31.317  5662  5805 I hct_signal: getCdmaLevel--cdmaDbm = 2147483647
05-23 11:58:31.318  5662  5662 I hct_signal: getCdmaLevel--cdmaDbm = 2147483647
05-23 11:58:31.318  5662  5662 I hct_signal: getEvdoLevel -- evdoDbm = 2147483647
05-23 11:58:31.318  5662  5662 I hct_signal: getCdmaLevel--cdmaDbm = 2147483647
05-23 11:58:31.773  5095  6264 W AudioALSACaptureDataProviderNormal: readThread, latency_in_s,0.000002,0.039793,0.000093, totalTime 0.039888 > logTimeout 0.022000 TIMEOUT!!
05-23 11:58:31.893  5095  6264 W AudioALSACaptureDataProviderNormal: readThread, latency_in_s,0.000002,0.039822,0.000080, totalTime 0.039903 > logTimeout 0.022000 TIMEOUT!!
05-23 11:58:32.353  5095  6264 W AudioALSACaptureDataProviderNormal: readThread, latency_in_s,0.000002,0.039946,0.000086, totalTime 0.040034 > logTimeout 0.022000 TIMEOUT!!
05-23 11:58:32.443  1213  1213 I thermal_repeater: [recvMdThermalInfo] ret=26, strLen=127,  3, 32, -2, 0, 32767, 9450
05-23 11:58:32.661   940   940 I BufferQueueProducer: [StatusBar#233](this:0xb4000070ae69bb90,id:-1,api:0,p:-1,c:940) queueBuffer: fps=0.33 dur=3023.75 max=3023.75 min=3023.75
05-23 11:58:32.663   902   902 I hwcomposer: [HWCDisplay] setColorTransformForJob ccorr_state=1->0 hint=1 force_disable_color=0 identity=0
05-23 11:58:32.663   902   902 I hwcomposer: [HWCDisplay] [Display_0 (type:1)] fps:0.347196,dur:2880.22,max:2880.22,min:2880.22
05-23 11:58:32.664   902  1109 I hwcomposer: [DEV] 1024    0    0    0
05-23 11:58:32.664   902  1109 I hwcomposer: [DEV]    0  813    0    0
05-23 11:58:32.664   902  1109 I hwcomposer: [DEV]    0    0  613    0
05-23 11:58:32.664   902  1109 I hwcomposer: [DEV]    0    0    0 1024
05-23 11:58:32.664   902  1109 I hwcomposer: [DEV] [DEV] color transform: feature_flag=0
05-23 11:58:32.780   902  1108 I hwcomposer: [HWC] (0)fire a callback of refresh to SF[4]
05-23 11:58:32.800   940   940 I BufferQueueProducer: [FramebufferSurface](this:0xb40000705e4e7410,id:-1,api:1,p:940,c:940) queueBuffer: fps=0.33 dur=3017.39 max=3017.39 min=3017.39
05-23 11:58:32.800   902   902 I hwcomposer: [HWCDisplay] setColorTransformForJob ccorr_state=0->1 hint=0 force_disable_color=1 identity=1
05-23 11:58:32.801   902  1109 I hwcomposer: [DEV] [DEV] (Send identity matrix)
05-23 11:58:33.663   902   902 I hwcomposer: [HWCDisplay] setColorTransformForJob ccorr_state=1->0 hint=1 force_disable_color=0 identity=0
05-23 11:58:33.664   902   902 I hwcomposer: [HWCDisplay] [Display_0 (type:1)] fps:1.999384,dur:1000.31,max:862.97,min:137.34
05-23 11:58:33.664   902  1109 I hwcomposer: [DEV] 1024    0    0    0
05-23 11:58:33.665   902  1109 I hwcomposer: [DEV]    0  813    0    0
05-23 11:58:33.665   902  1109 I hwcomposer: [DEV]    0    0  613    0
05-23 11:58:33.665   902  1109 I hwcomposer: [DEV]    0    0    0 1024
05-23 11:58:33.665   902  1109 I hwcomposer: [DEV] [DEV] color transform: feature_flag=0
05-23 11:58:33.784   902  1108 I hwcomposer: [HWC] (0)fire a callback of refresh to SF[4]
05-23 11:58:33.805   940   940 I BufferQueueProducer: [FramebufferSurface](this:0xb40000705e4e7410,id:-1,api:1,p:940,c:940) queueBuffer: fps=0.99 dur=1005.69 max=1005.69 min=1005.69
05-23 11:58:33.806   902   902 I hwcomposer: [HWCDisplay] setColorTransformForJob ccorr_state=0->1 hint=0 force_disable_color=1 identity=1
05-23 11:58:33.807   902  1109 I hwcomposer: [DEV] [DEV] (Send identity matrix)
05-23 11:58:33.813  5095  6264 W AudioALSACaptureDataProviderNormal: readThread, latency_in_s,0.000002,0.039628,0.000083, totalTime 0.039713 > logTimeout 0.022000 TIMEOUT!!
05-23 11:58:34.013  5095  6264 W AudioALSACaptureDataProviderNormal: readThread, latency_in_s,0.000003,0.039719,0.000100, totalTime 0.039822 > logTimeout 0.022000 TIMEOUT!!
05-23 11:58:34.273  5095  6264 W AudioALSACaptureDataProviderNormal: readThread, latency_in_s,0.000002,0.039800,0.000093, totalTime 0.039894 > logTimeout 0.022000 TIMEOUT!!
05-23 11:58:34.276  6306  8469 I native  : I0000 00:00:1716429514.276324    8469 soda_async_impl.cc:1571] Current audio timestamp: 1716429514114586
05-23 11:58:34.333  5095  6264 W AudioALSACaptureDataProviderNormal: readThread, latency_in_s,0.000001,0.039818,0.000052, totalTime 0.039871 > logTimeout 0.022000 TIMEOUT!!
05-23 11:58:34.373  5095  6264 W AudioALSACaptureDataProviderNormal: readThread, latency_in_s,0.000001,0.039799,0.000069, totalTime 0.039869 > logTimeout 0.022000 TIMEOUT!!
05-23 11:58:34.436  6306  6711 I HDM.SodaAudioManager: (REDACTED) #onAudioData: %s bytes, getAudioReadSize %s
05-23 11:58:34.437  5662  5805 I hct_signal: getCdmaLevel--cdmaDbm = 2147483647
05-23 11:58:34.437  5662  5805 I hct_signal: getEvdoLevel -- evdoDbm = 2147483647
05-23 11:58:34.437  5662  5805 I hct_signal: getCdmaLevel--cdmaDbm = 2147483647
05-23 11:58:34.438  5662  5662 I hct_signal: getCdmaLevel--cdmaDbm = 2147483647
05-23 11:58:34.438  5662  5662 I hct_signal: getEvdoLevel -- evdoDbm = 2147483647
05-23 11:58:34.438  5662  5662 I hct_signal: getCdmaLevel--cdmaDbm = 2147483647
05-23 11:58:34.713  5095  6264 W AudioALSACaptureDataProviderNormal: readThread, latency_in_s,0.000002,0.039786,0.000082, totalTime 0.039870 > logTimeout 0.022000 TIMEOUT!!
05-23 11:58:35.313  5095  6264 W AudioALSACaptureDataProviderNormal: readThread, latency_in_s,0.000002,0.039771,0.000077, totalTime 0.039850 > logTimeout 0.022000 TIMEOUT!!
05-23 11:58:35.653  5095  6264 W AudioALSACaptureDataProviderNormal: readThread, latency_in_s,0.000002,0.039755,0.000086, totalTime 0.039843 > logTimeout 0.022000 TIMEOUT!!
05-23 11:58:35.678   940   940 I BufferQueueProducer: [StatusBar#233](this:0xb4000070ae69bb90,id:-1,api:0,p:-1,c:940) queueBuffer: fps=0.66 dur=3017.55 max=2018.17 min=999.39
05-23 11:58:35.682   902   902 I hwcomposer: [HWCDisplay] setColorTransformForJob ccorr_state=1->0 hint=1 force_disable_color=0 identity=0
05-23 11:58:35.682   902   902 I hwcomposer: [HWCDisplay] [Display_0 (type:1)] fps:0.990963,dur:2018.24,max:1875.69,min:142.55
05-23 11:58:35.683   902  1109 I hwcomposer: [DEV] 1024    0    0    0
05-23 11:58:35.683   902  1109 I hwcomposer: [DEV]    0  813    0    0
05-23 11:58:35.683   902  1109 I hwcomposer: [DEV]    0    0  613    0
05-23 11:58:35.683   902  1109 I hwcomposer: [DEV]    0    0    0 1024
05-23 11:58:35.683   902  1109 I hwcomposer: [DEV] [DEV] color transform: feature_flag=0
05-23 11:58:35.780   902  1108 I hwcomposer: [HWC] (0)fire a callback of refresh to SF[4]
05-23 11:58:35.801   940   940 I BufferQueueProducer: [FramebufferSurface](this:0xb40000705e4e7410,id:-1,api:1,p:940,c:940) queueBuffer: fps=0.50 dur=1995.06 max=1995.06 min=1995.06
05-23 11:58:35.801   902   902 I hwcomposer: [HWCDisplay] setColorTransformForJob ccorr_state=0->1 hint=0 force_disable_color=1 identity=1
05-23 11:58:35.802   902  1109 I hwcomposer: [DEV] [DEV] (Send identity matrix)
05-23 11:58:35.933  5095  6264 W AudioALSACaptureDataProviderNormal: readThread, latency_in_s,0.000002,0.039838,0.000088, totalTime 0.039928 > logTimeout 0.022000 TIMEOUT!!
05-23 11:58:36.073  5095  6264 W AudioALSACaptureDataProviderNormal: readThread, latency_in_s,0.000002,0.039774,0.000082, totalTime 0.039858 > logTimeout 0.022000 TIMEOUT!!
05-23 11:58:36.213  5095  6264 W AudioALSACaptureDataProviderNormal: readThread, latency_in_s,0.000002,0.039784,0.000086, totalTime 0.039872 > logTimeout 0.022000 TIMEOUT!!
05-23 11:58:36.293  5095  6264 W AudioALSACaptureDataProviderNormal: readThread, latency_in_s,0.000002,0.039793,0.000072, totalTime 0.039867 > logTimeout 0.022000 TIMEOUT!!
05-23 11:58:36.353  5095  6264 W AudioALSACaptureDataProviderNormal: readThread, latency_in_s,0.000002,0.039833,0.000084, totalTime 0.039919 > logTimeout 0.022000 TIMEOUT!!
05-23 11:58:36.433  5095  6264 W AudioALSACaptureDataProviderNormal: readThread, latency_in_s,0.000002,0.039849,0.000079, totalTime 0.039930 > logTimeout 0.022000 TIMEOUT!!
05-23 11:58:36.653  5095  6264 W AudioALSACaptureDataProviderNormal: readThread, latency_in_s,0.000002,0.039759,0.000084, totalTime 0.039845 > logTimeout 0.022000 TIMEOUT!!
05-23 11:58:36.664   902   902 I hwcomposer: [HWCDisplay] setColorTransformForJob ccorr_state=1->0 hint=1 force_disable_color=0 identity=0
05-23 11:58:36.665   902  1109 I hwcomposer: [DEV] 1024    0    0    0
05-23 11:58:36.665   902  1109 I hwcomposer: [DEV]    0  813    0    0
05-23 11:58:36.665   902  1109 I hwcomposer: [DEV]    0    0  613    0
05-23 11:58:36.665   902  1109 I hwcomposer: [DEV]    0    0    0 1024
05-23 11:58:36.665   902  1109 I hwcomposer: [DEV] [DEV] color transform: feature_flag=0
05-23 11:58:36.788   902  1108 I hwcomposer: [HWC] (0)fire a callback of refresh to SF[4]
05-23 11:58:36.806   940   940 I BufferQueueProducer: [FramebufferSurface](this:0xb40000705e4e7410,id:-1,api:1,p:940,c:940) queueBuffer: fps=0.99 dur=1005.62 max=1005.62 min=1005.62
05-23 11:58:36.807   902   902 I hwcomposer: [HWCDisplay] setColorTransformForJob ccorr_state=0->1 hint=0 force_disable_color=1 identity=1
05-23 11:58:36.807   902   902 I hwcomposer: [HWCDisplay] [Display_0 (type:1)] fps:2.666692,dur:1124.99,max:862.59,min:119.39
05-23 11:58:36.807   902  1109 I hwcomposer: [DEV] [DEV] (Send identity matrix)
05-23 11:58:36.989  5608  5691 E NetlinkUtils: receiveNetlinkAck, errmsg=NetlinkErrorMessage{ nlmsghdr{StructNlMsgHdr{ nlmsg_len{100}, nlmsg_type{2()}, nlmsg_flags{0()}, nlmsg_seq{1}, nlmsg_pid{-940558298} }}, nlmsgerr{StructNlMsgErr{ error{-2}, msg{StructNlMsgHdr{ nlmsg_len{80}, nlmsg_type{256()}, nlmsg_flags{261(NLM_F_REQUEST|NLM_F_ACK|NLM_F_ROOT)}, nlmsg_seq{1}, nlmsg_pid{0} }} }} }
05-23 11:58:36.990  5608  5691 W Tethering: [BpfCoordinator] WARN Failed to update conntrack entry (proto: 6, src4: /192.168.223.119, srcPort: 50268, dst4: /202.7.177.50, dstPort: 443), msg: 5000000000010501010000000000000002000000340001801400018008000100C0A8DF7708000200CA07B1321C000280050001000600000006000200C45C00000600030001BB00000800070000069780, e: android.system.ErrnoException: NetlinkErrorMessage{ nlmsghdr{StructNlMsgHdr{ nlmsg_len{100}, nlmsg_type{2()}, nlmsg_flags{0()}, nlmsg_seq{1}, nlmsg_pid{-940558298} }}, nlmsgerr{StructNlMsgErr{ error{-2}, msg{StructNlMsgHdr{ nlmsg_len{80}, nlmsg_type{256()}, nlmsg_flags{261(NLM_F_REQUEST|NLM_F_ACK|NLM_F_ROOT)}, nlmsg_seq{1}, nlmsg_pid{0} }} }} } failed: ENOENT (No such file or directory)
05-23 11:58:37.013  5095  6264 W AudioALSACaptureDataProviderNormal: readThread, latency_in_s,0.000002,0.039820,0.000076, totalTime 0.039898 > logTimeout 0.022000 TIMEOUT!!
05-23 11:58:37.053  5095  6264 W AudioALSACaptureDataProviderNormal: readThread, latency_in_s,0.000001,0.039640,0.000076, totalTime 0.039717 > logTimeout 0.022000 TIMEOUT!!
05-23 11:58:37.076  5662  5805 I hct_signal: getCdmaLevel--cdmaDbm = 2147483647
05-23 11:58:37.076  5662  5805 I hct_signal: getEvdoLevel -- evdoDbm = 2147483647
05-23 11:58:37.076  5662  5805 I hct_signal: getCdmaLevel--cdmaDbm = 2147483647
05-23 11:58:37.077  5662  5662 I hct_signal: getCdmaLevel--cdmaDbm = 2147483647
05-23 11:58:37.077  5662  5662 I hct_signal: getEvdoLevel -- evdoDbm = 2147483647
05-23 11:58:37.077  5662  5662 I hct_signal: getCdmaLevel--cdmaDbm = 2147483647
05-23 11:58:37.113  5095  6264 W AudioALSACaptureDataProviderNormal: readThread, latency_in_s,0.000002,0.039796,0.000069, totalTime 0.039867 > logTimeout 0.022000 TIMEOUT!!
05-23 11:58:37.153  5095  6264 W AudioALSACaptureDataProviderNormal: readThread, latency_in_s,0.000001,0.039660,0.000072, totalTime 0.039733 > logTimeout 0.022000 TIMEOUT!!
05-23 11:58:37.733  5095  6264 W AudioALSACaptureDataProviderNormal: readThread, latency_in_s,0.000002,0.039728,0.000081, totalTime 0.039811 > logTimeout 0.022000 TIMEOUT!!
05-23 11:58:38.237  5098 15826 I resolv  : GetAddrInfoHandler::run: {107 107 107 983147 10212 0}
05-23 11:58:38.238  5098 15827 I resolv  : res_nmkquery: (QUERY, IN, A)
05-23 11:58:38.264  5098 15827 I resolv  : res_nsend: used send_dg 59 terrno: 0
05-23 11:58:38.265  5098 15827 I resolv  : doQuery: rcode=0, ancount=1, return value=59
05-23 11:58:38.553  5095  6264 W AudioALSACaptureDataProviderNormal: readThread, latency_in_s,0.000002,0.039778,0.000083, totalTime 0.039863 > logTimeout 0.022000 TIMEOUT!!
05-23 11:58:38.696   940   940 I BufferQueueProducer: [StatusBar#233](this:0xb4000070ae69bb90,id:-1,api:0,p:-1,c:940) queueBuffer: fps=0.66 dur=3017.25 max=2034.84 min=982.41
05-23 11:58:38.699   902   902 I hwcomposer: [HWCDisplay] setColorTransformForJob ccorr_state=1->0 hint=1 force_disable_color=0 identity=0
05-23 11:58:38.699   902   902 I hwcomposer: [HWCDisplay] [Display_0 (type:1)] fps:0.528440,dur:1892.36,max:1892.36,min:1892.36
05-23 11:58:38.700   902  1109 I hwcomposer: [DEV] 1024    0    0    0
05-23 11:58:38.700   902  1109 I hwcomposer: [DEV]    0  813    0    0
05-23 11:58:38.700   902  1109 I hwcomposer: [DEV]    0    0  613    0
05-23 11:58:38.700   902  1109 I hwcomposer: [DEV]    0    0    0 1024
05-23 11:58:38.700   902  1109 I hwcomposer: [DEV] [DEV] color transform: feature_flag=0
05-23 11:58:38.796   902  1108 I hwcomposer: [HWC] (0)fire a callback of refresh to SF[4]
05-23 11:58:38.818   940   940 I BufferQueueProducer: [FramebufferSurface](this:0xb40000705e4e7410,id:-1,api:1,p:940,c:940) queueBuffer: fps=0.50 dur=2011.55 max=2011.55 min=2011.55
05-23 11:58:38.818   902   902 I hwcomposer: [HWCDisplay] setColorTransformForJob ccorr_state=0->1 hint=0 force_disable_color=1 identity=1
05-23 11:58:38.819   902  1109 I hwcomposer: [DEV] [DEV] (Send identity matrix)
05-23 11:58:39.001  5098 15830 I resolv  : GetAddrInfoHandler::run: {107 262251 107 983147 10215 0}
05-23 11:58:39.001  5098 15830 I resolv  : GetAddrInfoHandler::run: network access blocked
05-23 11:58:39.007  5098 15831 I resolv  : GetAddrInfoHandler::run: {107 262251 107 983147 10215 0}
05-23 11:58:39.007  5098 15831 I resolv  : GetAddrInfoHandler::run: network access blocked
05-23 11:58:39.015  5098 15832 I resolv  : GetAddrInfoHandler::run: {107 262251 107 983147 10215 0}
05-23 11:58:39.015  5098 15832 I resolv  : GetAddrInfoHandler::run: network access blocked
05-23 11:58:39.025  5098 15833 I resolv  : GetAddrInfoHandler::run: {107 262251 107 983147 10215 0}
05-23 11:58:39.025  5098 15833 I resolv  : GetAddrInfoHandler::run: network access blocked
05-23 11:58:39.493  5095  6264 W AudioALSACaptureDataProviderNormal: readThread, latency_in_s,0.000002,0.039857,0.000081, totalTime 0.039940 > logTimeout 0.022000 TIMEOUT!!
05-23 11:58:39.717  5662  5805 I hct_signal: getCdmaLevel--cdmaDbm = 2147483647
05-23 11:58:39.717  5662  5805 I hct_signal: getEvdoLevel -- evdoDbm = 2147483647
05-23 11:58:39.717  5662  5805 I hct_signal: getCdmaLevel--cdmaDbm = 2147483647
05-23 11:58:39.719  5662  5662 I hct_signal: getCdmaLevel--cdmaDbm = 2147483647
05-23 11:58:39.719  5662  5662 I hct_signal: getEvdoLevel -- evdoDbm = 2147483647
05-23 11:58:39.719  5662  5662 I hct_signal: getCdmaLevel--cdmaDbm = 2147483647
05-23 11:58:40.273  5095  6264 W AudioALSACaptureDataProviderNormal: readThread, latency_in_s,0.000002,0.039849,0.000075, totalTime 0.039927 > logTimeout 0.022000 TIMEOUT!!
05-23 11:58:40.707   940   940 I BufferQueueProducer: [StatusBar#233](this:0xb4000070ae69bb90,id:-1,api:0,p:-1,c:940) queueBuffer: fps=0.50 dur=2011.60 max=2011.60 min=2011.60
05-23 11:58:40.710   902   902 I hwcomposer: [HWCDisplay] setColorTransformForJob ccorr_state=1->0 hint=1 force_disable_color=0 identity=0
05-23 11:58:40.711   902   902 I hwcomposer: [HWCDisplay] [Display_0 (type:1)] fps:0.994335,dur:2011.40,max:1892.02,min:119.38
05-23 11:58:40.711   902  1109 I hwcomposer: [DEV] 1024    0    0    0
05-23 11:58:40.711   902  1109 I hwcomposer: [DEV]    0  813    0    0
05-23 11:58:40.711   902  1109 I hwcomposer: [DEV]    0    0  613    0
05-23 11:58:40.711   902  1109 I hwcomposer: [DEV]    0    0    0 1024
05-23 11:58:40.711   902  1109 I hwcomposer: [DEV] [DEV] color transform: feature_flag=0
05-23 11:58:40.808   902  1108 I hwcomposer: [HWC] (0)fire a callback of refresh to SF[4]
05-23 11:58:40.829   940   940 I BufferQueueProducer: [FramebufferSurface](this:0xb40000705e4e7410,id:-1,api:1,p:940,c:940) queueBuffer: fps=0.50 dur=2011.59 max=2011.59 min=2011.59
05-23 11:58:40.830   902   902 I hwcomposer: [HWCDisplay] setColorTransformForJob ccorr_state=0->1 hint=0 force_disable_color=1 identity=1
05-23 11:58:40.830   902  1109 I hwcomposer: [DEV] [DEV] (Send identity matrix)
05-23 11:58:41.692   902   902 I hwcomposer: [HWCDisplay] setColorTransformForJob ccorr_state=1->0 hint=1 force_disable_color=0 identity=0
05-23 11:58:41.693   902  1109 I hwcomposer: [DEV] 1024    0    0    0
05-23 11:58:41.693   902  1109 I hwcomposer: [DEV]    0  813    0    0
05-23 11:58:41.693   902  1109 I hwcomposer: [DEV]    0    0  613    0
05-23 11:58:41.693   902  1109 I hwcomposer: [DEV]    0    0    0 1024
05-23 11:58:41.693   902  1109 I hwcomposer: [DEV] [DEV] color transform: feature_flag=0
05-23 11:58:41.713  5095  6264 W AudioALSACaptureDataProviderNormal: readThread, latency_in_s,0.000002,0.039795,0.000083, totalTime 0.039879 > logTimeout 0.022000 TIMEOUT!!
05-23 11:58:41.816   902  1108 I hwcomposer: [HWC] (0)fire a callback of refresh to SF[4]
05-23 11:58:41.835   940   940 I BufferQueueProducer: [FramebufferSurface](this:0xb40000705e4e7410,id:-1,api:1,p:940,c:940) queueBuffer: fps=0.99 dur=1006.16 max=1006.16 min=1006.16
05-23 11:58:41.836   902   902 I hwcomposer: [HWCDisplay] setColorTransformForJob ccorr_state=0->1 hint=0 force_disable_color=1 identity=1
05-23 11:58:41.836   902   902 I hwcomposer: [HWCDisplay] [Display_0 (type:1)] fps:2.665001,dur:1125.70,max:862.54,min:119.47
05-23 11:58:41.837   902  1109 I hwcomposer: [DEV] [DEV] (Send identity matrix)
05-23 11:58:41.953  5095  6264 W AudioALSACaptureDataProviderNormal: readThread, latency_in_s,0.000002,0.039683,0.000072, totalTime 0.039757 > logTimeout 0.022000 TIMEOUT!!
05-23 11:58:42.326  5662  5805 I hct_signal: getCdmaLevel--cdmaDbm = 2147483647
05-23 11:58:42.326  5662  5805 I hct_signal: getEvdoLevel -- evdoDbm = 2147483647
05-23 11:58:42.326  5662  5805 I hct_signal: getCdmaLevel--cdmaDbm = 2147483647
05-23 11:58:42.327  5662  5662 I hct_signal: getCdmaLevel--cdmaDbm = 2147483647
05-23 11:58:42.327  5662  5662 I hct_signal: getEvdoLevel -- evdoDbm = 2147483647
05-23 11:58:42.327  5662  5662 I hct_signal: getCdmaLevel--cdmaDbm = 2147483647
05-23 11:58:42.455  1213  1213 I thermal_repeater: [recvMdThermalInfo] ret=26, strLen=127,  3, 32, -5, 0, 32767, 9450
05-23 11:58:42.573  5095  6264 W AudioALSACaptureDataProviderNormal: readThread, latency_in_s,0.000002,0.039729,0.000092, totalTime 0.039823 > logTimeout 0.022000 TIMEOUT!!
05-23 11:58:42.693  5095  6264 W AudioALSACaptureDataProviderNormal: readThread, latency_in_s,0.000002,0.039749,0.000091, totalTime 0.039843 > logTimeout 0.022000 TIMEOUT!!
