05-23 11:59:17.513  5095  6264 W AudioALSACaptureDataProviderNormal: readThread, latency_in_s,0.000002,0.039786,0.000083, totalTime 0.039871 > logTimeout 0.022000 TIMEOUT!!
05-23 11:59:17.653  5095  6264 W AudioALSACaptureDataProviderNormal: readThread, latency_in_s,0.000002,0.039852,0.000067, totalTime 0.039921 > logTimeout 0.022000 TIMEOUT!!
05-23 11:59:17.893  5095  6264 W AudioALSACaptureDataProviderNormal: readThread, latency_in_s,0.000003,0.039812,0.000089, totalTime 0.039904 > logTimeout 0.022000 TIMEOUT!!
05-23 11:59:17.953  5095  6264 W AudioALSACaptureDataProviderNormal: readThread, latency_in_s,0.000002,0.039633,0.000086, totalTime 0.039722 > logTimeout 0.022000 TIMEOUT!!
05-23 11:59:17.995  5662  5805 I hct_signal: getCdmaLevel--cdmaDbm = 2147483647
05-23 11:59:17.996  5662  5805 I hct_signal: getEvdoLevel -- evdoDbm = 2147483647
05-23 11:59:17.996  5662  5805 I hct_signal: getCdmaLevel--cdmaDbm = 2147483647
05-23 11:59:17.997  5662  5662 I hct_signal: getCdmaLevel--cdmaDbm = 2147483647
05-23 11:59:17.997  5662  5662 I hct_signal: getEvdoLevel -- evdoDbm = 2147483647
05-23 11:59:17.997  5662  5662 I hct_signal: getCdmaLevel--cdmaDbm = 2147483647
05-23 11:59:18.033  5095  6264 W AudioALSACaptureDataProviderNormal: readThread, latency_in_s,0.000002,0.040221,0.000099, totalTime 0.040323 > logTimeout 0.022000 TIMEOUT!!
05-23 11:59:18.166  5098 27229 I netd    : tetherGetStats() -> {[TetherStatsParcel{iface: ccmni1, rxBytes: 167371, rxPackets: 1608, txBytes: 685313, txPackets: 3512, ifIndex: 0}]} <3.15ms>
05-23 11:59:18.188  5098 27229 I netd    : bandwidthSetGlobalAlert(2097152) <0.31ms>
05-23 11:59:18.197  5098 27229 I netd    : bandwidthRemoveInterfaceQuota(ccmni1) <4.12ms>
05-23 11:59:18.201  5098 27229 I netd    : bandwidthSetInterfaceQuota(ccmni1, 9223372036854775807) <3.00ms>
05-23 11:59:18.273  5095  6264 W AudioALSACaptureDataProviderNormal: readThread, latency_in_s,0.000002,0.039798,0.000090, totalTime 0.039890 > logTimeout 0.022000 TIMEOUT!!
05-23 11:59:18.353  5095  6264 W AudioALSACaptureDataProviderNormal: readThread, latency_in_s,0.000002,0.039659,0.000087, totalTime 0.039748 > logTimeout 0.022000 TIMEOUT!!
05-23 11:59:18.773  5095  6264 W AudioALSACaptureDataProviderNormal: readThread, latency_in_s,0.000002,0.039807,0.000057, totalTime 0.039865 > logTimeout 0.022000 TIMEOUT!!
05-23 11:59:18.813  5095  6264 W AudioALSACaptureDataProviderNormal: readThread, latency_in_s,0.000001,0.039682,0.000049, totalTime 0.039732 > logTimeout 0.022000 TIMEOUT!!
05-23 11:59:18.933  5095  6264 W AudioALSACaptureDataProviderNormal: readThread, latency_in_s,0.000002,0.039920,0.000087, totalTime 0.040009 > logTimeout 0.022000 TIMEOUT!!
05-23 11:59:19.153  5095  6264 W AudioALSACaptureDataProviderNormal: readThread, latency_in_s,0.000002,0.039753,0.000081, totalTime 0.039837 > logTimeout 0.022000 TIMEOUT!!
05-23 11:59:19.473  5095  6264 W AudioALSACaptureDataProviderNormal: readThread, latency_in_s,0.000003,0.039551,0.000048, totalTime 0.039602 > logTimeout 0.022000 TIMEOUT!!
05-23 11:59:19.533  5095  6264 W AudioALSACaptureDataProviderNormal: readThread, latency_in_s,0.000002,0.039899,0.000070, totalTime 0.039971 > logTimeout 0.022000 TIMEOUT!!
05-23 11:59:19.833  5095  6264 W AudioALSACaptureDataProviderNormal: readThread, latency_in_s,0.000002,0.039546,0.000085, totalTime 0.039633 > logTimeout 0.022000 TIMEOUT!!
05-23 11:59:19.973  5095  6264 W AudioALSACaptureDataProviderNormal: readThread, latency_in_s,0.000003,0.039755,0.000084, totalTime 0.039842 > logTimeout 0.022000 TIMEOUT!!
05-23 11:59:20.193  5095  6264 W AudioALSACaptureDataProviderNormal: readThread, latency_in_s,0.000002,0.039836,0.000055, totalTime 0.039894 > logTimeout 0.022000 TIMEOUT!!
05-23 11:59:20.453  5095  6264 W AudioALSACaptureDataProviderNormal: readThread, latency_in_s,0.000002,0.039675,0.000084, totalTime 0.039762 > logTimeout 0.022000 TIMEOUT!!
05-23 11:59:20.637  5662  5805 I hct_signal: getCdmaLevel--cdmaDbm = 2147483647
05-23 11:59:20.637  5662  5805 I hct_signal: getEvdoLevel -- evdoDbm = 2147483647
05-23 11:59:20.637  5662  5805 I hct_signal: getCdmaLevel--cdmaDbm = 2147483647
05-23 11:59:20.638  5662  5662 I hct_signal: getCdmaLevel--cdmaDbm = 2147483647
05-23 11:59:20.638  5662  5662 I hct_signal: getEvdoLevel -- evdoDbm = 2147483647
05-23 11:59:20.639  5662  5662 I hct_signal: getCdmaLevel--cdmaDbm = 2147483647
05-23 11:59:20.693  5095  6264 W AudioALSACaptureDataProviderNormal: readThread, latency_in_s,0.000002,0.039603,0.000059, totalTime 0.039664 > logTimeout 0.022000 TIMEOUT!!
05-23 11:59:20.854  3310  3310 I abb     : StartCommandInProcess(73657474696e67730067657400656e61 settings.get.ena [truncated])
05-23 11:59:20.864  3310  3310 I abb     : StartCommandInProcess(7061636b61676500696e7374616c6c00 package.install. [truncated])
05-23 11:59:20.881  5228  6829 I PowerHalWrapper: <setInstallationBoost> enable:true
05-23 11:59:20.883   920   953 I libPowerHal: [perfUserGetCapability] MTKPOWER_CMD_GET_INSTALL_MAX_DURATION cmd:110, time:90000 ms
05-23 11:59:20.883   920   953 I libPowerHal: [perfUserGetCapability] MTKPOWER_CMD_GET_INSTALL_MAX_DURATION cmd:110, time:90000 ms
05-23 11:59:20.884   920  1002 I libPowerHal: [perfLockAcq] idx:0 hdl:32225 hint:29 pid:920 duration:90000 lock_user:mtkpower@1.0-se => ret_hdl:32225
05-23 11:59:20.884   920  1002 I libPowerHal: MTKPOWER_HINT_PMS_INSTALL: cpu_ctrl set cpu freq: 2000000 -1 2200000 -1
05-23 11:59:20.884   920  1002 E libPowerHal: Could not open '/proc/ppm/policy/ut_fix_freq_idx'
05-23 11:59:20.884   920  1002 E libPowerHal: error : 13, Permission denied
05-23 11:59:20.885   920  1002 E libPowerHal: Could not open '/proc/gpufreq/gpufreq_opp_freq'
05-23 11:59:20.885   920  1002 E libPowerHal: error : 13, Permission denied
05-23 11:59:20.885   920  1002 E libPowerHal: Could not open '/sys/devices/platform/10012000.dvfsrc/helio-dvfsrc/dvfsrc_force_vcore_dvfs_opp'
05-23 11:59:20.885   920  1002 E libPowerHal: error : 2, No such file or directory
05-23 11:59:20.885   920  1002 E libPowerHal: Could not open '/sys/devices/system/cpu/sched/sched_boost'
05-23 11:59:20.885   920  1002 E libPowerHal: error : 2, No such file or directory
05-23 11:59:20.885   920  1002 I libPowerHal: [PE] MTKPOWER_HINT_PMS_INSTALL update cmd:1000000, param:0
05-23 11:59:20.885   920  1002 I libPowerHal: [PE] MTKPOWER_HINT_PMS_INSTALL update cmd:1000000 param:0
05-23 11:59:20.893  5095  6264 W AudioALSACaptureDataProviderNormal: readThread, latency_in_s,0.000002,0.039720,0.000056, totalTime 0.039779 > logTimeout 0.022000 TIMEOUT!!
05-23 11:59:20.933  5095  6264 W AudioALSACaptureDataProviderNormal: readThread, latency_in_s,0.000001,0.039689,0.000061, totalTime 0.039752 > logTimeout 0.022000 TIMEOUT!!
05-23 11:59:20.973  5095  6264 W AudioALSACaptureDataProviderNormal: readThread, latency_in_s,0.000001,0.039726,0.000052, totalTime 0.039778 > logTimeout 0.022000 TIMEOUT!!
05-23 11:59:21.013  5095  6264 W AudioALSACaptureDataProviderNormal: readThread, latency_in_s,0.000001,0.039719,0.000068, totalTime 0.039788 > logTimeout 0.022000 TIMEOUT!!
05-23 11:59:21.053  5095  6264 W AudioALSACaptureDataProviderNormal: readThread, latency_in_s,0.000001,0.039699,0.000061, totalTime 0.039761 > logTimeout 0.022000 TIMEOUT!!
05-23 11:59:21.113  5095  6264 W AudioALSACaptureDataProviderNormal: readThread, latency_in_s,0.000001,0.039772,0.000062, totalTime 0.039835 > logTimeout 0.022000 TIMEOUT!!
05-23 11:59:21.153  5095  6264 W AudioALSACaptureDataProviderNormal: readThread, latency_in_s,0.000001,0.039649,0.000065, totalTime 0.039716 > logTimeout 0.022000 TIMEOUT!!
05-23 11:59:21.193  5095  6264 W AudioALSACaptureDataProviderNormal: readThread, latency_in_s,0.000001,0.039554,0.000062, totalTime 0.039617 > logTimeout 0.022000 TIMEOUT!!
05-23 11:59:21.233  5095  6264 W AudioALSACaptureDataProviderNormal: readThread, latency_in_s,0.000001,0.039653,0.000057, totalTime 0.039711 > logTimeout 0.022000 TIMEOUT!!
05-23 11:59:21.273  5095  6264 W AudioALSACaptureDataProviderNormal: readThread, latency_in_s,0.000001,0.039680,0.000058, totalTime 0.039739 > logTimeout 0.022000 TIMEOUT!!
05-23 11:59:21.313  5095  6264 W AudioALSACaptureDataProviderNormal: readThread, latency_in_s,0.000001,0.039707,0.000053, totalTime 0.039761 > logTimeout 0.022000 TIMEOUT!!
05-23 11:59:21.353  5095  6264 W AudioALSACaptureDataProviderNormal: readThread, latency_in_s,0.000001,0.039769,0.000053, totalTime 0.039822 > logTimeout 0.022000 TIMEOUT!!
05-23 11:59:21.393  5095  6264 W AudioALSACaptureDataProviderNormal: readThread, latency_in_s,0.000001,0.039608,0.000062, totalTime 0.039671 > logTimeout 0.022000 TIMEOUT!!
05-23 11:59:21.433  5095  6264 W AudioALSACaptureDataProviderNormal: readThread, latency_in_s,0.000001,0.039728,0.000057, totalTime 0.039786 > logTimeout 0.022000 TIMEOUT!!
05-23 11:59:21.473  5095  6264 W AudioALSACaptureDataProviderNormal: readThread, latency_in_s,0.000001,0.039693,0.000054, totalTime 0.039748 > logTimeout 0.022000 TIMEOUT!!
05-23 11:59:21.513  5095  6264 W AudioALSACaptureDataProviderNormal: readThread, latency_in_s,0.000001,0.039647,0.000054, totalTime 0.039702 > logTimeout 0.022000 TIMEOUT!!
05-23 11:59:21.553  5095  6264 W AudioALSACaptureDataProviderNormal: readThread, latency_in_s,0.000001,0.039743,0.000062, totalTime 0.039805 > logTimeout 0.022000 TIMEOUT!!
05-23 11:59:21.593  5095  6264 W AudioALSACaptureDataProviderNormal: readThread, latency_in_s,0.000001,0.039653,0.000061, totalTime 0.039715 > logTimeout 0.022000 TIMEOUT!!
05-23 11:59:21.633  5095  6264 W AudioALSACaptureDataProviderNormal: readThread, latency_in_s,0.000001,0.039723,0.000059, totalTime 0.039783 > logTimeout 0.022000 TIMEOUT!!
05-23 11:59:21.673  5095  6264 W AudioALSACaptureDataProviderNormal: readThread, latency_in_s,0.000001,0.039657,0.000067, totalTime 0.039725 > logTimeout 0.022000 TIMEOUT!!
05-23 11:59:21.713  5095  6264 W AudioALSACaptureDataProviderNormal: readThread, latency_in_s,0.000001,0.039717,0.000065, totalTime 0.039783 > logTimeout 0.022000 TIMEOUT!!
05-23 11:59:21.753  5095  6264 W AudioALSACaptureDataProviderNormal: readThread, latency_in_s,0.000001,0.039631,0.000090, totalTime 0.039722 > logTimeout 0.022000 TIMEOUT!!
05-23 11:59:21.793  5095  6264 W AudioALSACaptureDataProviderNormal: readThread, latency_in_s,0.000001,0.039686,0.000059, totalTime 0.039746 > logTimeout 0.022000 TIMEOUT!!
05-23 11:59:21.833  5095  6264 W AudioALSACaptureDataProviderNormal: readThread, latency_in_s,0.000001,0.039789,0.000063, totalTime 0.039853 > logTimeout 0.022000 TIMEOUT!!
05-23 11:59:21.873  5095  6264 W AudioALSACaptureDataProviderNormal: readThread, latency_in_s,0.000001,0.039619,0.000055, totalTime 0.039674 > logTimeout 0.022000 TIMEOUT!!
05-23 11:59:21.913  5095  6264 W AudioALSACaptureDataProviderNormal: readThread, latency_in_s,0.000001,0.039626,0.000056, totalTime 0.039683 > logTimeout 0.022000 TIMEOUT!!
05-23 11:59:21.931  1296  1439 E MICROARRAY: [ma_tac_calc_interrupt_para:591] msg.response.ret = 0
05-23 11:59:21.933  6022 15841 I NetworkScheduler.Stats: (REDACTED) Task %s/%s finished executing. cause:%s result: %s elapsed_millis: %s uptime_millis: %s exec_start_elapsed_seconds: %s
05-23 11:59:21.953  5095  6264 W AudioALSACaptureDataProviderNormal: readThread, latency_in_s,0.000001,0.039663,0.000061, totalTime 0.039725 > logTimeout 0.022000 TIMEOUT!!
05-23 11:59:22.033  5095  6264 W AudioALSACaptureDataProviderNormal: readThread, latency_in_s,0.000002,0.039777,0.000061, totalTime 0.039839 > logTimeout 0.022000 TIMEOUT!!
05-23 11:59:22.093  5095  6264 W AudioALSACaptureDataProviderNormal: readThread, latency_in_s,0.000001,0.039824,0.000057, totalTime 0.039882 > logTimeout 0.022000 TIMEOUT!!
05-23 11:59:22.133  5095  6264 W AudioALSACaptureDataProviderNormal: readThread, latency_in_s,0.000001,0.039728,0.000057, totalTime 0.039786 > logTimeout 0.022000 TIMEOUT!!
05-23 11:59:22.156  5662  5805 I hct_signal: getCdmaLevel--cdmaDbm = 2147483647
05-23 11:59:22.156  5662  5805 I hct_signal: getEvdoLevel -- evdoDbm = 2147483647
05-23 11:59:22.156  5662  5805 I hct_signal: getCdmaLevel--cdmaDbm = 2147483647
05-23 11:59:22.157  5662  5662 I hct_signal: getCdmaLevel--cdmaDbm = 2147483647
05-23 11:59:22.157  5662  5662 I hct_signal: getEvdoLevel -- evdoDbm = 2147483647
05-23 11:59:22.157  5662  5662 I hct_signal: getCdmaLevel--cdmaDbm = 2147483647
05-23 11:59:22.173  5095  6264 W AudioALSACaptureDataProviderNormal: readThread, latency_in_s,0.000001,0.039707,0.000056, totalTime 0.039764 > logTimeout 0.022000 TIMEOUT!!
05-23 11:59:22.213  5095  6264 W AudioALSACaptureDataProviderNormal: readThread, latency_in_s,0.000001,0.039650,0.000067, totalTime 0.039719 > logTimeout 0.022000 TIMEOUT!!
05-23 11:59:22.238  5228  6829 I PowerHalWrapper: <setInstallationBoost> enable:true
05-23 11:59:22.239   920   953 I libPowerHal: [perfUserGetCapability] MTKPOWER_CMD_GET_INSTALL_MAX_DURATION cmd:110, time:90000 ms
05-23 11:59:22.239   920   953 I libPowerHal: [perfUserGetCapability] MTKPOWER_CMD_GET_INSTALL_MAX_DURATION cmd:110, time:90000 ms
05-23 11:59:22.239   920  1002 I libPowerHal: [perfLockAcq] idx:1 hdl:32226 hint:29 pid:920 duration:90000 lock_user:mtkpower@1.0-se => ret_hdl:32226
05-23 11:59:22.239   920  1002 E libPowerHal: Could not open '/proc/ppm/policy/ut_fix_freq_idx'
05-23 11:59:22.239   920  1002 E libPowerHal: error : 13, Permission denied
05-23 11:59:22.240   920  1002 E libPowerHal: Could not open '/proc/gpufreq/gpufreq_opp_freq'
05-23 11:59:22.240   920  1002 E libPowerHal: error : 13, Permission denied
05-23 11:59:22.240   920  1002 E libPowerHal: Could not open '/sys/devices/platform/10012000.dvfsrc/helio-dvfsrc/dvfsrc_force_vcore_dvfs_opp'
05-23 11:59:22.240   920  1002 E libPowerHal: error : 2, No such file or directory
05-23 11:59:22.240   920  1002 E libPowerHal: Could not open '/sys/devices/system/cpu/sched/sched_boost'
05-23 11:59:22.240   920  1002 E libPowerHal: error : 2, No such file or directory
05-23 11:59:22.240   920  1002 I libPowerHal: [perfLockRel] hdl:32225, idx:0
05-23 11:59:22.253  5095  6264 W AudioALSACaptureDataProviderNormal: readThread, latency_in_s,0.000001,0.039639,0.000063, totalTime 0.039703 > logTimeout 0.022000 TIMEOUT!!
05-23 11:59:22.293  5095  6264 W AudioALSACaptureDataProviderNormal: readThread, latency_in_s,0.000001,0.039730,0.000060, totalTime 0.039792 > logTimeout 0.022000 TIMEOUT!!
05-23 11:59:22.333  5095  6264 W AudioALSACaptureDataProviderNormal: readThread, latency_in_s,0.000001,0.039694,0.000058, totalTime 0.039753 > logTimeout 0.022000 TIMEOUT!!
05-23 11:59:22.373  5095  6264 W AudioALSACaptureDataProviderNormal: readThread, latency_in_s,0.000001,0.039698,0.000053, totalTime 0.039752 > logTimeout 0.022000 TIMEOUT!!
05-23 11:59:22.413  5095  6264 W AudioALSACaptureDataProviderNormal: readThread, latency_in_s,0.000001,0.039682,0.000063, totalTime 0.039746 > logTimeout 0.022000 TIMEOUT!!
05-23 11:59:22.453  5095  6264 W AudioALSACaptureDataProviderNormal: readThread, latency_in_s,0.000001,0.039681,0.000057, totalTime 0.039739 > logTimeout 0.022000 TIMEOUT!!
05-23 11:59:22.493  5095  6264 W AudioALSACaptureDataProviderNormal: readThread, latency_in_s,0.000001,0.039693,0.000059, totalTime 0.039753 > logTimeout 0.022000 TIMEOUT!!
05-23 11:59:22.508  1213  1213 I thermal_repeater: [recvMdThermalInfo] ret=26, strLen=127,  3, 32, 0, -1, 32767, 9450
05-23 11:59:22.533  5095  6264 W AudioALSACaptureDataProviderNormal: readThread, latency_in_s,0.000001,0.039685,0.000058, totalTime 0.039744 > logTimeout 0.022000 TIMEOUT!!
05-23 11:59:22.573  5095  6264 W AudioALSACaptureDataProviderNormal: readThread, latency_in_s,0.000001,0.039687,0.000056, totalTime 0.039744 > logTimeout 0.022000 TIMEOUT!!
05-23 11:59:22.613  5095  6264 W AudioALSACaptureDataProviderNormal: readThread, latency_in_s,0.000001,0.039694,0.000058, totalTime 0.039753 > logTimeout 0.022000 TIMEOUT!!
05-23 11:59:22.653  5095  6264 W AudioALSACaptureDataProviderNormal: readThread, latency_in_s,0.000001,0.039698,0.000052, totalTime 0.039751 > logTimeout 0.022000 TIMEOUT!!
05-23 11:59:22.685  5228  5298 I PowerHalWrapper: PowerHalWrapper.getInstance
05-23 11:59:22.692  5228  5286 E PackageManager: ERROR: could not load root hash from incremental install
05-23 11:59:22.693  5095  6264 W AudioALSACaptureDataProviderNormal: readThread, latency_in_s,0.000001,0.039630,0.000055, totalTime 0.039686 > logTimeout 0.022000 TIMEOUT!!
05-23 11:59:22.707 13860 13860 I Finsky  : [2] akvk.c(67): VerifyApps: Install-time verification requested for package io.digitalterrain.plod, id = 21
05-23 11:59:22.733  5095  6264 W AudioALSACaptureDataProviderNormal: readThread, latency_in_s,0.000002,0.039034,0.000059, totalTime 0.039095 > logTimeout 0.022000 TIMEOUT!!
05-23 11:59:22.735 13860 15847 I Finsky  : [175] VerifyAppsInstallTask.nZ(52): VerifyApps: Anti-malware verification task started for package=io.digitalterrain.plod
05-23 11:59:22.736 13860 15847 I Finsky  : [175] alby.a(65): Single user settings service is not running, bind it now
05-23 11:59:22.739  5228  5286 I PackageManager: Integrity check passed for file:///data/app/vmdl642423915.tmp
05-23 11:59:22.742 13860 13860 I Finsky  : [2] skq.onServiceConnected(96): Single user settings service is connected
05-23 11:59:22.760 13860 15847 W Settings: Setting install_non_market_apps has moved from android.provider.Settings.Global to android.provider.Settings.Secure, returning read-only value.
05-23 11:59:22.773  5095  6264 W AudioALSACaptureDataProviderNormal: readThread, latency_in_s,0.000001,0.039635,0.000148, totalTime 0.039785 > logTimeout 0.022000 TIMEOUT!!
05-23 11:59:22.776 13860 15847 W PackageParser: Unknown element under <manifest>: queries at /data/app/vmdl642423915.tmp/base.apk Binary XML file line #53
05-23 11:59:22.813  5095  6264 W AudioALSACaptureDataProviderNormal: readThread, latency_in_s,0.000001,0.039630,0.000059, totalTime 0.039690 > logTimeout 0.022000 TIMEOUT!!
05-23 11:59:22.853  5095  6264 W AudioALSACaptureDataProviderNormal: readThread, latency_in_s,0.000001,0.039724,0.000067, totalTime 0.039791 > logTimeout 0.022000 TIMEOUT!!
05-23 11:59:22.893  5095  6264 W AudioALSACaptureDataProviderNormal: readThread, latency_in_s,0.000001,0.039692,0.000058, totalTime 0.039751 > logTimeout 0.022000 TIMEOUT!!
05-23 11:59:22.933  5095  6264 W AudioALSACaptureDataProviderNormal: readThread, latency_in_s,0.000001,0.039666,0.000056, totalTime 0.039723 > logTimeout 0.022000 TIMEOUT!!
05-23 11:59:22.973  5095  6264 W AudioALSACaptureDataProviderNormal: readThread, latency_in_s,0.000001,0.039703,0.000053, totalTime 0.039757 > logTimeout 0.022000 TIMEOUT!!
05-23 11:59:23.013  5095  6264 W AudioALSACaptureDataProviderNormal: readThread, latency_in_s,0.000001,0.039665,0.000061, totalTime 0.039727 > logTimeout 0.022000 TIMEOUT!!
05-23 11:59:23.053  5095  6264 W AudioALSACaptureDataProviderNormal: readThread, latency_in_s,0.000001,0.039690,0.000061, totalTime 0.039752 > logTimeout 0.022000 TIMEOUT!!
05-23 11:59:23.093  5095  6264 W AudioALSACaptureDataProviderNormal: readThread, latency_in_s,0.000001,0.039685,0.000063, totalTime 0.039749 > logTimeout 0.022000 TIMEOUT!!
05-23 11:59:23.133  5095  6264 W AudioALSACaptureDataProviderNormal: readThread, latency_in_s,0.000001,0.039682,0.000063, totalTime 0.039746 > logTimeout 0.022000 TIMEOUT!!
05-23 11:59:23.173  5095  6264 W AudioALSACaptureDataProviderNormal: readThread, latency_in_s,0.000001,0.039699,0.000061, totalTime 0.039761 > logTimeout 0.022000 TIMEOUT!!
05-23 11:59:23.195  5662  5805 I hct_signal: getCdmaLevel--cdmaDbm = 2147483647
05-23 11:59:23.195  5662  5805 I hct_signal: getEvdoLevel -- evdoDbm = 2147483647
05-23 11:59:23.195  5662  5805 I hct_signal: getCdmaLevel--cdmaDbm = 2147483647
05-23 11:59:23.196  5662  5662 I hct_signal: getCdmaLevel--cdmaDbm = 2147483647
05-23 11:59:23.196  5662  5662 I hct_signal: getEvdoLevel -- evdoDbm = 2147483647
05-23 11:59:23.196  5662  5662 I hct_signal: getCdmaLevel--cdmaDbm = 2147483647
05-23 11:59:23.213  5095  6264 W AudioALSACaptureDataProviderNormal: readThread, latency_in_s,0.000001,0.039642,0.000061, totalTime 0.039704 > logTimeout 0.022000 TIMEOUT!!
05-23 11:59:23.253  5095  6264 W AudioALSACaptureDataProviderNormal: readThread, latency_in_s,0.000001,0.039640,0.000055, totalTime 0.039696 > logTimeout 0.022000 TIMEOUT!!
05-23 11:59:23.293  5095  6264 W AudioALSACaptureDataProviderNormal: readThread, latency_in_s,0.000001,0.039686,0.000058, totalTime 0.039744 > logTimeout 0.022000 TIMEOUT!!
05-23 11:59:23.333  5095  6264 W AudioALSACaptureDataProviderNormal: readThread, latency_in_s,0.000001,0.039708,0.000060, totalTime 0.039769 > logTimeout 0.022000 TIMEOUT!!
05-23 11:59:23.373  5095  6264 W AudioALSACaptureDataProviderNormal: readThread, latency_in_s,0.000001,0.039668,0.000060, totalTime 0.039729 > logTimeout 0.022000 TIMEOUT!!
05-23 11:59:23.413  5095  6264 W AudioALSACaptureDataProviderNormal: readThread, latency_in_s,0.000001,0.039678,0.000065, totalTime 0.039744 > logTimeout 0.022000 TIMEOUT!!
05-23 11:59:23.453  5095  6264 W AudioALSACaptureDataProviderNormal: readThread, latency_in_s,0.000001,0.039706,0.000055, totalTime 0.039762 > logTimeout 0.022000 TIMEOUT!!
05-23 11:59:23.493  5095  6264 W AudioALSACaptureDataProviderNormal: readThread, latency_in_s,0.000001,0.039720,0.000061, totalTime 0.039783 > logTimeout 0.022000 TIMEOUT!!
05-23 11:59:23.533  5095  6264 W AudioALSACaptureDataProviderNormal: readThread, latency_in_s,0.000001,0.039684,0.000061, totalTime 0.039747 > logTimeout 0.022000 TIMEOUT!!
05-23 11:59:23.593  5095  6264 W AudioALSACaptureDataProviderNormal: readThread, latency_in_s,0.000001,0.039821,0.000059, totalTime 0.039881 > logTimeout 0.022000 TIMEOUT!!
05-23 11:59:23.633  5095  6264 W AudioALSACaptureDataProviderNormal: readThread, latency_in_s,0.000001,0.039682,0.000057, totalTime 0.039739 > logTimeout 0.022000 TIMEOUT!!
05-23 11:59:23.646 13860 15847 I Finsky  : [175] VerifyAppsInstallTask.ab(155): VerifyApps: Installer app: com.android.shell
05-23 11:59:23.654 13860 15847 I Finsky  : [175] qrn.e(29): Task 7 requested foreground
05-23 11:59:23.657 13860 15847 I Finsky  : [175] qrn.e(90): Not entering foreground
05-23 11:59:23.665  5098 15850 I resolv  : GetAddrInfoHandler::run: {107 262251 107 983147 10152 0}
05-23 11:59:23.666  5098 15851 I resolv  : res_nmkquery: (QUERY, IN, A)
05-23 11:59:23.673  5095  6264 W AudioALSACaptureDataProviderNormal: readThread, latency_in_s,0.000001,0.039658,0.000053, totalTime 0.039712 > logTimeout 0.022000 TIMEOUT!!
05-23 11:59:23.702  5098 15851 I resolv  : res_nsend: used send_dg 84 terrno: 0
05-23 11:59:23.702  5098 15851 I resolv  : doQuery: rcode=0, ancount=2, return value=84
05-23 11:59:23.733  5095  6264 W AudioALSACaptureDataProviderNormal: readThread, latency_in_s,0.000001,0.040292,0.000059, totalTime 0.040353 > logTimeout 0.022000 TIMEOUT!!
05-23 11:59:23.755  5662  5805 I hct_signal: getCdmaLevel--cdmaDbm = 2147483647
05-23 11:59:23.755  5662  5805 I hct_signal: getEvdoLevel -- evdoDbm = 2147483647
05-23 11:59:23.755  5662  5805 I hct_signal: getCdmaLevel--cdmaDbm = 2147483647
05-23 11:59:23.756  5662  5662 I hct_signal: getCdmaLevel--cdmaDbm = 2147483647
05-23 11:59:23.756  5662  5662 I hct_signal: getEvdoLevel -- evdoDbm = 2147483647
05-23 11:59:23.756  5662  5662 I hct_signal: getCdmaLevel--cdmaDbm = 2147483647
05-23 11:59:23.773  5095  6264 W AudioALSACaptureDataProviderNormal: readThread, latency_in_s,0.000001,0.039241,0.000057, totalTime 0.039299 > logTimeout 0.022000 TIMEOUT!!
05-23 11:59:23.833  5095  6264 W AudioALSACaptureDataProviderNormal: readThread, latency_in_s,0.000001,0.039803,0.000056, totalTime 0.039860 > logTimeout 0.022000 TIMEOUT!!
05-23 11:59:23.913  5095  6264 W AudioALSACaptureDataProviderNormal: readThread, latency_in_s,0.000001,0.039797,0.000062, totalTime 0.039861 > logTimeout 0.022000 TIMEOUT!!
05-23 11:59:24.133  5095  6264 W AudioALSACaptureDataProviderNormal: readThread, latency_in_s,0.000001,0.039811,0.000058, totalTime 0.039871 > logTimeout 0.022000 TIMEOUT!!
05-23 11:59:24.191   910   962 W AString : ctor got NULL, using empty string instead
05-23 11:59:24.191   910   962 I Gyroscope: write bias: [0.006456, 0.000133, 0.001573]
05-23 11:59:24.290 13860 15853 I Finsky  : [179] alav.g(53): VerifyApps: Verification package=io.digitalterrain.plod, id=21, response=0, upload_requested=false
05-23 11:59:24.300 13860 15847 I Finsky  : [175] VerifyAdvancedProtectionInstallTask.nZ(9): VerifyApps AdvancedProtection: Verify AP install started
05-23 11:59:24.302 13860 15847 I Finsky  : [175] VerifyAdvancedProtectionInstallTask.nZ(43): VerifyApps AdvancedProtection: Allowing install because there are no Advanced Protection users
05-23 11:59:24.304 13860 13860 I Finsky  : [2] VerifyAdvancedProtectionInstallTask.nY(29): VerifyApps AdvancedProtection: Reported Advanced Protection verification result: ALLOW
05-23 11:59:24.305 13860 15847 E Finsky  : [175] VerifyPerSourceInstallationConsentInstallTask.e(19): Package name null is not an installed package
05-23 11:59:24.306 13860 15847 I Finsky  : [175] VerifyPerSourceInstallationConsentInstallTask.nZ(247): PSIC verification started with installer uid: 2000 package name: null, originating uid: -1
05-23 11:59:24.308 13860 15847 I Finsky  : [175] VerifyInstallTask.j(17): VerifyApps: Returning package verification result id=21, result=ALLOW
05-23 11:59:24.309  5228  5298 I PowerHalWrapper: PowerHalWrapper.getInstance
05-23 11:59:24.313  5095  6264 W AudioALSACaptureDataProviderNormal: readThread, latency_in_s,0.000002,0.039751,0.000059, totalTime 0.039811 > logTimeout 0.022000 TIMEOUT!!
05-23 11:59:24.353  5095  6264 W AudioALSACaptureDataProviderNormal: readThread, latency_in_s,0.000001,0.039685,0.000056, totalTime 0.039742 > logTimeout 0.022000 TIMEOUT!!
05-23 11:59:24.393  5095  6264 W AudioALSACaptureDataProviderNormal: readThread, latency_in_s,0.000001,0.039679,0.000058, totalTime 0.039738 > logTimeout 0.022000 TIMEOUT!!
05-23 11:59:24.433  5095  6264 W AudioALSACaptureDataProviderNormal: readThread, latency_in_s,0.000001,0.039756,0.000060, totalTime 0.039816 > logTimeout 0.022000 TIMEOUT!!
05-23 11:59:24.473  5095  6264 W AudioALSACaptureDataProviderNormal: readThread, latency_in_s,0.000001,0.039660,0.000058, totalTime 0.039719 > logTimeout 0.022000 TIMEOUT!!
05-23 11:59:24.480  5228  5286 I PackageManager: Permission ownership changed. Updating all permissions.
05-23 11:59:24.513  5095  6264 W AudioALSACaptureDataProviderNormal: readThread, latency_in_s,0.000001,0.039765,0.000052, totalTime 0.039818 > logTimeout 0.022000 TIMEOUT!!
05-23 11:59:24.516  5662  5805 I hct_signal: getCdmaLevel--cdmaDbm = 2147483647
05-23 11:59:24.516  5662  5805 I hct_signal: getEvdoLevel -- evdoDbm = 2147483647
05-23 11:59:24.516  5662  5805 I hct_signal: getCdmaLevel--cdmaDbm = 2147483647
05-23 11:59:24.516  5662  5662 I hct_signal: getCdmaLevel--cdmaDbm = 2147483647
05-23 11:59:24.517  5662  5662 I hct_signal: getEvdoLevel -- evdoDbm = 2147483647
05-23 11:59:24.517  5662  5662 I hct_signal: getCdmaLevel--cdmaDbm = 2147483647
05-23 11:59:24.553  5095  6264 W AudioALSACaptureDataProviderNormal: readThread, latency_in_s,0.000001,0.039616,0.000053, totalTime 0.039670 > logTimeout 0.022000 TIMEOUT!!
05-23 11:59:24.593  5095  6264 W AudioALSACaptureDataProviderNormal: readThread, latency_in_s,0.000001,0.039627,0.000052, totalTime 0.039680 > logTimeout 0.022000 TIMEOUT!!
05-23 11:59:24.633  5095  6264 W AudioALSACaptureDataProviderNormal: readThread, latency_in_s,0.000001,0.039663,0.000052, totalTime 0.039716 > logTimeout 0.022000 TIMEOUT!!
05-23 11:59:24.634  5228  5244 W Looper  : Slow dispatch took 153ms android.fg h=android.os.Handler c=<recycled PooledLambda@577c139> m=0
05-23 11:59:24.673  5095  6264 W AudioALSACaptureDataProviderNormal: readThread, latency_in_s,0.000001,0.039702,0.000058, totalTime 0.039760 > logTimeout 0.022000 TIMEOUT!!
05-23 11:59:24.699  5228  5228 I TransportConnection: BackupTransportService#5: Notifying [PerformUnifiedRestoreTask.startRestore()] transport = BackupTransportClient
05-23 11:59:24.713  5095  6264 W AudioALSACaptureDataProviderNormal: readThread, latency_in_s,0.000001,0.039671,0.000060, totalTime 0.039731 > logTimeout 0.022000 TIMEOUT!!
05-23 11:59:24.714  6559 15400 I Backup  : [GmsBackupTransport] New restore session, 2 apps
05-23 11:59:24.731  6559 15400 I Backup  : [DenylistedInfoRequestProcessor] Attaching GetAppKeyDenylistInfo request to restore request.
05-23 11:59:24.753  5095  6264 W AudioALSACaptureDataProviderNormal: readThread, latency_in_s,0.000001,0.039658,0.000056, totalTime 0.039715 > logTimeout 0.022000 TIMEOUT!!
05-23 11:59:24.760  5098 15854 I resolv  : GetAddrInfoHandler::run: {107 786539 107 983147 10154 0}
05-23 11:59:24.761  5098 15855 I resolv  : res_nmkquery: (QUERY, IN, A)
05-23 11:59:24.784  5098 15855 I resolv  : res_nsend: used send_dg 152 terrno: 0
05-23 11:59:24.784  5098 15855 I resolv  : doQuery: rcode=0, ancount=7, return value=152
05-23 11:59:24.793  5095  6264 W AudioALSACaptureDataProviderNormal: readThread, latency_in_s,0.000001,0.039748,0.000058, totalTime 0.039807 > logTimeout 0.022000 TIMEOUT!!
05-23 11:59:24.814  6559 15400 W Conscrypt: Could not set socket write timeout: java.net.SocketException: Socket closed
05-23 11:59:24.817  6559 15400 W Conscrypt:     at com.google.android.gms.org.conscrypt.Platform.setSocketWriteTimeout(:com.google.android.gms@241616039@24.16.16 (190408-629452829):219)
05-23 11:59:24.817  6559 15400 W Conscrypt:     at com.google.android.gms.org.conscrypt.ConscryptFileDescriptorSocket.setSoWriteTimeout(:com.google.android.gms@241616039@24.16.16 (190408-629452829):4)
05-23 11:59:24.833  5095  6264 W AudioALSACaptureDataProviderNormal: readThread, latency_in_s,0.000001,0.039617,0.000060, totalTime 0.039677 > logTimeout 0.022000 TIMEOUT!!
05-23 11:59:24.841  5228  5244 W Looper  : Slow delivery took 202ms android.fg h=android.os.Handler c=<recycled PooledLambda@f37382> m=0
05-23 11:59:24.854  6306 21484 I HDM.SodaTrigFrontend: (REDACTED) appOpsListener %s %s
05-23 11:59:24.854  6306 21484 I HDM.SodaTrigFrontend: (REDACTED) Ignoring irrelevant audio permission changes for package %s
05-23 11:59:24.873  5095  6264 W AudioALSACaptureDataProviderNormal: readThread, latency_in_s,0.000001,0.039673,0.000058, totalTime 0.039733 > logTimeout 0.022000 TIMEOUT!!
05-23 11:59:24.933  5095  6264 W AudioALSACaptureDataProviderNormal: readThread, latency_in_s,0.000001,0.039820,0.000060, totalTime 0.039882 > logTimeout 0.022000 TIMEOUT!!
05-23 11:59:24.962  6559 15400 W Conscrypt: Could not set socket write timeout: java.net.SocketException: Socket closed
05-23 11:59:24.962  6559 15400 W Conscrypt:     at com.google.android.gms.org.conscrypt.Platform.setSocketWriteTimeout(:com.google.android.gms@241616039@24.16.16 (190408-629452829):219)
05-23 11:59:24.962  6559 15400 W Conscrypt:     at com.google.android.gms.org.conscrypt.ConscryptFileDescriptorSocket.setSoWriteTimeout(:com.google.android.gms@241616039@24.16.16 (190408-629452829):4)
05-23 11:59:24.973  5095  6264 W AudioALSACaptureDataProviderNormal: readThread, latency_in_s,0.000001,0.039643,0.000064, totalTime 0.039708 > logTimeout 0.022000 TIMEOUT!!
05-23 11:59:25.013  5095  6264 W AudioALSACaptureDataProviderNormal: readThread, latency_in_s,0.000001,0.039621,0.000067, totalTime 0.039689 > logTimeout 0.022000 TIMEOUT!!
05-23 11:59:25.053  5095  6264 W AudioALSACaptureDataProviderNormal: readThread, latency_in_s,0.000001,0.039733,0.000058, totalTime 0.039793 > logTimeout 0.022000 TIMEOUT!!
05-23 11:59:25.093  5095  6264 W AudioALSACaptureDataProviderNormal: readThread, latency_in_s,0.000001,0.039692,0.000053, totalTime 0.039746 > logTimeout 0.022000 TIMEOUT!!
05-23 11:59:25.133  5095  6264 W AudioALSACaptureDataProviderNormal: readThread, latency_in_s,0.000001,0.039706,0.000056, totalTime 0.039763 > logTimeout 0.022000 TIMEOUT!!
05-23 11:59:25.273  5095  6264 W AudioALSACaptureDataProviderNormal: readThread, latency_in_s,0.000001,0.039824,0.000054, totalTime 0.039879 > logTimeout 0.022000 TIMEOUT!!
05-23 11:59:25.353  5095  6264 W AudioALSACaptureDataProviderNormal: readThread, latency_in_s,0.000001,0.039773,0.000060, totalTime 0.039835 > logTimeout 0.022000 TIMEOUT!!
05-23 11:59:25.367  6559 15400 I Backup  : [BackupHttpRequestUtil] Http Response Code: 200
05-23 11:59:25.372  6559 15400 I Backup  : [GmsBackupTransport] Got kv restore package: @pm@
05-23 11:59:25.379  6559 18182 I Backup  : [GmsBackupTransport] Encrypted kv restore of @pm@
05-23 11:59:25.383  5228  5684 I RecoverableAppKeyStore: Get 0/10154/com.google.android.gms.backup/folsom/ABFAFFFBC3C1F1022D99B3A633BD3A01
05-23 11:59:25.393  5095  6264 W AudioALSACaptureDataProviderNormal: readThread, latency_in_s,0.000001,0.039663,0.000057, totalTime 0.039721 > logTimeout 0.022000 TIMEOUT!!
05-23 11:59:25.429  6559 18182 E GmsConnectionFactory: UID for network attribution might be misset for tag -252 [CONTEXT service_id=39 ]
05-23 11:59:25.429  6559 18182 E GmsConnectionFactory: elkx: FULL
05-23 11:59:25.429  6559 18182 E GmsConnectionFactory:  at a.T(:com.google.android.gms@241616039@24.16.16 (190408-629452829):9)
05-23 11:59:25.429  6559 18182 E GmsConnectionFactory:  at bagh.a(:com.google.android.gms@241616039@24.16.16 (190408-629452829):147)
05-23 11:59:25.429  6559 18182 E GmsConnectionFactory:  at bdpt.c(:com.google.android.gms@241616039@24.16.16 (190408-629452829):116)
05-23 11:59:25.429  6559 18182 E GmsConnectionFactory:  at bdpt.b(:com.google.android.gms@241616039@24.16.16 (190408-629452829):2)
05-23 11:59:25.429  6559 18182 E GmsConnectionFactory:  at agoa.a(:com.google.android.gms@241616039@24.16.16 (190408-629452829):116)
05-23 11:59:25.429  6559 18182 E GmsConnectionFactory:  at agtl.a(:com.google.android.gms@241616039@24.16.16 (190408-629452829):39)
05-23 11:59:25.429  6559 18182 E GmsConnectionFactory:  at agpe.b(:com.google.android.gms@241616039@24.16.16 (190408-629452829):242)
05-23 11:59:25.429  6559 18182 E GmsConnectionFactory:  at agoq.call(:com.google.android.gms@241616039@24.16.16 (190408-629452829):264)
05-23 11:59:25.429  6559 18182 E GmsConnectionFactory:  at agpe.s(:com.google.android.gms@241616039@24.16.16 (190408-629452829):1)
05-23 11:59:25.429  6559 18182 E GmsConnectionFactory:  at agpe.getRestoreData(:com.google.android.gms@241616039@24.16.16 (190408-629452829):11)
05-23 11:59:25.429  6559 18182 E GmsConnectionFactory:  at android.app.backup.BackupTransport$TransportImpl.getRestoreData(BackupTransport.java:830)
05-23 11:59:25.429  6559 18182 E GmsConnectionFactory:  at com.android.internal.backup.IBackupTransport$Stub.onTransact(IBackupTransport.java:716)
05-23 11:59:25.429  6559 18182 E GmsConnectionFactory:  at android.os.Binder.transact(Binder.java:1164)
05-23 11:59:25.429  6559 18182 E GmsConnectionFactory:  at bidb.onTransact(:com.google.android.gms@241616039@24.16.16 (190408-629452829):26)
05-23 11:59:25.429  6559 18182 E GmsConnectionFactory:  at android.os.Binder.transact(Binder.java:1164)
05-23 11:59:25.429  6559 18182 E GmsConnectionFactory:  at bakb.onTransact(:com.google.android.gms@241616039@24.16.16 (190408-629452829):147)
05-23 11:59:25.429  6559 18182 E GmsConnectionFactory:  at android.os.Binder.execTransactInternal(Binder.java:1285)
05-23 11:59:25.429  6559 18182 E GmsConnectionFactory:  at android.os.Binder.execTransact(Binder.java:1244)
05-23 11:59:25.430  5098 15858 I resolv  : GetAddrInfoHandler::run: {107 786539 107 983147 10154 0}
05-23 11:59:25.431  5098 15859 I resolv  : res_nmkquery: (QUERY, IN, A)
05-23 11:59:25.433  5095  6264 W AudioALSACaptureDataProviderNormal: readThread, latency_in_s,0.000001,0.039695,0.000063, totalTime 0.039759 > logTimeout 0.022000 TIMEOUT!!
05-23 11:59:25.453  5098 15859 I resolv  : res_nsend: used send_dg 192 terrno: 0
05-23 11:59:25.454  5098 15859 I resolv  : doQuery: rcode=0, ancount=8, return value=192
05-23 11:59:25.473  5095  6264 W AudioALSACaptureDataProviderNormal: readThread, latency_in_s,0.000001,0.039667,0.000052, totalTime 0.039720 > logTimeout 0.022000 TIMEOUT!!
05-23 11:59:25.484  6559 18182 W Conscrypt: Could not set socket write timeout: java.net.SocketException: Socket closed
05-23 11:59:25.484  6559 18182 W Conscrypt:     at com.google.android.gms.org.conscrypt.Platform.setSocketWriteTimeout(:com.google.android.gms@241616039@24.16.16 (190408-629452829):219)
05-23 11:59:25.484  6559 18182 W Conscrypt:     at com.google.android.gms.org.conscrypt.ConscryptFileDescriptorSocket.setSoWriteTimeout(:com.google.android.gms@241616039@24.16.16 (190408-629452829):4)
05-23 11:59:25.513  5095  6264 W AudioALSACaptureDataProviderNormal: readThread, latency_in_s,0.000001,0.039713,0.000062, totalTime 0.039776 > logTimeout 0.022000 TIMEOUT!!
05-23 11:59:25.573  5095  6264 W AudioALSACaptureDataProviderNormal: readThread, latency_in_s,0.000001,0.039832,0.000057, totalTime 0.039891 > logTimeout 0.022000 TIMEOUT!!
05-23 11:59:25.614  6559 18182 W Conscrypt: Could not set socket write timeout: java.net.SocketException: Socket closed
05-23 11:59:25.615  6559 18182 W Conscrypt:     at com.google.android.gms.org.conscrypt.Platform.setSocketWriteTimeout(:com.google.android.gms@241616039@24.16.16 (190408-629452829):219)
05-23 11:59:25.615  6559 18182 W Conscrypt:     at com.google.android.gms.org.conscrypt.ConscryptFileDescriptorSocket.setSoWriteTimeout(:com.google.android.gms@241616039@24.16.16 (190408-629452829):4)
05-23 11:59:25.633  5095  6264 W AudioALSACaptureDataProviderNormal: readThread, latency_in_s,0.000001,0.039821,0.000058, totalTime 0.039880 > logTimeout 0.022000 TIMEOUT!!
05-23 11:59:25.673  5095  6264 W AudioALSACaptureDataProviderNormal: readThread, latency_in_s,0.000001,0.039701,0.000054, totalTime 0.039756 > logTimeout 0.022000 TIMEOUT!!
05-23 11:59:25.733  5095  6264 W AudioALSACaptureDataProviderNormal: readThread, latency_in_s,0.000001,0.039988,0.000064, totalTime 0.040053 > logTimeout 0.022000 TIMEOUT!!
05-23 11:59:25.773  5095  6264 W AudioALSACaptureDataProviderNormal: readThread, latency_in_s,0.000001,0.039544,0.000056, totalTime 0.039602 > logTimeout 0.022000 TIMEOUT!!
05-23 11:59:25.853  5095  6264 W AudioALSACaptureDataProviderNormal: readThread, latency_in_s,0.000001,0.039782,0.000063, totalTime 0.039846 > logTimeout 0.022000 TIMEOUT!!
05-23 11:59:25.913  5095  6264 W AudioALSACaptureDataProviderNormal: readThread, latency_in_s,0.000001,0.039822,0.000053, totalTime 0.039876 > logTimeout 0.022000 TIMEOUT!!
05-23 11:59:26.093  5095  6264 W AudioALSACaptureDataProviderNormal: readThread, latency_in_s,0.000002,0.039780,0.000059, totalTime 0.039841 > logTimeout 0.022000 TIMEOUT!!
05-23 11:59:26.273  5095  6264 W AudioALSACaptureDataProviderNormal: readThread, latency_in_s,0.000001,0.039890,0.000053, totalTime 0.039944 > logTimeout 0.022000 TIMEOUT!!
05-23 11:59:26.276  5662  5805 I hct_signal: getCdmaLevel--cdmaDbm = 2147483647
05-23 11:59:26.276  5662  5805 I hct_signal: getEvdoLevel -- evdoDbm = 2147483647
05-23 11:59:26.276  5662  5805 I hct_signal: getCdmaLevel--cdmaDbm = 2147483647
05-23 11:59:26.277  5662  5662 I hct_signal: getCdmaLevel--cdmaDbm = 2147483647
05-23 11:59:26.277  5662  5662 I hct_signal: getEvdoLevel -- evdoDbm = 2147483647
05-23 11:59:26.277  5662  5662 I hct_signal: getCdmaLevel--cdmaDbm = 2147483647
05-23 11:59:26.313  5095  6264 W AudioALSACaptureDataProviderNormal: readThread, latency_in_s,0.000001,0.039614,0.000067, totalTime 0.039682 > logTimeout 0.022000 TIMEOUT!!
05-23 11:59:26.373  5095  6264 W AudioALSACaptureDataProviderNormal: readThread, latency_in_s,0.000001,0.039760,0.000084, totalTime 0.039846 > logTimeout 0.022000 TIMEOUT!!
05-23 11:59:26.433  5095  6264 W AudioALSACaptureDataProviderNormal: readThread, latency_in_s,0.000001,0.039776,0.000058, totalTime 0.039835 > logTimeout 0.022000 TIMEOUT!!
05-23 11:59:26.513  5095  6264 W AudioALSACaptureDataProviderNormal: readThread, latency_in_s,0.000001,0.039853,0.000059, totalTime 0.039914 > logTimeout 0.022000 TIMEOUT!!
05-23 11:59:26.553  5095  6264 W AudioALSACaptureDataProviderNormal: readThread, latency_in_s,0.000001,0.039714,0.000058, totalTime 0.039773 > logTimeout 0.022000 TIMEOUT!!
05-23 11:59:26.693  5095  6264 W AudioALSACaptureDataProviderNormal: readThread, latency_in_s,0.000001,0.039807,0.000047, totalTime 0.039855 > logTimeout 0.022000 TIMEOUT!!
05-23 11:59:26.773  5095  6264 W AudioALSACaptureDataProviderNormal: readThread, latency_in_s,0.000002,0.039781,0.000048, totalTime 0.039830 > logTimeout 0.022000 TIMEOUT!!
05-23 11:59:26.853  5095  6264 W AudioALSACaptureDataProviderNormal: readThread, latency_in_s,0.000001,0.039735,0.000062, totalTime 0.039798 > logTimeout 0.022000 TIMEOUT!!
05-23 11:59:26.869   940   940 I BufferQueueProducer: [StatusBar#233](this:0xb4000070ae69bb90,id:-1,api:0,p:-1,c:940) queueBuffer: fps=0.08 dur=12048.94 max=12048.94 min=12048.94
05-23 11:59:26.871   902   902 I hwcomposer: [HWCDisplay] setColorTransformForJob ccorr_state=1->0 hint=1 force_disable_color=0 identity=0
05-23 11:59:26.871   902   902 I hwcomposer: [HWCDisplay] [Display_0 (type:1)] fps:0.166000,dur:12048.18,max:11911.77,min:136.41
05-23 11:59:26.872   902  1109 I hwcomposer: [DEV] 1024    0    0    0
05-23 11:59:26.872   902  1109 I hwcomposer: [DEV]    0  813    0    0
05-23 11:59:26.872   902  1109 I hwcomposer: [DEV]    0    0  613    0
05-23 11:59:26.872   902  1109 I hwcomposer: [DEV]    0    0    0 1024
05-23 11:59:26.872   902  1109 I hwcomposer: [DEV] [DEV] color transform: feature_flag=0
05-23 11:59:26.893  5095  6264 W AudioALSACaptureDataProviderNormal: readThread, latency_in_s,0.000001,0.039749,0.000057, totalTime 0.039807 > logTimeout 0.022000 TIMEOUT!!
05-23 11:59:26.933  5095  6264 W AudioALSACaptureDataProviderNormal: readThread, latency_in_s,0.000001,0.039698,0.000052, totalTime 0.039751 > logTimeout 0.022000 TIMEOUT!!
05-23 11:59:26.973  5095  6264 W AudioALSACaptureDataProviderNormal: readThread, latency_in_s,0.000001,0.039749,0.000059, totalTime 0.039809 > logTimeout 0.022000 TIMEOUT!!
05-23 11:59:26.992   902  1108 I hwcomposer: [HWC] (0)fire a callback of refresh to SF[4]
05-23 11:59:27.009   940   940 I BufferQueueProducer: [FramebufferSurface](this:0xb40000705e4e7410,id:-1,api:1,p:940,c:940) queueBuffer: fps=0.08 dur=12049.80 max=12049.80 min=12049.80
05-23 11:59:27.009   902   902 I hwcomposer: [HWCDisplay] setColorTransformForJob ccorr_state=0->1 hint=0 force_disable_color=1 identity=1
05-23 11:59:27.010   902  1109 I hwcomposer: [DEV] [DEV] (Send identity matrix)
05-23 11:59:27.033  5095  6264 W AudioALSACaptureDataProviderNormal: readThread, latency_in_s,0.000002,0.039809,0.000061, totalTime 0.039872 > logTimeout 0.022000 TIMEOUT!!
05-23 11:59:27.073  5095  6264 W AudioALSACaptureDataProviderNormal: readThread, latency_in_s,0.000001,0.039690,0.000058, totalTime 0.039749 > logTimeout 0.022000 TIMEOUT!!
05-23 11:59:27.101  6559 18182 I Backup  : [FullRestoreDownloader] Drive download http response status : 200
05-23 11:59:27.128  6022  6035 E GmsTaskScheduler: sendWakeUpEvent called on SchedulerClientBroadcastStrategy
05-23 11:59:27.153  5095  6264 W AudioALSACaptureDataProviderNormal: readThread, latency_in_s,0.000001,0.039766,0.000056, totalTime 0.039824 > logTimeout 0.022000 TIMEOUT!!
05-23 11:59:27.193  5095  6264 W AudioALSACaptureDataProviderNormal: readThread, latency_in_s,0.000001,0.039642,0.000049, totalTime 0.039692 > logTimeout 0.022000 TIMEOUT!!
05-23 11:59:27.201  6559 18182 I Backup  : [GmsBackupTransport] Got full restore package: io.digitalterrain.plod
05-23 11:59:27.204  5228  6302 I BackupManagerService: Next restore package: RestoreDescription{io.digitalterrain.plod : STREAM}
05-23 11:59:27.233  5095  6264 W AudioALSACaptureDataProviderNormal: readThread, latency_in_s,0.000001,0.039709,0.000055, totalTime 0.039765 > logTimeout 0.022000 TIMEOUT!!
05-23 11:59:27.235  6559 18182 I Backup  : [FullRestoreDataProcessorFac] Performing encrypted restore for io.digitalterrain.plod
05-23 11:59:27.235  5228  6374 I RecoverableAppKeyStore: Get 0/10154/com.google.android.gms.backup/folsom/ABFAFFFBC3C1F1022D99B3A633BD3A01
05-23 11:59:27.252  6559 18182 E GmsConnectionFactory: UID for network attribution might be misset for tag -252 [CONTEXT service_id=39 ]
05-23 11:59:27.252  6559 18182 E GmsConnectionFactory: elkx: FULL
05-23 11:59:27.252  6559 18182 E GmsConnectionFactory:  at a.T(:com.google.android.gms@241616039@24.16.16 (190408-629452829):9)
05-23 11:59:27.252  6559 18182 E GmsConnectionFactory:  at bagh.a(:com.google.android.gms@241616039@24.16.16 (190408-629452829):147)
05-23 11:59:27.252  6559 18182 E GmsConnectionFactory:  at bdpt.c(:com.google.android.gms@241616039@24.16.16 (190408-629452829):116)
05-23 11:59:27.252  6559 18182 E GmsConnectionFactory:  at bdpt.b(:com.google.android.gms@241616039@24.16.16 (190408-629452829):2)
05-23 11:59:27.252  6559 18182 E GmsConnectionFactory:  at agoa.a(:com.google.android.gms@241616039@24.16.16 (190408-629452829):116)
05-23 11:59:27.252  6559 18182 E GmsConnectionFactory:  at agtl.a(:com.google.android.gms@241616039@24.16.16 (190408-629452829):39)
05-23 11:59:27.252  6559 18182 E GmsConnectionFactory:  at agtg.a(:com.google.android.gms@241616039@24.16.16 (190408-629452829):9)
05-23 11:59:27.252  6559 18182 E GmsConnectionFactory:  at agon.call(:com.google.android.gms@241616039@24.16.16 (190408-629452829):577)
05-23 11:59:27.252  6559 18182 E GmsConnectionFactory:  at agpe.s(:com.google.android.gms@241616039@24.16.16 (190408-629452829):1)
05-23 11:59:27.252  6559 18182 E GmsConnectionFactory:  at agpe.getNextFullRestoreDataChunk(:com.google.android.gms@241616039@24.16.16 (190408-629452829):11)
05-23 11:59:27.252  6559 18182 E GmsConnectionFactory:  at android.app.backup.BackupTransport$TransportImpl.getNextFullRestoreDataChunk(BackupTransport.java:939)
05-23 11:59:27.252  6559 18182 E GmsConnectionFactory:  at com.android.internal.backup.IBackupTransport$Stub.onTransact(IBackupTransport.java:808)
05-23 11:59:27.252  6559 18182 E GmsConnectionFactory:  at android.os.Binder.transact(Binder.java:1164)
05-23 11:59:27.252  6559 18182 E GmsConnectionFactory:  at bidb.onTransact(:com.google.android.gms@241616039@24.16.16 (190408-629452829):26)
05-23 11:59:27.252  6559 18182 E GmsConnectionFactory:  at android.os.Binder.transact(Binder.java:1164)
05-23 11:59:27.252  6559 18182 E GmsConnectionFactory:  at bakb.onTransact(:com.google.android.gms@241616039@24.16.16 (190408-629452829):147)
05-23 11:59:27.252  6559 18182 E GmsConnectionFactory:  at android.os.Binder.execTransactInternal(Binder.java:1285)
05-23 11:59:27.252  6559 18182 E GmsConnectionFactory:  at android.os.Binder.execTransact(Binder.java:1244)
05-23 11:59:27.273  5095  6264 W AudioALSACaptureDataProviderNormal: readThread, latency_in_s,0.000001,0.039787,0.000062, totalTime 0.039850 > logTimeout 0.022000 TIMEOUT!!
05-23 11:59:27.313  5095  6264 W AudioALSACaptureDataProviderNormal: readThread, latency_in_s,0.000001,0.040011,0.000053, totalTime 0.040064 > logTimeout 0.022000 TIMEOUT!!
05-23 11:59:27.316  5662  5805 I hct_signal: getCdmaLevel--cdmaDbm = 2147483647
05-23 11:59:27.316  5662  5805 I hct_signal: getEvdoLevel -- evdoDbm = 2147483647
05-23 11:59:27.316  5662  5805 I hct_signal: getCdmaLevel--cdmaDbm = 2147483647
05-23 11:59:27.316  5662  5662 I hct_signal: getCdmaLevel--cdmaDbm = 2147483647
05-23 11:59:27.317  5662  5662 I hct_signal: getEvdoLevel -- evdoDbm = 2147483647
05-23 11:59:27.317  5662  5662 I hct_signal: getCdmaLevel--cdmaDbm = 2147483647
05-23 11:59:27.433  5095  6264 W AudioALSACaptureDataProviderNormal: readThread, latency_in_s,0.000001,0.039817,0.000055, totalTime 0.039873 > logTimeout 0.022000 TIMEOUT!!
05-23 11:59:27.513  5095  6264 W AudioALSACaptureDataProviderNormal: readThread, latency_in_s,0.000001,0.039815,0.000055, totalTime 0.039871 > logTimeout 0.022000 TIMEOUT!!
05-23 11:59:27.713  5095  6264 W AudioALSACaptureDataProviderNormal: readThread, latency_in_s,0.000001,0.039823,0.000056, totalTime 0.039881 > logTimeout 0.022000 TIMEOUT!!
05-23 11:59:27.773  5095  6264 W AudioALSACaptureDataProviderNormal: readThread, latency_in_s,0.000001,0.039979,0.000105, totalTime 0.040086 > logTimeout 0.022000 TIMEOUT!!
05-23 11:59:27.813  5095  6264 W AudioALSACaptureDataProviderNormal: readThread, latency_in_s,0.000002,0.039383,0.000401, totalTime 0.039786 > logTimeout 0.022000 TIMEOUT!!
05-23 11:59:27.853  5095  6264 W AudioALSACaptureDataProviderNormal: readThread, latency_in_s,0.000001,0.039293,0.000058, totalTime 0.039352 > logTimeout 0.022000 TIMEOUT!!
05-23 11:59:27.893  5095  6264 W AudioALSACaptureDataProviderNormal: readThread, latency_in_s,0.000001,0.039618,0.000080, totalTime 0.039700 > logTimeout 0.022000 TIMEOUT!!
05-23 11:59:27.993  5095  6264 W AudioALSACaptureDataProviderNormal: readThread, latency_in_s,0.000001,0.039866,0.000053, totalTime 0.039920 > logTimeout 0.022000 TIMEOUT!!
05-23 11:59:28.033  5095  6264 W AudioALSACaptureDataProviderNormal: readThread, latency_in_s,0.000001,0.039668,0.000053, totalTime 0.039722 > logTimeout 0.022000 TIMEOUT!!
05-23 11:59:28.073  5095  6264 W AudioALSACaptureDataProviderNormal: readThread, latency_in_s,0.000001,0.039703,0.000065, totalTime 0.039769 > logTimeout 0.022000 TIMEOUT!!
05-23 11:59:28.080  6022 15173 I AlarmManager: setExactAndAllowWhileIdle [name: GCM_HB_ALARM type: 2 triggerAtMillis: 85184541]
05-23 11:59:28.084  6559 18182 I Backup  : [FullRestoreDownloader] Drive download http response status : 200
05-23 11:59:28.089  6022 15173 E GmsTaskScheduler: sendWakeUpEvent called on SchedulerClientBroadcastStrategy
05-23 11:59:28.101  6022 15173 E GmsTaskScheduler: sendWakeUpEvent called on SchedulerClientBroadcastStrategy
05-23 11:59:28.102  6022 15173 I AlarmManager: setExactAndAllowWhileIdle [name: GCM_HB_ALARM type: 2 triggerAtMillis: 85184563]
