05-23 11:58:42.695   940   940 I BufferQueueProducer: [StatusBar#233](this:0xb4000070ae69bb90,id:-1,api:0,p:-1,c:940) queueBuffer: fps=1.01 dur=1988.01 max=1005.78 min=982.23
05-23 11:58:42.699   902   902 I hwcomposer: [HWCDisplay] setColorTransformForJob ccorr_state=1->0 hint=1 force_disable_color=0 identity=0
05-23 11:58:42.699   902  1109 I hwcomposer: [DEV] 1024    0    0    0
05-23 11:58:42.699   902  1109 I hwcomposer: [DEV]    0  813    0    0
05-23 11:58:42.699   902  1109 I hwcomposer: [DEV]    0    0  613    0
05-23 11:58:42.699   902  1109 I hwcomposer: [DEV]    0    0    0 1024
05-23 11:58:42.699   902  1109 I hwcomposer: [DEV] [DEV] color transform: feature_flag=0
05-23 11:58:42.820   902  1108 I hwcomposer: [HWC] (0)fire a callback of refresh to SF[4]
05-23 11:58:42.841   940   940 I BufferQueueProducer: [FramebufferSurface](this:0xb40000705e4e7410,id:-1,api:1,p:940,c:940) queueBuffer: fps=0.99 dur=1005.74 max=1005.74 min=1005.74
05-23 11:58:42.842   902   902 I hwcomposer: [HWCDisplay] setColorTransformForJob ccorr_state=0->1 hint=0 force_disable_color=1 identity=1
05-23 11:58:42.842   902   902 I hwcomposer: [HWCDisplay] [Display_0 (type:1)] fps:1.988684,dur:1005.69,max:862.44,min:143.25
05-23 11:58:42.842   902  1109 I hwcomposer: [DEV] [DEV] (Send identity matrix)
05-23 11:58:42.973  5095  6264 W AudioALSACaptureDataProviderNormal: readThread, latency_in_s,0.000002,0.039779,0.000084, totalTime 0.039865 > logTimeout 0.022000 TIMEOUT!!
05-23 11:58:43.233  5095  6264 W AudioALSACaptureDataProviderNormal: readThread, latency_in_s,0.000002,0.039803,0.000083, totalTime 0.039888 > logTimeout 0.022000 TIMEOUT!!
05-23 11:58:43.313  5095  6264 W AudioALSACaptureDataProviderNormal: readThread, latency_in_s,0.000002,0.039750,0.000089, totalTime 0.039841 > logTimeout 0.022000 TIMEOUT!!
05-23 11:58:43.513  5095  6264 W AudioALSACaptureDataProviderNormal: readThread, latency_in_s,0.000002,0.039806,0.000095, totalTime 0.039902 > logTimeout 0.022000 TIMEOUT!!
05-23 11:58:43.673  5095  6264 W AudioALSACaptureDataProviderNormal: readThread, latency_in_s,0.000002,0.039862,0.000084, totalTime 0.039948 > logTimeout 0.022000 TIMEOUT!!
05-23 11:58:43.677  5662  5805 I hct_signal: getCdmaLevel--cdmaDbm = 2147483647
05-23 11:58:43.677  5662  5805 I hct_signal: getEvdoLevel -- evdoDbm = 2147483647
05-23 11:58:43.677  5662  5805 I hct_signal: getCdmaLevel--cdmaDbm = 2147483647
05-23 11:58:43.678  5662  5662 I hct_signal: getCdmaLevel--cdmaDbm = 2147483647
05-23 11:58:43.678  5662  5662 I hct_signal: getEvdoLevel -- evdoDbm = 2147483647
05-23 11:58:43.678  5662  5662 I hct_signal: getCdmaLevel--cdmaDbm = 2147483647
05-23 11:58:43.708   940   940 I BufferQueueProducer: [StatusBar#233](this:0xb4000070ae69bb90,id:-1,api:0,p:-1,c:940) queueBuffer: fps=0.99 dur=1012.67 max=1012.67 min=1012.67
05-23 11:58:43.711   902   902 I hwcomposer: [HWCDisplay] setColorTransformForJob ccorr_state=1->0 hint=1 force_disable_color=0 identity=0
05-23 11:58:43.712   902  1109 I hwcomposer: [DEV] 1024    0    0    0
05-23 11:58:43.712   902  1109 I hwcomposer: [DEV]    0  813    0    0
05-23 11:58:43.712   902  1109 I hwcomposer: [DEV]    0    0  613    0
05-23 11:58:43.712   902  1109 I hwcomposer: [DEV]    0    0    0 1024
05-23 11:58:43.712   902  1109 I hwcomposer: [DEV] [DEV] color transform: feature_flag=0
05-23 11:58:43.816   902  1108 I hwcomposer: [HWC] (0)fire a callback of refresh to SF[4]
05-23 11:58:43.830   902   902 I hwcomposer: [HWCDisplay] setColorTransformForJob ccorr_state=0->1 hint=0 force_disable_color=1 identity=1
05-23 11:58:43.831   902  1109 I hwcomposer: [DEV] [DEV] (Send identity matrix)
05-23 11:58:44.213  5095  6264 W AudioALSACaptureDataProviderNormal: readThread, latency_in_s,0.000002,0.040096,0.000093, totalTime 0.040191 > logTimeout 0.022000 TIMEOUT!!
05-23 11:58:44.436  5662  5805 I hct_signal: getCdmaLevel--cdmaDbm = 2147483647
05-23 11:58:44.436  5662  5805 I hct_signal: getEvdoLevel -- evdoDbm = 2147483647
05-23 11:58:44.436  5662  5805 I hct_signal: getCdmaLevel--cdmaDbm = 2147483647
05-23 11:58:44.437  5662  5662 I hct_signal: getCdmaLevel--cdmaDbm = 2147483647
05-23 11:58:44.437  5662  5662 I hct_signal: getEvdoLevel -- evdoDbm = 2147483647
05-23 11:58:44.437  5662  5662 I hct_signal: getCdmaLevel--cdmaDbm = 2147483647
05-23 11:58:44.533  5095  6264 W AudioALSACaptureDataProviderNormal: readThread, latency_in_s,0.000002,0.039838,0.000079, totalTime 0.039920 > logTimeout 0.022000 TIMEOUT!!
05-23 11:58:45.153  5095  6264 W AudioALSACaptureDataProviderNormal: readThread, latency_in_s,0.000002,0.039829,0.000081, totalTime 0.039912 > logTimeout 0.022000 TIMEOUT!!
05-23 11:58:45.293  5095  6264 W AudioALSACaptureDataProviderNormal: readThread, latency_in_s,0.000002,0.039640,0.000097, totalTime 0.039739 > logTimeout 0.022000 TIMEOUT!!
05-23 11:58:45.473  5095  6264 W AudioALSACaptureDataProviderNormal: readThread, latency_in_s,0.000002,0.039777,0.000083, totalTime 0.039862 > logTimeout 0.022000 TIMEOUT!!
05-23 11:58:46.653  5095  6264 W AudioALSACaptureDataProviderNormal: readThread, latency_in_s,0.000002,0.039831,0.000088, totalTime 0.039921 > logTimeout 0.022000 TIMEOUT!!
05-23 11:58:46.793  5095  6264 W AudioALSACaptureDataProviderNormal: readThread, latency_in_s,0.000003,0.039756,0.000078, totalTime 0.039837 > logTimeout 0.022000 TIMEOUT!!
05-23 11:58:47.143  5608  5691 I Tethering: [BpfCoordinator] onAlertReached
05-23 11:58:47.157  5662  5805 I hct_signal: getCdmaLevel--cdmaDbm = 2147483647
05-23 11:58:47.157  5662  5805 I hct_signal: getEvdoLevel -- evdoDbm = 2147483647
05-23 11:58:47.157  5662  5805 I hct_signal: getCdmaLevel--cdmaDbm = 2147483647
05-23 11:58:47.158  5662  5662 I hct_signal: getCdmaLevel--cdmaDbm = 2147483647
05-23 11:58:47.158  5662  5662 I hct_signal: getEvdoLevel -- evdoDbm = 2147483647
05-23 11:58:47.158  5662  5662 I hct_signal: getCdmaLevel--cdmaDbm = 2147483647
05-23 11:58:47.213  5095  6264 W AudioALSACaptureDataProviderNormal: readThread, latency_in_s,0.000002,0.039601,0.000082, totalTime 0.039685 > logTimeout 0.022000 TIMEOUT!!
05-23 11:58:47.533  5095  6264 W AudioALSACaptureDataProviderNormal: readThread, latency_in_s,0.000003,0.039761,0.000087, totalTime 0.039851 > logTimeout 0.022000 TIMEOUT!!
05-23 11:58:47.893  5095  6264 W AudioALSACaptureDataProviderNormal: readThread, latency_in_s,0.000003,0.039823,0.000091, totalTime 0.039916 > logTimeout 0.022000 TIMEOUT!!
05-23 11:58:48.157  5098 27229 I netd    : tetherGetStats() -> {[TetherStatsParcel{iface: ccmni1, rxBytes: 166355, rxPackets: 1585, txBytes: 680819, txPackets: 3477, ifIndex: 0}]} <3.30ms>
05-23 11:58:48.176  5098 27229 I netd    : bandwidthSetGlobalAlert(2097152) <0.57ms>
05-23 11:58:48.193  5095  6264 W AudioALSACaptureDataProviderNormal: readThread, latency_in_s,0.000002,0.039866,0.000094, totalTime 0.039963 > logTimeout 0.022000 TIMEOUT!!
05-23 11:58:49.553  5095  6264 W AudioALSACaptureDataProviderNormal: readThread, latency_in_s,0.000002,0.039793,0.000081, totalTime 0.039877 > logTimeout 0.022000 TIMEOUT!!
05-23 11:58:49.578   910   962 W AString : ctor got NULL, using empty string instead
05-23 11:58:49.579   910   962 I Gyroscope: write bias: [0.006238, 0.000103, 0.001484]
05-23 11:58:49.837  5662  5805 I hct_signal: getCdmaLevel--cdmaDbm = 2147483647
05-23 11:58:49.837  5662  5805 I hct_signal: getEvdoLevel -- evdoDbm = 2147483647
05-23 11:58:49.837  5662  5805 I hct_signal: getCdmaLevel--cdmaDbm = 2147483647
05-23 11:58:49.839  5662  5662 I hct_signal: getCdmaLevel--cdmaDbm = 2147483647
05-23 11:58:49.839  5662  5662 I hct_signal: getEvdoLevel -- evdoDbm = 2147483647
05-23 11:58:49.839  5662  5662 I hct_signal: getCdmaLevel--cdmaDbm = 2147483647
05-23 11:58:50.173  5095  6264 W AudioALSACaptureDataProviderNormal: readThread, latency_in_s,0.000002,0.039798,0.000078, totalTime 0.039879 > logTimeout 0.022000 TIMEOUT!!
05-23 11:58:50.333  5095  6264 W AudioALSACaptureDataProviderNormal: readThread, latency_in_s,0.000002,0.039726,0.000083, totalTime 0.039811 > logTimeout 0.022000 TIMEOUT!!
05-23 11:58:50.724   940   940 I BufferQueueProducer: [StatusBar#233](this:0xb4000070ae69bb90,id:-1,api:0,p:-1,c:940) queueBuffer: fps=0.14 dur=7015.73 max=7015.73 min=7015.73
05-23 11:58:50.727   902   902 I hwcomposer: [HWCDisplay] setColorTransformForJob ccorr_state=1->0 hint=1 force_disable_color=0 identity=0
05-23 11:58:50.727   902   902 I hwcomposer: [HWCDisplay] [Display_0 (type:1)] fps:0.380452,dur:7885.35,max:6897.01,min:119.23
05-23 11:58:50.728   902  1109 I hwcomposer: [DEV] 1024    0    0    0
05-23 11:58:50.728   902  1109 I hwcomposer: [DEV]    0  813    0    0
05-23 11:58:50.728   902  1109 I hwcomposer: [DEV]    0    0  613    0
05-23 11:58:50.728   902  1109 I hwcomposer: [DEV]    0    0    0 1024
05-23 11:58:50.728   902  1109 I hwcomposer: [DEV] [DEV] color transform: feature_flag=0
05-23 11:58:50.852   902  1108 I hwcomposer: [HWC] (0)fire a callback of refresh to SF[4]
05-23 11:58:50.870   940   940 I BufferQueueProducer: [FramebufferSurface](this:0xb40000705e4e7410,id:-1,api:1,p:940,c:940) queueBuffer: fps=0.25 dur=8029.18 max=7040.62 min=988.56
05-23 11:58:50.871   902   902 I hwcomposer: [HWCDisplay] setColorTransformForJob ccorr_state=0->1 hint=0 force_disable_color=1 identity=1
05-23 11:58:50.872   902  1109 I hwcomposer: [DEV] [DEV] (Send identity matrix)
05-23 11:58:51.113  5095  6264 W AudioALSACaptureDataProviderNormal: readThread, latency_in_s,0.000002,0.039752,0.000076, totalTime 0.039831 > logTimeout 0.022000 TIMEOUT!!
05-23 11:58:51.173  5095  6264 W AudioALSACaptureDataProviderNormal: readThread, latency_in_s,0.000002,0.039858,0.000077, totalTime 0.039938 > logTimeout 0.022000 TIMEOUT!!
05-23 11:58:51.313  5095  6264 W AudioALSACaptureDataProviderNormal: readThread, latency_in_s,0.000002,0.039648,0.000082, totalTime 0.039732 > logTimeout 0.022000 TIMEOUT!!
05-23 11:58:51.731   940   940 I BufferQueueProducer: [StatusBar#233](this:0xb4000070ae69bb90,id:-1,api:0,p:-1,c:940) queueBuffer: fps=0.99 dur=1006.86 max=1006.86 min=1006.86
05-23 11:58:51.733   902   902 I hwcomposer: [HWCDisplay] setColorTransformForJob ccorr_state=1->0 hint=1 force_disable_color=0 identity=0
05-23 11:58:51.734   902   902 I hwcomposer: [HWCDisplay] [Display_0 (type:1)] fps:1.987556,dur:1006.26,max:862.50,min:143.76
05-23 11:58:51.734   902  1109 I hwcomposer: [DEV] 1024    0    0    0
05-23 11:58:51.734   902  1109 I hwcomposer: [DEV]    0  813    0    0
05-23 11:58:51.734   902  1109 I hwcomposer: [DEV]    0    0  613    0
05-23 11:58:51.734   902  1109 I hwcomposer: [DEV]    0    0    0 1024
05-23 11:58:51.734   902  1109 I hwcomposer: [DEV] [DEV] color transform: feature_flag=0
05-23 11:58:51.813  5095  6264 W AudioALSACaptureDataProviderNormal: readThread, latency_in_s,0.000002,0.039776,0.000090, totalTime 0.039868 > logTimeout 0.022000 TIMEOUT!!
05-23 11:58:51.856   902  1108 I hwcomposer: [HWC] (0)fire a callback of refresh to SF[4]
05-23 11:58:51.876   940   940 I BufferQueueProducer: [FramebufferSurface](this:0xb40000705e4e7410,id:-1,api:1,p:940,c:940) queueBuffer: fps=0.99 dur=1005.66 max=1005.66 min=1005.66
05-23 11:58:51.877   902   902 I hwcomposer: [HWCDisplay] setColorTransformForJob ccorr_state=0->1 hint=0 force_disable_color=1 identity=1
05-23 11:58:51.877   902  1109 I hwcomposer: [DEV] [DEV] (Send identity matrix)
05-23 11:58:52.373  5095  6264 W AudioALSACaptureDataProviderNormal: readThread, latency_in_s,0.000002,0.039804,0.000089, totalTime 0.039895 > logTimeout 0.022000 TIMEOUT!!
05-23 11:58:52.467  1213  1213 I thermal_repeater: [recvMdThermalInfo] ret=25, strLen=127,  3, 33, 4, 0, 32767, 9450
05-23 11:58:52.473  5095  6264 W AudioALSACaptureDataProviderNormal: readThread, latency_in_s,0.000002,0.039794,0.000095, totalTime 0.039891 > logTimeout 0.022000 TIMEOUT!!
05-23 11:58:52.476  5662  5805 I hct_signal: getCdmaLevel--cdmaDbm = 2147483647
05-23 11:58:52.477  5662  5805 I hct_signal: getEvdoLevel -- evdoDbm = 2147483647
05-23 11:58:52.477  5662  5805 I hct_signal: getCdmaLevel--cdmaDbm = 2147483647
05-23 11:58:52.478  5662  5662 I hct_signal: getCdmaLevel--cdmaDbm = 2147483647
05-23 11:58:52.478  5662  5662 I hct_signal: getEvdoLevel -- evdoDbm = 2147483647
05-23 11:58:52.478  5662  5662 I hct_signal: getCdmaLevel--cdmaDbm = 2147483647
05-23 11:58:52.573  5095  6264 W AudioALSACaptureDataProviderNormal: readThread, latency_in_s,0.000002,0.039778,0.000078, totalTime 0.039858 > logTimeout 0.022000 TIMEOUT!!
05-23 11:58:52.813  5095  6264 W AudioALSACaptureDataProviderNormal: readThread, latency_in_s,0.000002,0.039840,0.000088, totalTime 0.039930 > logTimeout 0.022000 TIMEOUT!!
05-23 11:58:53.110 15389 15417 W CrashLoopRemedyLog: unable to delete remedy log, instaCrash: true
05-23 11:58:53.253  5095  6264 W AudioALSACaptureDataProviderNormal: readThread, latency_in_s,0.000002,0.039681,0.000095, totalTime 0.039777 > logTimeout 0.022000 TIMEOUT!!
05-23 11:58:53.373  5095  6264 W AudioALSACaptureDataProviderNormal: readThread, latency_in_s,0.000002,0.039822,0.000086, totalTime 0.039910 > logTimeout 0.022000 TIMEOUT!!
05-23 11:58:53.773  5095  6264 W AudioALSACaptureDataProviderNormal: readThread, latency_in_s,0.000002,0.039669,0.000099, totalTime 0.039771 > logTimeout 0.022000 TIMEOUT!!
05-23 11:58:53.813  5095  6264 W AudioALSACaptureDataProviderNormal: readThread, latency_in_s,0.000001,0.039662,0.000085, totalTime 0.039749 > logTimeout 0.022000 TIMEOUT!!
05-23 11:58:54.053  5095  6264 W AudioALSACaptureDataProviderNormal: readThread, latency_in_s,0.000002,0.039829,0.000078, totalTime 0.039909 > logTimeout 0.022000 TIMEOUT!!
05-23 11:58:54.953  5095  6264 W AudioALSACaptureDataProviderNormal: readThread, latency_in_s,0.000002,0.039467,0.000087, totalTime 0.039556 > logTimeout 0.022000 TIMEOUT!!
05-23 11:58:55.157  5662  5805 I hct_signal: getCdmaLevel--cdmaDbm = 2147483647
05-23 11:58:55.157  5662  5805 I hct_signal: getEvdoLevel -- evdoDbm = 2147483647
05-23 11:58:55.157  5662  5805 I hct_signal: getCdmaLevel--cdmaDbm = 2147483647
05-23 11:58:55.158  5662  5662 I hct_signal: getCdmaLevel--cdmaDbm = 2147483647
05-23 11:58:55.158  5662  5662 I hct_signal: getEvdoLevel -- evdoDbm = 2147483647
05-23 11:58:55.158  5662  5662 I hct_signal: getCdmaLevel--cdmaDbm = 2147483647
05-23 11:58:55.713  5095  6264 W AudioALSACaptureDataProviderNormal: readThread, latency_in_s,0.000003,0.039794,0.000081, totalTime 0.039878 > logTimeout 0.022000 TIMEOUT!!
05-23 11:58:55.897  6306  6780 I BistoHotwordHelper: (REDACTED) getHotwordActive::active query: %s, watch: %s, devices connected: %s
05-23 11:58:55.953  5095  6264 W AudioALSACaptureDataProviderNormal: readThread, latency_in_s,0.000002,0.039691,0.000079, totalTime 0.039771 > logTimeout 0.022000 TIMEOUT!!
05-23 11:58:56.833  5095  6264 W AudioALSACaptureDataProviderNormal: readThread, latency_in_s,0.000002,0.039834,0.000077, totalTime 0.039912 > logTimeout 0.022000 TIMEOUT!!
05-23 11:58:57.033  5095  6264 W AudioALSACaptureDataProviderNormal: readThread, latency_in_s,0.000002,0.039791,0.000074, totalTime 0.039867 > logTimeout 0.022000 TIMEOUT!!
05-23 11:58:57.103   910   962 W AString : ctor got NULL, using empty string instead
05-23 11:58:57.103   910   962 I Gyroscope: write bias: [0.006202, 0.000130, 0.001493]
05-23 11:58:57.153  5095  6264 W AudioALSACaptureDataProviderNormal: readThread, latency_in_s,0.000003,0.039778,0.000077, totalTime 0.039858 > logTimeout 0.022000 TIMEOUT!!
05-23 11:58:57.413  5095  6264 W AudioALSACaptureDataProviderNormal: readThread, latency_in_s,0.000002,0.039675,0.000084, totalTime 0.039761 > logTimeout 0.022000 TIMEOUT!!
05-23 11:58:57.434  5428  5428 I hct_torch: [onReceive]intent=Intent { act=android.intent.action.BATTERY_CHANGED flg=0x60000010 (has extras) }
05-23 11:58:57.438  5428  5428 I PowerUI : mBatteryTemperature = 298 , mLastBatteryTemperature = 297
05-23 11:58:57.439  5428  5428 I PowerUI.Notification: mShutdownBatteryLowTemperature = -220 , mShutdownBatteryHighTemperature = 600
05-23 11:58:57.453  5095  6264 W AudioALSACaptureDataProviderNormal: readThread, latency_in_s,0.000001,0.039514,0.000051, totalTime 0.039567 > logTimeout 0.022000 TIMEOUT!!
05-23 11:58:57.493  5095  6264 W AudioALSACaptureDataProviderNormal: readThread, latency_in_s,0.000001,0.039787,0.000075, totalTime 0.039863 > logTimeout 0.022000 TIMEOUT!!
05-23 11:58:57.757  5662  5805 I hct_signal: getCdmaLevel--cdmaDbm = 2147483647
05-23 11:58:57.757  5662  5805 I hct_signal: getEvdoLevel -- evdoDbm = 2147483647
05-23 11:58:57.757  5662  5805 I hct_signal: getCdmaLevel--cdmaDbm = 2147483647
05-23 11:58:57.758  5662  5662 I hct_signal: getCdmaLevel--cdmaDbm = 2147483647
05-23 11:58:57.758  5662  5662 I hct_signal: getEvdoLevel -- evdoDbm = 2147483647
05-23 11:58:57.758  5662  5662 I hct_signal: getCdmaLevel--cdmaDbm = 2147483647
05-23 11:58:58.433  5095  6264 W AudioALSACaptureDataProviderNormal: readThread, latency_in_s,0.000002,0.039836,0.000081, totalTime 0.039919 > logTimeout 0.022000 TIMEOUT!!
05-23 11:58:58.513  5095  6264 W AudioALSACaptureDataProviderNormal: readThread, latency_in_s,0.000002,0.039739,0.000079, totalTime 0.039821 > logTimeout 0.022000 TIMEOUT!!
05-23 11:58:58.753   940   940 I BufferQueueProducer: [StatusBar#233](this:0xb4000070ae69bb90,id:-1,api:0,p:-1,c:940) queueBuffer: fps=0.14 dur=7022.46 max=7022.46 min=7022.46
05-23 11:58:58.756   902   902 I hwcomposer: [HWCDisplay] setColorTransformForJob ccorr_state=1->0 hint=1 force_disable_color=0 identity=0
05-23 11:58:58.756   902   902 I hwcomposer: [HWCDisplay] [Display_0 (type:1)] fps:0.284785,dur:7022.84,max:6879.64,min:143.20
05-23 11:58:58.757   902  1109 I hwcomposer: [DEV] 1024    0    0    0
05-23 11:58:58.757   902  1109 I hwcomposer: [DEV]    0  813    0    0
05-23 11:58:58.757   902  1109 I hwcomposer: [DEV]    0    0  613    0
05-23 11:58:58.757   902  1109 I hwcomposer: [DEV]    0    0    0 1024
05-23 11:58:58.757   902  1109 I hwcomposer: [DEV] [DEV] color transform: feature_flag=0
05-23 11:58:58.884   902  1108 I hwcomposer: [HWC] (0)fire a callback of refresh to SF[4]
05-23 11:58:58.900   940   940 I BufferQueueProducer: [FramebufferSurface](this:0xb40000705e4e7410,id:-1,api:1,p:940,c:940) queueBuffer: fps=0.14 dur=7023.82 max=7023.82 min=7023.82
05-23 11:58:58.900   902   902 I hwcomposer: [HWCDisplay] setColorTransformForJob ccorr_state=0->1 hint=0 force_disable_color=1 identity=1
05-23 11:58:58.901   902  1109 I hwcomposer: [DEV] [DEV] (Send identity matrix)
05-23 11:58:59.173  5095  6264 W AudioALSACaptureDataProviderNormal: readThread, latency_in_s,0.000002,0.039731,0.000071, totalTime 0.039804 > logTimeout 0.022000 TIMEOUT!!
05-23 11:58:59.393  5095  6264 W AudioALSACaptureDataProviderNormal: readThread, latency_in_s,0.000002,0.039794,0.000073, totalTime 0.039869 > logTimeout 0.022000 TIMEOUT!!
05-23 11:58:59.633  5095  6264 W AudioALSACaptureDataProviderNormal: readThread, latency_in_s,0.000002,0.039724,0.000072, totalTime 0.039799 > logTimeout 0.022000 TIMEOUT!!
05-23 11:58:59.793  5095  6264 W AudioALSACaptureDataProviderNormal: readThread, latency_in_s,0.000002,0.039629,0.000081, totalTime 0.039712 > logTimeout 0.022000 TIMEOUT!!
05-23 11:58:59.933  5095  6264 W AudioALSACaptureDataProviderNormal: readThread, latency_in_s,0.000003,0.039724,0.000082, totalTime 0.039809 > logTimeout 0.022000 TIMEOUT!!
05-23 11:59:00.013  5095  6264 W AudioALSACaptureDataProviderNormal: readThread, latency_in_s,0.000002,0.039771,0.000077, totalTime 0.039851 > logTimeout 0.022000 TIMEOUT!!
05-23 11:59:00.047   940   940 I BufferQueueProducer: [StatusBar#233](this:0xb4000070ae69bb90,id:-1,api:0,p:-1,c:940) queueBuffer: fps=0.77 dur=1294.21 max=1294.21 min=1294.21
05-23 11:59:00.051   902   902 I hwcomposer: [HWCDisplay] setColorTransformForJob ccorr_state=1->0 hint=1 force_disable_color=0 identity=0
05-23 11:59:00.051   902   902 I hwcomposer: [HWCDisplay] [Display_0 (type:1)] fps:1.545289,dur:1294.26,max:1150.05,min:144.21
05-23 11:59:00.051   902  1109 I hwcomposer: [DEV] 1024    0    0    0
05-23 11:59:00.051   902  1109 I hwcomposer: [DEV]    0  813    0    0
05-23 11:59:00.051   902  1109 I hwcomposer: [DEV]    0    0  613    0
05-23 11:59:00.051   902  1109 I hwcomposer: [DEV]    0    0    0 1024
05-23 11:59:00.052   902  1109 I hwcomposer: [DEV] [DEV] color transform: feature_flag=0
05-23 11:59:00.096   940   940 I BufferQueueProducer: [com.android.launcher3/com.android.searchlauncher.SearchLauncher#14386](this:0xb4000070ae63ae70,id:-1,api:0,p:-1,c:940) queueBuffer: fps=0.51 dur=47253.25 max=46874.34 min=15.17
05-23 11:59:00.168   902  1108 I hwcomposer: [HWC] (0)fire a callback of refresh to SF[4]
05-23 11:59:00.186   940   940 I BufferQueueProducer: [FramebufferSurface](this:0xb40000705e4e7410,id:-1,api:1,p:940,c:940) queueBuffer: fps=0.78 dur=1285.91 max=1285.91 min=1285.91
05-23 11:59:00.186   902   902 I hwcomposer: [HWCDisplay] setColorTransformForJob ccorr_state=0->1 hint=0 force_disable_color=1 identity=1
05-23 11:59:00.187   902  1109 I hwcomposer: [DEV] [DEV] (Send identity matrix)
05-23 11:59:00.313  5095  6264 W AudioALSACaptureDataProviderNormal: readThread, latency_in_s,0.000002,0.039871,0.000080, totalTime 0.039953 > logTimeout 0.022000 TIMEOUT!!
05-23 11:59:00.317  5662  5805 I hct_signal: getCdmaLevel--cdmaDbm = 2147483647
05-23 11:59:00.317  5662  5805 I hct_signal: getEvdoLevel -- evdoDbm = 2147483647
05-23 11:59:00.317  5662  5805 I hct_signal: getCdmaLevel--cdmaDbm = 2147483647
05-23 11:59:00.318  5662  5662 I hct_signal: getCdmaLevel--cdmaDbm = 2147483647
05-23 11:59:00.319  5662  5662 I hct_signal: getEvdoLevel -- evdoDbm = 2147483647
05-23 11:59:00.319  5662  5662 I hct_signal: getCdmaLevel--cdmaDbm = 2147483647
05-23 11:59:00.569 12933 14589 I livestrategy: (VeLSPlatformDataFetcherJNI.cpp:105): PlatformDataFetcher:key:live_sdk_enable_data_warehouse, value:0
05-23 11:59:00.570 12933 14589 I livestrategy: (DataWarehouse.cpp:79): DataWarehouseStoreToDB live_sdk_enable_data_warehouse=0
05-23 11:59:00.673  5095  6264 W AudioALSACaptureDataProviderNormal: readThread, latency_in_s,0.000002,0.039805,0.000079, totalTime 0.039886 > logTimeout 0.022000 TIMEOUT!!
05-23 11:59:00.733  5095  6264 W AudioALSACaptureDataProviderNormal: readThread, latency_in_s,0.000002,0.039716,0.000100, totalTime 0.039818 > logTimeout 0.022000 TIMEOUT!!
05-23 11:59:00.761   902   902 I hwcomposer: [HWCDisplay] setColorTransformForJob ccorr_state=1->0 hint=1 force_disable_color=0 identity=0
05-23 11:59:00.762   902  1109 I hwcomposer: [DEV] 1024    0    0    0
05-23 11:59:00.762   902  1109 I hwcomposer: [DEV]    0  813    0    0
05-23 11:59:00.762   902  1109 I hwcomposer: [DEV]    0    0  613    0
05-23 11:59:00.762   902  1109 I hwcomposer: [DEV]    0    0    0 1024
05-23 11:59:00.762   902  1109 I hwcomposer: [DEV] [DEV] color transform: feature_flag=0
05-23 11:59:00.828   902  1108 I hwcomposer: [HWC] (0)fire a callback of refresh to SF[4]
05-23 11:59:00.848   902   902 I hwcomposer: [HWCDisplay] setColorTransformForJob ccorr_state=0->1 hint=0 force_disable_color=1 identity=1
05-23 11:59:00.849   902  1109 I hwcomposer: [DEV] [DEV] (Send identity matrix)
05-23 11:59:01.413  5095  6264 W AudioALSACaptureDataProviderNormal: readThread, latency_in_s,0.000002,0.039800,0.000091, totalTime 0.039893 > logTimeout 0.022000 TIMEOUT!!
05-23 11:59:01.853  5095  6264 W AudioALSACaptureDataProviderNormal: readThread, latency_in_s,0.000002,0.039803,0.000082, totalTime 0.039887 > logTimeout 0.022000 TIMEOUT!!
05-23 11:59:02.293  5095  6264 W AudioALSACaptureDataProviderNormal: readThread, latency_in_s,0.000002,0.039829,0.000086, totalTime 0.039918 > logTimeout 0.022000 TIMEOUT!!
05-23 11:59:02.482  1213  1213 I thermal_repeater: [recvMdThermalInfo] ret=26, strLen=127,  3, 32, -4, 0, 32767, 9450
05-23 11:59:02.713  5095  6264 W AudioALSACaptureDataProviderNormal: readThread, latency_in_s,0.000002,0.039742,0.000080, totalTime 0.039824 > logTimeout 0.022000 TIMEOUT!!
05-23 11:59:02.767   940   940 I BufferQueueProducer: [StatusBar#233](this:0xb4000070ae69bb90,id:-1,api:0,p:-1,c:940) queueBuffer: fps=0.74 dur=2719.78 max=2009.42 min=710.37
05-23 11:59:02.770   902   902 I hwcomposer: [HWCDisplay] setColorTransformForJob ccorr_state=1->0 hint=1 force_disable_color=0 identity=0
05-23 11:59:02.770   902   902 I hwcomposer: [HWCDisplay] [Display_0 (type:1)] fps:1.838643,dur:2719.40,max:1922.01,min:47.22
05-23 11:59:02.771   902  1109 I hwcomposer: [DEV] 1024    0    0    0
05-23 11:59:02.771   902  1109 I hwcomposer: [DEV]    0  813    0    0
05-23 11:59:02.771   902  1109 I hwcomposer: [DEV]    0    0  613    0
05-23 11:59:02.771   902  1109 I hwcomposer: [DEV]    0    0    0 1024
05-23 11:59:02.771   902  1109 I hwcomposer: [DEV] [DEV] color transform: feature_flag=0
05-23 11:59:02.888   902  1108 I hwcomposer: [HWC] (0)fire a callback of refresh to SF[4]
05-23 11:59:02.906   940   940 I BufferQueueProducer: [FramebufferSurface](this:0xb40000705e4e7410,id:-1,api:1,p:940,c:940) queueBuffer: fps=0.74 dur=2720.44 max=2058.77 min=661.67
05-23 11:59:02.907   902   902 I hwcomposer: [HWCDisplay] setColorTransformForJob ccorr_state=0->1 hint=0 force_disable_color=1 identity=1
05-23 11:59:02.907   902  1109 I hwcomposer: [DEV] [DEV] (Send identity matrix)
05-23 11:59:02.976  5662  5805 I hct_signal: getCdmaLevel--cdmaDbm = 2147483647
05-23 11:59:02.976  5662  5805 I hct_signal: getEvdoLevel -- evdoDbm = 2147483647
05-23 11:59:02.977  5662  5805 I hct_signal: getCdmaLevel--cdmaDbm = 2147483647
05-23 11:59:02.978  5662  5662 I hct_signal: getCdmaLevel--cdmaDbm = 2147483647
05-23 11:59:02.978  5662  5662 I hct_signal: getEvdoLevel -- evdoDbm = 2147483647
05-23 11:59:02.978  5662  5662 I hct_signal: getCdmaLevel--cdmaDbm = 2147483647
05-23 11:59:03.293  5095  6264 W AudioALSACaptureDataProviderNormal: readThread, latency_in_s,0.000002,0.039765,0.000078, totalTime 0.039845 > logTimeout 0.022000 TIMEOUT!!
05-23 11:59:03.493  5095  6264 W AudioALSACaptureDataProviderNormal: readThread, latency_in_s,0.000002,0.039778,0.000075, totalTime 0.039856 > logTimeout 0.022000 TIMEOUT!!
05-23 11:59:03.653  5095  6264 W AudioALSACaptureDataProviderNormal: readThread, latency_in_s,0.000002,0.039798,0.000077, totalTime 0.039878 > logTimeout 0.022000 TIMEOUT!!
05-23 11:59:03.769   902   902 I hwcomposer: [HWCDisplay] setColorTransformForJob ccorr_state=1->0 hint=1 force_disable_color=0 identity=0
05-23 11:59:03.770   902  1109 I hwcomposer: [DEV] 1024    0    0    0
05-23 11:59:03.770   902  1109 I hwcomposer: [DEV]    0  813    0    0
05-23 11:59:03.770   902  1109 I hwcomposer: [DEV]    0    0  613    0
05-23 11:59:03.770   902  1109 I hwcomposer: [DEV]    0    0    0 1024
05-23 11:59:03.770   902  1109 I hwcomposer: [DEV] [DEV] color transform: feature_flag=0
05-23 11:59:03.853  5095  6264 W AudioALSACaptureDataProviderNormal: readThread, latency_in_s,0.000002,0.039742,0.000090, totalTime 0.039834 > logTimeout 0.022000 TIMEOUT!!
05-23 11:59:03.893   902  1108 I hwcomposer: [HWC] (0)fire a callback of refresh to SF[4]
05-23 11:59:03.912   940   940 I BufferQueueProducer: [FramebufferSurface](this:0xb40000705e4e7410,id:-1,api:1,p:940,c:940) queueBuffer: fps=0.99 dur=1005.96 max=1005.96 min=1005.96
05-23 11:59:03.913   902   902 I hwcomposer: [HWCDisplay] setColorTransformForJob ccorr_state=0->1 hint=0 force_disable_color=1 identity=1
05-23 11:59:03.913   902   902 I hwcomposer: [HWCDisplay] [Display_0 (type:1)] fps:2.625025,dur:1142.85,max:862.60,min:136.87
05-23 11:59:03.913   902  1109 I hwcomposer: [DEV] [DEV] (Send identity matrix)
05-23 11:59:04.256  6306  8469 I native  : I0000 00:00:1716429544.256649    8469 soda_async_impl.cc:1571] Current audio timestamp: 1716429544114586
05-23 11:59:04.436  6306  6711 I HDM.SodaAudioManager: (REDACTED) #onAudioData: %s bytes, getAudioReadSize %s
05-23 11:59:04.627   910   962 W AString : ctor got NULL, using empty string instead
05-23 11:59:04.628   910   962 I Gyroscope: write bias: [0.006206, 0.000044, 0.001412]
05-23 11:59:05.596  5662  5805 I hct_signal: getCdmaLevel--cdmaDbm = 2147483647
05-23 11:59:05.596  5662  5805 I hct_signal: getEvdoLevel -- evdoDbm = 2147483647
05-23 11:59:05.596  5662  5805 I hct_signal: getCdmaLevel--cdmaDbm = 2147483647
05-23 11:59:05.598  5662  5662 I hct_signal: getCdmaLevel--cdmaDbm = 2147483647
05-23 11:59:05.598  5662  5662 I hct_signal: getEvdoLevel -- evdoDbm = 2147483647
05-23 11:59:05.598  5662  5662 I hct_signal: getCdmaLevel--cdmaDbm = 2147483647
05-23 11:59:06.012  5428  5428 I hct_torch: [onReceive]intent=Intent { act=android.intent.action.BATTERY_CHANGED flg=0x60000010 (has extras) }
05-23 11:59:06.015  5428  5428 I PowerUI : mBatteryTemperature = 298 , mLastBatteryTemperature = 298
05-23 11:59:06.033  5095  6264 W AudioALSACaptureDataProviderNormal: readThread, latency_in_s,0.000002,0.039695,0.000076, totalTime 0.039773 > logTimeout 0.022000 TIMEOUT!!
05-23 11:59:06.713  5095  6264 W AudioALSACaptureDataProviderNormal: readThread, latency_in_s,0.000002,0.039794,0.000083, totalTime 0.039880 > logTimeout 0.022000 TIMEOUT!!
05-23 11:59:06.791   940   940 I BufferQueueProducer: [StatusBar#233](this:0xb4000070ae69bb90,id:-1,api:0,p:-1,c:940) queueBuffer: fps=0.50 dur=4023.66 max=3024.11 min=999.56
05-23 11:59:06.794   902   902 I hwcomposer: [HWCDisplay] setColorTransformForJob ccorr_state=1->0 hint=1 force_disable_color=0 identity=0
05-23 11:59:06.794   902   902 I hwcomposer: [HWCDisplay] [Display_0 (type:1)] fps:0.347045,dur:2881.47,max:2881.47,min:2881.47
05-23 11:59:06.795   902  1109 I hwcomposer: [DEV] 1024    0    0    0
05-23 11:59:06.795   902  1109 I hwcomposer: [DEV]    0  813    0    0
05-23 11:59:06.795   902  1109 I hwcomposer: [DEV]    0    0  613    0
05-23 11:59:06.795   902  1109 I hwcomposer: [DEV]    0    0    0 1024
05-23 11:59:06.795   902  1109 I hwcomposer: [DEV] [DEV] color transform: feature_flag=0
05-23 11:59:06.908   902  1108 I hwcomposer: [HWC] (0)fire a callback of refresh to SF[4]
05-23 11:59:06.929   940   940 I BufferQueueProducer: [FramebufferSurface](this:0xb40000705e4e7410,id:-1,api:1,p:940,c:940) queueBuffer: fps=0.33 dur=3017.31 max=3017.31 min=3017.31
05-23 11:59:06.930   902   902 I hwcomposer: [HWCDisplay] setColorTransformForJob ccorr_state=0->1 hint=0 force_disable_color=1 identity=1
05-23 11:59:06.931   902  1109 I hwcomposer: [DEV] [DEV] (Send identity matrix)
05-23 11:59:07.093  5095  6264 W AudioALSACaptureDataProviderNormal: readThread, latency_in_s,0.000003,0.039735,0.000071, totalTime 0.039808 > logTimeout 0.022000 TIMEOUT!!
05-23 11:59:07.273  5095  6264 W AudioALSACaptureDataProviderNormal: readThread, latency_in_s,0.000002,0.039797,0.000087, totalTime 0.039887 > logTimeout 0.022000 TIMEOUT!!
05-23 11:59:07.333  5095  6264 W AudioALSACaptureDataProviderNormal: readThread, latency_in_s,0.000002,0.039660,0.000078, totalTime 0.039741 > logTimeout 0.022000 TIMEOUT!!
05-23 11:59:07.792   902   902 I hwcomposer: [HWCDisplay] setColorTransformForJob ccorr_state=1->0 hint=1 force_disable_color=0 identity=0
05-23 11:59:07.793   902  1109 I hwcomposer: [DEV] 1024    0    0    0
05-23 11:59:07.793   902  1109 I hwcomposer: [DEV]    0  813    0    0
05-23 11:59:07.793   902  1109 I hwcomposer: [DEV]    0    0  613    0
05-23 11:59:07.793   902  1109 I hwcomposer: [DEV]    0    0    0 1024
05-23 11:59:07.793   902  1109 I hwcomposer: [DEV] [DEV] color transform: feature_flag=0
05-23 11:59:07.916   902  1108 I hwcomposer: [HWC] (0)fire a callback of refresh to SF[4]
05-23 11:59:07.935   940   940 I BufferQueueProducer: [FramebufferSurface](this:0xb40000705e4e7410,id:-1,api:1,p:940,c:940) queueBuffer: fps=0.99 dur=1005.65 max=1005.65 min=1005.65
05-23 11:59:07.936   902   902 I hwcomposer: [HWCDisplay] setColorTransformForJob ccorr_state=0->1 hint=0 force_disable_color=1 identity=1
05-23 11:59:07.936   902   902 I hwcomposer: [HWCDisplay] [Display_0 (type:1)] fps:2.627897,dur:1141.60,max:862.28,min:135.85
05-23 11:59:07.937   902  1109 I hwcomposer: [DEV] [DEV] (Send identity matrix)
05-23 11:59:08.353  5095  6264 W AudioALSACaptureDataProviderNormal: readThread, latency_in_s,0.000003,0.039574,0.000081, totalTime 0.039658 > logTimeout 0.022000 TIMEOUT!!
05-23 11:59:08.473  5095  6264 W AudioALSACaptureDataProviderNormal: readThread, latency_in_s,0.000002,0.039398,0.000090, totalTime 0.039490 > logTimeout 0.022000 TIMEOUT!!
05-23 11:59:08.795   940   940 I BufferQueueProducer: [StatusBar#233](this:0xb4000070ae69bb90,id:-1,api:0,p:-1,c:940) queueBuffer: fps=1.00 dur=2004.73 max=1005.83 min=998.90
05-23 11:59:08.799   902   902 I hwcomposer: [HWCDisplay] setColorTransformForJob ccorr_state=1->0 hint=1 force_disable_color=0 identity=0
05-23 11:59:08.799   902  1109 I hwcomposer: [DEV] 1024    0    0    0
05-23 11:59:08.800   902  1109 I hwcomposer: [DEV]    0  813    0    0
05-23 11:59:08.800   902  1109 I hwcomposer: [DEV]    0    0  613    0
05-23 11:59:08.800   902  1109 I hwcomposer: [DEV]    0    0    0 1024
05-23 11:59:08.800   902  1109 I hwcomposer: [DEV] [DEV] color transform: feature_flag=0
05-23 11:59:08.925   902  1108 I hwcomposer: [HWC] (0)fire a callback of refresh to SF[4]
05-23 11:59:08.941   940   940 I BufferQueueProducer: [FramebufferSurface](this:0xb40000705e4e7410,id:-1,api:1,p:940,c:940) queueBuffer: fps=0.99 dur=1005.99 max=1005.99 min=1005.99
05-23 11:59:08.942   902   902 I hwcomposer: [HWCDisplay] setColorTransformForJob ccorr_state=0->1 hint=0 force_disable_color=1 identity=1
05-23 11:59:08.942   902   902 I hwcomposer: [HWCDisplay] [Display_0 (type:1)] fps:1.988451,dur:1005.81,max:862.80,min:143.00
05-23 11:59:08.942   902  1109 I hwcomposer: [DEV] [DEV] (Send identity matrix)
05-23 11:59:09.693  5095  6264 W AudioALSACaptureDataProviderNormal: readThread, latency_in_s,0.000003,0.039557,0.000081, totalTime 0.039641 > logTimeout 0.022000 TIMEOUT!!
05-23 11:59:09.801   940   940 I BufferQueueProducer: [StatusBar#233](this:0xb4000070ae69bb90,id:-1,api:0,p:-1,c:940) queueBuffer: fps=0.99 dur=1005.72 max=1005.72 min=1005.72
05-23 11:59:09.804   902   902 I hwcomposer: [HWCDisplay] setColorTransformForJob ccorr_state=1->0 hint=1 force_disable_color=0 identity=0
05-23 11:59:09.805   902  1109 I hwcomposer: [DEV] 1024    0    0    0
05-23 11:59:09.805   902  1109 I hwcomposer: [DEV]    0  813    0    0
05-23 11:59:09.805   902  1109 I hwcomposer: [DEV]    0    0  613    0
05-23 11:59:09.805   902  1109 I hwcomposer: [DEV]    0    0    0 1024
05-23 11:59:09.805   902  1109 I hwcomposer: [DEV] [DEV] color transform: feature_flag=0
05-23 11:59:09.929   902  1108 I hwcomposer: [HWC] (0)fire a callback of refresh to SF[4]
05-23 11:59:09.946   940   940 I BufferQueueProducer: [FramebufferSurface](this:0xb40000705e4e7410,id:-1,api:1,p:940,c:940) queueBuffer: fps=0.99 dur=1005.12 max=1005.12 min=1005.12
05-23 11:59:09.947   902   902 I hwcomposer: [HWCDisplay] setColorTransformForJob ccorr_state=0->1 hint=0 force_disable_color=1 identity=1
05-23 11:59:09.947   902   902 I hwcomposer: [HWCDisplay] [Display_0 (type:1)] fps:1.989922,dur:1005.06,max:862.67,min:142.39
05-23 11:59:09.947   902  1109 I hwcomposer: [DEV] [DEV] (Send identity matrix)
05-23 11:59:09.953  5095  6264 W AudioALSACaptureDataProviderNormal: readThread, latency_in_s,0.000002,0.039828,0.000079, totalTime 0.039909 > logTimeout 0.022000 TIMEOUT!!
05-23 11:59:10.053  5095  6264 W AudioALSACaptureDataProviderNormal: readThread, latency_in_s,0.000002,0.039748,0.000084, totalTime 0.039835 > logTimeout 0.022000 TIMEOUT!!
05-23 11:59:10.213  5095  6264 W AudioALSACaptureDataProviderNormal: readThread, latency_in_s,0.000003,0.039755,0.000086, totalTime 0.039844 > logTimeout 0.022000 TIMEOUT!!
05-23 11:59:10.433  5095  6264 W AudioALSACaptureDataProviderNormal: readThread, latency_in_s,0.000002,0.039836,0.000080, totalTime 0.039918 > logTimeout 0.022000 TIMEOUT!!
05-23 11:59:10.653  5095  6264 W AudioALSACaptureDataProviderNormal: readThread, latency_in_s,0.000002,0.039722,0.000096, totalTime 0.039820 > logTimeout 0.022000 TIMEOUT!!
05-23 11:59:10.807   940   940 I BufferQueueProducer: [StatusBar#233](this:0xb4000070ae69bb90,id:-1,api:0,p:-1,c:940) queueBuffer: fps=0.99 dur=1005.76 max=1005.76 min=1005.76
05-23 11:59:10.810   902   902 I hwcomposer: [HWCDisplay] setColorTransformForJob ccorr_state=1->0 hint=1 force_disable_color=0 identity=0
05-23 11:59:10.811   902  1109 I hwcomposer: [DEV] 1024    0    0    0
05-23 11:59:10.811   902  1109 I hwcomposer: [DEV]    0  813    0    0
05-23 11:59:10.811   902  1109 I hwcomposer: [DEV]    0    0  613    0
05-23 11:59:10.811   902  1109 I hwcomposer: [DEV]    0    0    0 1024
05-23 11:59:10.811   902  1109 I hwcomposer: [DEV] [DEV] color transform: feature_flag=0
05-23 11:59:10.813  5095  6264 W AudioALSACaptureDataProviderNormal: readThread, latency_in_s,0.000002,0.039725,0.000093, totalTime 0.039821 > logTimeout 0.022000 TIMEOUT!!
05-23 11:59:10.853  5095  6264 W AudioALSACaptureDataProviderNormal: readThread, latency_in_s,0.000001,0.039648,0.000083, totalTime 0.039732 > logTimeout 0.022000 TIMEOUT!!
05-23 11:59:10.932   902  1108 I hwcomposer: [HWC] (0)fire a callback of refresh to SF[4]
05-23 11:59:10.952   940   940 I BufferQueueProducer: [FramebufferSurface](this:0xb40000705e4e7410,id:-1,api:1,p:940,c:940) queueBuffer: fps=0.99 dur=1005.57 max=1005.57 min=1005.57
05-23 11:59:10.952   902   902 I hwcomposer: [HWCDisplay] setColorTransformForJob ccorr_state=0->1 hint=0 force_disable_color=1 identity=1
05-23 11:59:10.952   902   902 I hwcomposer: [HWCDisplay] [Display_0 (type:1)] fps:1.989047,dur:1005.51,max:863.38,min:142.13
05-23 11:59:10.953   902  1109 I hwcomposer: [DEV] [DEV] (Send identity matrix)
05-23 11:59:10.973  5095  6264 W AudioALSACaptureDataProviderNormal: readThread, latency_in_s,0.000002,0.039911,0.000093, totalTime 0.040006 > logTimeout 0.022000 TIMEOUT!!
05-23 11:59:11.038  5662  5805 I hct_signal: getCdmaLevel--cdmaDbm = 2147483647
05-23 11:59:11.038  5662  5805 I hct_signal: getEvdoLevel -- evdoDbm = 2147483647
05-23 11:59:11.038  5662  5805 I hct_signal: getCdmaLevel--cdmaDbm = 2147483647
05-23 11:59:11.039  5662  5662 I hct_signal: getCdmaLevel--cdmaDbm = 2147483647
05-23 11:59:11.039  5662  5662 I hct_signal: getEvdoLevel -- evdoDbm = 2147483647
05-23 11:59:11.039  5662  5662 I hct_signal: getCdmaLevel--cdmaDbm = 2147483647
05-23 11:59:11.819   940   940 I BufferQueueProducer: [StatusBar#233](this:0xb4000070ae69bb90,id:-1,api:0,p:-1,c:940) queueBuffer: fps=0.99 dur=1012.45 max=1012.45 min=1012.45
05-23 11:59:11.822   902   902 I hwcomposer: [HWCDisplay] setColorTransformForJob ccorr_state=1->0 hint=1 force_disable_color=0 identity=0
05-23 11:59:11.823   902  1109 I hwcomposer: [DEV] 1024    0    0    0
05-23 11:59:11.823   902  1109 I hwcomposer: [DEV]    0  813    0    0
05-23 11:59:11.823   902  1109 I hwcomposer: [DEV]    0    0  613    0
05-23 11:59:11.823   902  1109 I hwcomposer: [DEV]    0    0    0 1024
05-23 11:59:11.823   902  1109 I hwcomposer: [DEV] [DEV] color transform: feature_flag=0
05-23 11:59:11.921   902  1108 I hwcomposer: [HWC] (0)fire a callback of refresh to SF[4]
05-23 11:59:11.942   902   902 I hwcomposer: [HWCDisplay] setColorTransformForJob ccorr_state=0->1 hint=0 force_disable_color=1 identity=1
05-23 11:59:11.943   902  1109 I hwcomposer: [DEV] [DEV] (Send identity matrix)
05-23 11:59:12.152   910   962 W AString : ctor got NULL, using empty string instead
05-23 11:59:12.152   910   962 I Gyroscope: write bias: [0.006295, 0.000080, 0.001508]
05-23 11:59:12.213  5095  6264 W AudioALSACaptureDataProviderNormal: readThread, latency_in_s,0.000002,0.039768,0.000079, totalTime 0.039849 > logTimeout 0.022000 TIMEOUT!!
05-23 11:59:12.413  5095  6264 W AudioALSACaptureDataProviderNormal: readThread, latency_in_s,0.000002,0.039724,0.000078, totalTime 0.039804 > logTimeout 0.022000 TIMEOUT!!
05-23 11:59:12.496  1213  1213 I thermal_repeater: [recvMdThermalInfo] ret=26, strLen=127,  3, 31, -5, 0, 32767, 9450
05-23 11:59:12.733  5095  6264 W AudioALSACaptureDataProviderNormal: readThread, latency_in_s,0.000002,0.039942,0.000091, totalTime 0.040035 > logTimeout 0.022000 TIMEOUT!!
05-23 11:59:12.825   940   940 I BufferQueueProducer: [StatusBar#233](this:0xb4000070ae69bb90,id:-1,api:0,p:-1,c:940) queueBuffer: fps=0.99 dur=1005.83 max=1005.83 min=1005.83
05-23 11:59:12.828   902   902 I hwcomposer: [HWCDisplay] setColorTransformForJob ccorr_state=1->0 hint=1 force_disable_color=0 identity=0
05-23 11:59:12.828   902   902 I hwcomposer: [HWCDisplay] [Display_0 (type:1)] fps:1.599266,dur:1875.86,max:885.77,min:119.88
05-23 11:59:12.829   902  1109 I hwcomposer: [DEV] 1024    0    0    0
05-23 11:59:12.829   902  1109 I hwcomposer: [DEV]    0  813    0    0
05-23 11:59:12.829   902  1109 I hwcomposer: [DEV]    0    0  613    0
05-23 11:59:12.829   902  1109 I hwcomposer: [DEV]    0    0    0 1024
05-23 11:59:12.829   902  1109 I hwcomposer: [DEV] [DEV] color transform: feature_flag=0
05-23 11:59:12.929   902  1108 I hwcomposer: [HWC] (0)fire a callback of refresh to SF[4]
05-23 11:59:12.947   940   940 I BufferQueueProducer: [FramebufferSurface](this:0xb40000705e4e7410,id:-1,api:1,p:940,c:940) queueBuffer: fps=1.00 dur=1995.14 max=1005.16 min=989.99
05-23 11:59:12.947   902   902 I hwcomposer: [HWCDisplay] setColorTransformForJob ccorr_state=0->1 hint=0 force_disable_color=1 identity=1
05-23 11:59:12.948   902  1109 I hwcomposer: [DEV] [DEV] (Send identity matrix)
05-23 11:59:13.213  5095  6264 W AudioALSACaptureDataProviderNormal: readThread, latency_in_s,0.000003,0.039716,0.000087, totalTime 0.039805 > logTimeout 0.022000 TIMEOUT!!
05-23 11:59:13.433  5095  6264 W AudioALSACaptureDataProviderNormal: readThread, latency_in_s,0.000002,0.039736,0.000092, totalTime 0.039831 > logTimeout 0.022000 TIMEOUT!!
05-23 11:59:13.593  5095  6264 W AudioALSACaptureDataProviderNormal: readThread, latency_in_s,0.000002,0.039804,0.000093, totalTime 0.039900 > logTimeout 0.022000 TIMEOUT!!
05-23 11:59:13.618  5662  5805 I hct_signal: getCdmaLevel--cdmaDbm = 2147483647
05-23 11:59:13.618  5662  5805 I hct_signal: getEvdoLevel -- evdoDbm = 2147483647
05-23 11:59:13.618  5662  5805 I hct_signal: getCdmaLevel--cdmaDbm = 2147483647
05-23 11:59:13.619  5662  5662 I hct_signal: getCdmaLevel--cdmaDbm = 2147483647
05-23 11:59:13.619  5662  5662 I hct_signal: getEvdoLevel -- evdoDbm = 2147483647
05-23 11:59:13.619  5662  5662 I hct_signal: getCdmaLevel--cdmaDbm = 2147483647
05-23 11:59:13.733  5095  6264 W AudioALSACaptureDataProviderNormal: readThread, latency_in_s,0.000002,0.039798,0.000090, totalTime 0.039890 > logTimeout 0.022000 TIMEOUT!!
05-23 11:59:13.881  9322  9581 E msgr.msys: E[D MCIAuxiliaryDBManagementGetReverbDatabaseWithFallback]MessengerEncryptedMessagingAuxDBManagementSessionlessImpl_MCIAuxiliaryDBManagementGetReverbDatabaseWithFallback(1083)=>reverb auxDB is null, going to retrieve the mainMsys DB instead
05-23 11:59:13.913  5095  6264 W AudioALSACaptureDataProviderNormal: readThread, latency_in_s,0.000002,0.039689,0.000096, totalTime 0.039787 > logTimeout 0.022000 TIMEOUT!!
05-23 11:59:13.993  5095  6264 W AudioALSACaptureDataProviderNormal: readThread, latency_in_s,0.000002,0.039858,0.000098, totalTime 0.039959 > logTimeout 0.022000 TIMEOUT!!
05-23 11:59:14.673  5095  6264 W AudioALSACaptureDataProviderNormal: readThread, latency_in_s,0.000002,0.039663,0.000076, totalTime 0.039741 > logTimeout 0.022000 TIMEOUT!!
05-23 11:59:14.757  5662  5805 I hct_signal: getCdmaLevel--cdmaDbm = 2147483647
05-23 11:59:14.757  5662  5805 I hct_signal: getEvdoLevel -- evdoDbm = 2147483647
05-23 11:59:14.757  5662  5805 I hct_signal: getCdmaLevel--cdmaDbm = 2147483647
05-23 11:59:14.759  5662  5662 I hct_signal: getCdmaLevel--cdmaDbm = 2147483647
05-23 11:59:14.759  5662  5662 I hct_signal: getEvdoLevel -- evdoDbm = 2147483647
05-23 11:59:14.759  5662  5662 I hct_signal: getCdmaLevel--cdmaDbm = 2147483647
05-23 11:59:14.820   940   940 I BufferQueueProducer: [StatusBar#233](this:0xb4000070ae69bb90,id:-1,api:0,p:-1,c:940) queueBuffer: fps=0.50 dur=1994.93 max=1994.93 min=1994.93
05-23 11:59:14.823   902   902 I hwcomposer: [HWCDisplay] setColorTransformForJob ccorr_state=1->0 hint=1 force_disable_color=0 identity=0
05-23 11:59:14.823   902   902 I hwcomposer: [HWCDisplay] [Display_0 (type:1)] fps:1.002535,dur:1994.94,max:1875.53,min:119.41
05-23 11:59:14.824   902  1109 I hwcomposer: [DEV] 1024    0    0    0
05-23 11:59:14.824   902  1109 I hwcomposer: [DEV]    0  813    0    0
05-23 11:59:14.824   902  1109 I hwcomposer: [DEV]    0    0  613    0
05-23 11:59:14.824   902  1109 I hwcomposer: [DEV]    0    0    0 1024
05-23 11:59:14.824   902  1109 I hwcomposer: [DEV] [DEV] color transform: feature_flag=0
05-23 11:59:14.941   902  1108 I hwcomposer: [HWC] (0)fire a callback of refresh to SF[4]
05-23 11:59:14.959   940   940 I BufferQueueProducer: [FramebufferSurface](this:0xb40000705e4e7410,id:-1,api:1,p:940,c:940) queueBuffer: fps=0.50 dur=2011.93 max=2011.93 min=2011.93
05-23 11:59:14.959   902   902 I hwcomposer: [HWCDisplay] setColorTransformForJob ccorr_state=0->1 hint=0 force_disable_color=1 identity=1
05-23 11:59:14.960   902  1109 I hwcomposer: [DEV] [DEV] (Send identity matrix)
05-23 11:59:15.116  6022 15173 I NetworkScheduler.Stats: (REDACTED) Task %s/%s started execution. cause:%s exec_start_elapsed_seconds: %s
05-23 11:59:15.131  6022 14506 I NetworkScheduler.Stats: (REDACTED) Task %s/%s finished executing. cause:%s result: %s elapsed_millis: %s uptime_millis: %s exec_start_elapsed_seconds: %s
05-23 11:59:15.133  5095  6264 W AudioALSACaptureDataProviderNormal: readThread, latency_in_s,0.000002,0.039770,0.000051, totalTime 0.039822 > logTimeout 0.022000 TIMEOUT!!
05-23 11:59:15.191  6022 15173 I NetworkScheduler.Stats: (REDACTED) Task %s/%s started execution. cause:%s exec_start_elapsed_seconds: %s
05-23 11:59:15.193  5095  6264 W AudioALSACaptureDataProviderNormal: readThread, latency_in_s,0.000001,0.039812,0.000052, totalTime 0.039865 > logTimeout 0.022000 TIMEOUT!!
05-23 11:59:15.233  5095  6264 W AudioALSACaptureDataProviderNormal: readThread, latency_in_s,0.000001,0.039705,0.000050, totalTime 0.039756 > logTimeout 0.022000 TIMEOUT!!
05-23 11:59:15.273  5095  6264 W AudioALSACaptureDataProviderNormal: readThread, latency_in_s,0.000001,0.039707,0.000061, totalTime 0.039769 > logTimeout 0.022000 TIMEOUT!!
05-23 11:59:15.287  5098 15839 I resolv  : GetAddrInfoHandler::run: {107 786539 107 983147 10154 0}
05-23 11:59:15.288  5098 15840 I resolv  : res_nmkquery: (QUERY, IN, A)
05-23 11:59:15.313  5095  6264 W AudioALSACaptureDataProviderNormal: readThread, latency_in_s,0.000001,0.039708,0.000077, totalTime 0.039785 > logTimeout 0.022000 TIMEOUT!!
05-23 11:59:15.313  5098 15840 I resolv  : res_nsend: used send_dg 165 terrno: 0
05-23 11:59:15.314  5098 15840 I resolv  : doQuery: rcode=0, ancount=8, return value=165
05-23 11:59:15.318  5662  5805 I hct_signal: getCdmaLevel--cdmaDbm = 2147483647
05-23 11:59:15.318  5662  5805 I hct_signal: getEvdoLevel -- evdoDbm = 2147483647
05-23 11:59:15.318  5662  5805 I hct_signal: getCdmaLevel--cdmaDbm = 2147483647
05-23 11:59:15.319  5662  5662 I hct_signal: getCdmaLevel--cdmaDbm = 2147483647
05-23 11:59:15.319  5662  5662 I hct_signal: getEvdoLevel -- evdoDbm = 2147483647
05-23 11:59:15.319  5662  5662 I hct_signal: getCdmaLevel--cdmaDbm = 2147483647
05-23 11:59:15.673  5095  6264 W AudioALSACaptureDataProviderNormal: readThread, latency_in_s,0.000002,0.039505,0.000080, totalTime 0.039587 > logTimeout 0.022000 TIMEOUT!!
05-23 11:59:15.813  5095  6264 W AudioALSACaptureDataProviderNormal: readThread, latency_in_s,0.000002,0.039745,0.000058, totalTime 0.039804 > logTimeout 0.022000 TIMEOUT!!
05-23 11:59:15.873  5095  6264 W AudioALSACaptureDataProviderNormal: readThread, latency_in_s,0.000002,0.039989,0.000080, totalTime 0.040070 > logTimeout 0.022000 TIMEOUT!!
05-23 11:59:16.093  5095  6264 W AudioALSACaptureDataProviderNormal: readThread, latency_in_s,0.000002,0.039763,0.000091, totalTime 0.039857 > logTimeout 0.022000 TIMEOUT!!
05-23 11:59:16.213  5095  6264 W AudioALSACaptureDataProviderNormal: readThread, latency_in_s,0.000002,0.039847,0.000062, totalTime 0.039911 > logTimeout 0.022000 TIMEOUT!!
05-23 11:59:16.293  5095  6264 W AudioALSACaptureDataProviderNormal: readThread, latency_in_s,0.000002,0.039824,0.000065, totalTime 0.039891 > logTimeout 0.022000 TIMEOUT!!
05-23 11:59:16.633  5095  6264 W AudioALSACaptureDataProviderNormal: readThread, latency_in_s,0.000002,0.039663,0.000074, totalTime 0.039740 > logTimeout 0.022000 TIMEOUT!!
05-23 11:59:16.693  5095  6264 W AudioALSACaptureDataProviderNormal: readThread, latency_in_s,0.000002,0.039788,0.000054, totalTime 0.039844 > logTimeout 0.022000 TIMEOUT!!
05-23 11:59:16.733  5095  6264 W AudioALSACaptureDataProviderNormal: readThread, latency_in_s,0.000001,0.039663,0.000054, totalTime 0.039718 > logTimeout 0.022000 TIMEOUT!!
05-23 11:59:16.813  5095  6264 W AudioALSACaptureDataProviderNormal: readThread, latency_in_s,0.000002,0.039882,0.000089, totalTime 0.039973 > logTimeout 0.022000 TIMEOUT!!
05-23 11:59:16.913  5095  6264 W AudioALSACaptureDataProviderNormal: readThread, latency_in_s,0.000002,0.039863,0.000085, totalTime 0.039950 > logTimeout 0.022000 TIMEOUT!!
05-23 11:59:17.153  5608  5691 I Tethering: [BpfCoordinator] onAlertReached
05-23 11:59:17.213  5095  6264 W AudioALSACaptureDataProviderNormal: readThread, latency_in_s,0.000002,0.039575,0.000122, totalTime 0.039700 > logTimeout 0.022000 TIMEOUT!!
05-23 11:59:17.253  5095  6264 W AudioALSACaptureDataProviderNormal: readThread, latency_in_s,0.000001,0.039625,0.000066, totalTime 0.039692 > logTimeout 0.022000 TIMEOUT!!
05-23 11:59:17.293  5095  6264 W AudioALSACaptureDataProviderNormal: readThread, latency_in_s,0.000001,0.039588,0.000067, totalTime 0.039656 > logTimeout 0.022000 TIMEOUT!!
